..\Drivers\BSP\Src\st7920.c:14:13:ST7920_PulseEnable	8	static
..\Drivers\BSP\Src\st7920.c:22:13:ST7920_Send	16	static
..\Drivers\BSP\Src\st7920.c:31:13:ST7920_SendCmd	16	static
..\Drivers\BSP\Src\st7920.c:45:13:ST7920_SendData	16	static
..\Drivers\BSP\Src\st7920.c:51:6:ST7920_Init	8	static
..\Drivers\BSP\Src\st7920.c:73:6:ST7920_ClearText	8	static
..\Drivers\BSP\Src\st7920.c:78:6:ST7920_Home	8	static
..\Drivers\BSP\Src\st7920.c:83:6:ST7920_SetCursor	24	static
..\Drivers\BSP\Src\st7920.c:99:6:ST7920_WriteChar	16	static
..\Drivers\BSP\Src\st7920.c:104:6:ST7920_WriteString	16	static
..\Drivers\BSP\Src\st7920.c:112:6:ST7920_GraphicMode	16	static
..\Drivers\BSP\Src\st7920.c:126:6:ST7920_ClearGraphic	16	static
..\Drivers\BSP\Src\st7920.c:145:6:ST7920_Update	24	static
