..\Drivers\BSP\Src\vehicle_motors.c:77:13:Motor_InitOne	56	static
..\Drivers\BSP\Src\vehicle_motors.c:106:13:Motor_SetSignedSpeed	24	static
..\Drivers\BSP\Src\vehicle_motors.c:139:13:LeftSide_SetSignedSpeed	16	static
..\Drivers\BSP\Src\vehicle_motors.c:148:13:RightSide_SetSignedSpeed	16	static
..\Drivers\BSP\Src\vehicle_motors.c:162:26:Motor_GetHandle	16	static
..\Drivers\BSP\Src\vehicle_motors.c:174:13:I2C3_Lock	8	static
..\Drivers\BSP\Src\vehicle_motors.c:182:13:I2C3_Unlock	8	static
..\Drivers\BSP\Src\vehicle_motors.c:195:6:VehicleMotors_Init	24	static
..\Drivers\BSP\Src\vehicle_motors.c:236:6:VehicleMotors_HasError	4	static
..\Drivers\BSP\Src\vehicle_motors.c:245:6:VehicleMotors_SetLeftRight	16	static
..\Drivers\BSP\Src\vehicle_motors.c:251:6:VehicleMotors_AllCoast	8	static
..\Drivers\BSP\Src\vehicle_motors.c:262:6:VehicleMotors_SetOne	16	static
..\Drivers\BSP\Src\vehicle_motors.c:296:6:VehicleMotors_ReadOneFaultPin	24	static
..\Drivers\BSP\Src\vehicle_motors.c:310:6:VehicleMotors_ReadOneRipple	24	static
..\Drivers\BSP\Src\vehicle_motors.c:325:6:VehicleMotors_SetI2C3Mutex	16	static
