../Drivers/Modules/Src/drv8234.c:73:18:DRV8234_WriteReg	32	static
../Drivers/Modules/Src/drv8234.c:91:18:DRV8234_ReadReg	40	static
../Drivers/Modules/Src/drv8234.c:119:18:DRV8234_ModifyReg	24	static
../Drivers/Modules/Src/drv8234.c:132:18:DRV8234_Init	24	static
../Drivers/Modules/Src/drv8234.c:227:18:DRV8234_DeInit	16	static
../Drivers/Modules/Src/drv8234.c:238:18:DRV8234_Sleep	16	static
../Drivers/Modules/Src/drv8234.c:247:18:DRV8234_Wake	16	static
../Drivers/Modules/Src/drv8234.c:258:6:DRV8234_IsAsleep	16	static
../Drivers/Modules/Src/drv8234.c:269:18:DRV8234_SetBridgeMode	16	static
../Drivers/Modules/Src/drv8234.c:283:18:DRV8234_Drive	24	static
../Drivers/Modules/Src/drv8234.c:325:18:DRV8234_Brake	24	static
../Drivers/Modules/Src/drv8234.c:353:18:DRV8234_Coast	24	static
../Drivers/Modules/Src/drv8234.c:371:18:DRV8234_SetPWMDutyCycle	24	static
../Drivers/Modules/Src/drv8234.c:402:18:DRV8234_ReadFault	24	static
../Drivers/Modules/Src/drv8234.c:422:6:DRV8234_IsFaultActive	24	static
../Drivers/Modules/Src/drv8234.c:436:18:DRV8234_ClearFault	24	static
../Drivers/Modules/Src/drv8234.c:472:18:DRV8234_EnableRippleCounting	24	static
../Drivers/Modules/Src/drv8234.c:507:18:DRV8234_ReadRippleSpeedRaw	16	static
