Archive member included to satisfy reference by file (symbol)

C:/ST/STM32CubeIDE_1.19.0/STM32CubeIDE/plugins/com.st.stm32cube.ide.mcu.externaltools.gnu-tools-for-stm32.13.3.rel1.win32_1.0.0.202411081344/tools/bin/../lib/gcc/arm-none-eabi/13.3.1/../../../../arm-none-eabi/lib/thumb/v7e-m+fp/hard\libc_nano.a(libc_a-exit.o)
                              C:/ST/STM32CubeIDE_1.19.0/STM32CubeIDE/plugins/com.st.stm32cube.ide.mcu.externaltools.gnu-tools-for-stm32.13.3.rel1.win32_1.0.0.202411081344/tools/bin/../lib/gcc/arm-none-eabi/13.3.1/../../../../arm-none-eabi/lib/thumb/v7e-m+fp/hard/crt0.o (exit)
C:/ST/STM32CubeIDE_1.19.0/STM32CubeIDE/plugins/com.st.stm32cube.ide.mcu.externaltools.gnu-tools-for-stm32.13.3.rel1.win32_1.0.0.202411081344/tools/bin/../lib/gcc/arm-none-eabi/13.3.1/../../../../arm-none-eabi/lib/thumb/v7e-m+fp/hard\libc_nano.a(libc_a-findfp.o)
                              ./Middlewares/Third_Party/FreeRTOS/Source/tasks.o (__sf)
C:/ST/STM32CubeIDE_1.19.0/STM32CubeIDE/plugins/com.st.stm32cube.ide.mcu.externaltools.gnu-tools-for-stm32.13.3.rel1.win32_1.0.0.202411081344/tools/bin/../lib/gcc/arm-none-eabi/13.3.1/../../../../arm-none-eabi/lib/thumb/v7e-m+fp/hard\libc_nano.a(libc_a-fwalk.o)
                              C:/ST/STM32CubeIDE_1.19.0/STM32CubeIDE/plugins/com.st.stm32cube.ide.mcu.externaltools.gnu-tools-for-stm32.13.3.rel1.win32_1.0.0.202411081344/tools/bin/../lib/gcc/arm-none-eabi/13.3.1/../../../../arm-none-eabi/lib/thumb/v7e-m+fp/hard\libc_nano.a(libc_a-findfp.o) (_fwalk_sglue)
C:/ST/STM32CubeIDE_1.19.0/STM32CubeIDE/plugins/com.st.stm32cube.ide.mcu.externaltools.gnu-tools-for-stm32.13.3.rel1.win32_1.0.0.202411081344/tools/bin/../lib/gcc/arm-none-eabi/13.3.1/../../../../arm-none-eabi/lib/thumb/v7e-m+fp/hard\libc_nano.a(libc_a-snprintf.o)
                              ./App/Src/vehicle_display.o (snprintf)
C:/ST/STM32CubeIDE_1.19.0/STM32CubeIDE/plugins/com.st.stm32cube.ide.mcu.externaltools.gnu-tools-for-stm32.13.3.rel1.win32_1.0.0.202411081344/tools/bin/../lib/gcc/arm-none-eabi/13.3.1/../../../../arm-none-eabi/lib/thumb/v7e-m+fp/hard\libc_nano.a(libc_a-sscanf.o)
                              ./App/Src/vehicle_control.o (sscanf)
C:/ST/STM32CubeIDE_1.19.0/STM32CubeIDE/plugins/com.st.stm32cube.ide.mcu.externaltools.gnu-tools-for-stm32.13.3.rel1.win32_1.0.0.202411081344/tools/bin/../lib/gcc/arm-none-eabi/13.3.1/../../../../arm-none-eabi/lib/thumb/v7e-m+fp/hard\libc_nano.a(libc_a-stdio.o)
                              C:/ST/STM32CubeIDE_1.19.0/STM32CubeIDE/plugins/com.st.stm32cube.ide.mcu.externaltools.gnu-tools-for-stm32.13.3.rel1.win32_1.0.0.202411081344/tools/bin/../lib/gcc/arm-none-eabi/13.3.1/../../../../arm-none-eabi/lib/thumb/v7e-m+fp/hard\libc_nano.a(libc_a-findfp.o) (__sread)
C:/ST/STM32CubeIDE_1.19.0/STM32CubeIDE/plugins/com.st.stm32cube.ide.mcu.externaltools.gnu-tools-for-stm32.13.3.rel1.win32_1.0.0.202411081344/tools/bin/../lib/gcc/arm-none-eabi/13.3.1/../../../../arm-none-eabi/lib/thumb/v7e-m+fp/hard\libc_nano.a(libc_a-memset.o)
                              C:/ST/STM32CubeIDE_1.19.0/STM32CubeIDE/plugins/com.st.stm32cube.ide.mcu.externaltools.gnu-tools-for-stm32.13.3.rel1.win32_1.0.0.202411081344/tools/bin/../lib/gcc/arm-none-eabi/13.3.1/../../../../arm-none-eabi/lib/thumb/v7e-m+fp/hard/crt0.o (memset)
C:/ST/STM32CubeIDE_1.19.0/STM32CubeIDE/plugins/com.st.stm32cube.ide.mcu.externaltools.gnu-tools-for-stm32.13.3.rel1.win32_1.0.0.202411081344/tools/bin/../lib/gcc/arm-none-eabi/13.3.1/../../../../arm-none-eabi/lib/thumb/v7e-m+fp/hard\libc_nano.a(libc_a-strncmp.o)
                              ./App/Src/vehicle_display.o (strncmp)
C:/ST/STM32CubeIDE_1.19.0/STM32CubeIDE/plugins/com.st.stm32cube.ide.mcu.externaltools.gnu-tools-for-stm32.13.3.rel1.win32_1.0.0.202411081344/tools/bin/../lib/gcc/arm-none-eabi/13.3.1/../../../../arm-none-eabi/lib/thumb/v7e-m+fp/hard\libc_nano.a(libc_a-strncpy.o)
                              ./App/Src/vehicle_display.o (strncpy)
C:/ST/STM32CubeIDE_1.19.0/STM32CubeIDE/plugins/com.st.stm32cube.ide.mcu.externaltools.gnu-tools-for-stm32.13.3.rel1.win32_1.0.0.202411081344/tools/bin/../lib/gcc/arm-none-eabi/13.3.1/../../../../arm-none-eabi/lib/thumb/v7e-m+fp/hard\libc_nano.a(libc_a-closer.o)
                              C:/ST/STM32CubeIDE_1.19.0/STM32CubeIDE/plugins/com.st.stm32cube.ide.mcu.externaltools.gnu-tools-for-stm32.13.3.rel1.win32_1.0.0.202411081344/tools/bin/../lib/gcc/arm-none-eabi/13.3.1/../../../../arm-none-eabi/lib/thumb/v7e-m+fp/hard\libc_nano.a(libc_a-stdio.o) (_close_r)
C:/ST/STM32CubeIDE_1.19.0/STM32CubeIDE/plugins/com.st.stm32cube.ide.mcu.externaltools.gnu-tools-for-stm32.13.3.rel1.win32_1.0.0.202411081344/tools/bin/../lib/gcc/arm-none-eabi/13.3.1/../../../../arm-none-eabi/lib/thumb/v7e-m+fp/hard\libc_nano.a(libc_a-reent.o)
                              ./Middlewares/Third_Party/FreeRTOS/Source/tasks.o (_reclaim_reent)
[...]
Memory Configuration

Name             Origin             Length             Attributes
CCMRAM           0x10000000         0x00010000         xrw
RAM              0x20000000         0x00020000         xrw
FLASH            0x08000000         0x00100000         xr
*default*        0x00000000         0xffffffff

Linker script and memory map

LOAD C:/ST/STM32CubeIDE_1.19.0/STM32CubeIDE/plugins/com.st.stm32cube.ide.mcu.externaltools.gnu-tools-for-stm32.13.3.rel1.win32_1.0.0.202411081344/tools/bin/../lib/gcc/arm-none-eabi/13.3.1/thumb/v7e-m+fp/hard/crti.o
LOAD C:/ST/STM32CubeIDE_1.19.0/STM32CubeIDE/plugins/com.st.stm32cube.ide.mcu.externaltools.gnu-tools-for-stm32.13.3.rel1.win32_1.0.0.202411081344/tools/bin/../lib/gcc/arm-none-eabi/13.3.1/thumb/v7e-m+fp/hard/crtbegin.o
LOAD C:/ST/STM32CubeIDE_1.19.0/STM32CubeIDE/plugins/com.st.stm32cube.ide.mcu.externaltools.gnu-tools-for-stm32.13.3.rel1.win32_1.0.0.202411081344/tools/bin/../lib/gcc/arm-none-eabi/13.3.1/../../../../arm-none-eabi/lib/thumb/v7e-m+fp/hard/crt0.o
LOAD ./App/Src/vehicle_control.o
LOAD ./App/Src/vehicle_diagnostic.o
LOAD ./App/Src/vehicle_display.o
LOAD ./App/Src/vehicle_display_data.o
LOAD ./App/Src/vehicle_display_diag.o
LOAD ./App/Src/vehicle_status_led.o
LOAD ./App/Src/vehicle_tasks.o
LOAD ./Core/Src/freertos.o
LOAD ./Core/Src/main.o
LOAD ./Core/Src/stm32f4xx_hal_msp.o
LOAD ./Core/Src/stm32f4xx_hal_timebase_tim.o
LOAD ./Core/Src/stm32f4xx_it.o
LOAD ./Core/Src/syscalls.o
LOAD ./Core/Src/sysmem.o
LOAD ./Core/Src/system_stm32f4xx.o
LOAD ./Core/Startup/startup_stm32f407vgtx.o
LOAD ./Drivers/BSP/Src/pcf8574.o
LOAD ./Drivers/BSP/Src/rcwl1601.o
LOAD ./Drivers/BSP/Src/sharp_2y0a21.o
LOAD ./Drivers/BSP/Src/st7920.o
LOAD ./Drivers/BSP/Src/st7920_port.o
LOAD ./Drivers/BSP/Src/uart_rx_frame.o
LOAD ./Drivers/BSP/Src/usb_vcp_driver.o
LOAD ./Drivers/BSP/Src/vehicle_motors.o
LOAD ./Drivers/Modules/Src/drv8234.o
LOAD ./Drivers/Modules/Src/font5x7.o
LOAD ./Drivers/Modules/Src/gfx.o
LOAD ./Drivers/Modules/Src/line_sensor.o
LOAD ./Drivers/Modules/Src/vcp.o
LOAD ./Drivers/STM32F4xx_HAL_Driver/Src/stm32f4xx_hal.o
LOAD ./Drivers/STM32F4xx_HAL_Driver/Src/stm32f4xx_hal_adc.o
LOAD ./Drivers/STM32F4xx_HAL_Driver/Src/stm32f4xx_hal_adc_ex.o
LOAD ./Drivers/STM32F4xx_HAL_Driver/Src/stm32f4xx_hal_cortex.o
LOAD ./Drivers/STM32F4xx_HAL_Driver/Src/stm32f4xx_hal_dma.o
LOAD ./Drivers/STM32F4xx_HAL_Driver/Src/stm32f4xx_hal_dma_ex.o
LOAD ./Drivers/STM32F4xx_HAL_Driver/Src/stm32f4xx_hal_exti.o
LOAD ./Drivers/STM32F4xx_HAL_Driver/Src/stm32f4xx_hal_flash.o
LOAD ./Drivers/STM32F4xx_HAL_Driver/Src/stm32f4xx_hal_flash_ex.o
LOAD ./Drivers/STM32F4xx_HAL_Driver/Src/stm32f4xx_hal_flash_ramfunc.o
LOAD ./Drivers/STM32F4xx_HAL_Driver/Src/stm32f4xx_hal_gpio.o
LOAD ./Drivers/STM32F4xx_HAL_Driver/Src/stm32f4xx_hal_i2c.o
LOAD ./Drivers/STM32F4xx_HAL_Driver/Src/stm32f4xx_hal_i2c_ex.o
LOAD ./Drivers/STM32F4xx_HAL_Driver/Src/stm32f4xx_hal_i2s.o
LOAD ./Drivers/STM32F4xx_HAL_Driver/Src/stm32f4xx_hal_i2s_ex.o
LOAD ./Drivers/STM32F4xx_HAL_Driver/Src/stm32f4xx_hal_pcd.o
LOAD ./Drivers/STM32F4xx_HAL_Driver/Src/stm32f4xx_hal_pcd_ex.o
LOAD ./Drivers/STM32F4xx_HAL_Driver/Src/stm32f4xx_hal_pwr.o
LOAD ./Drivers/STM32F4xx_HAL_Driver/Src/stm32f4xx_hal_pwr_ex.o
LOAD ./Drivers/STM32F4xx_HAL_Driver/Src/stm32f4xx_hal_rcc.o
LOAD ./Drivers/STM32F4xx_HAL_Driver/Src/stm32f4xx_hal_rcc_ex.o
LOAD ./Drivers/STM32F4xx_HAL_Driver/Src/stm32f4xx_hal_tim.o
LOAD ./Drivers/STM32F4xx_HAL_Driver/Src/stm32f4xx_hal_tim_ex.o
LOAD ./Drivers/STM32F4xx_HAL_Driver/Src/stm32f4xx_hal_uart.o
LOAD ./Drivers/STM32F4xx_HAL_Driver/Src/stm32f4xx_ll_usb.o
LOAD ./Middlewares/ST/STM32_USB_Device_Library/Class/CDC/Src/usbd_cdc.o
LOAD ./Middlewares/ST/STM32_USB_Device_Library/Core/Src/usbd_core.o
LOAD ./Middlewares/ST/STM32_USB_Device_Library/Core/Src/usbd_ctlreq.o
LOAD ./Middlewares/ST/STM32_USB_Device_Library/Core/Src/usbd_ioreq.o
LOAD ./Middlewares/Third_Party/FreeRTOS/Source/CMSIS_RTOS_V2/cmsis_os2.o
LOAD ./Middlewares/Third_Party/FreeRTOS/Source/croutine.o
LOAD ./Middlewares/Third_Party/FreeRTOS/Source/event_groups.o
LOAD ./Middlewares/Third_Party/FreeRTOS/Source/list.o
LOAD ./Middlewares/Third_Party/FreeRTOS/Source/queue.o
LOAD ./Middlewares/Third_Party/FreeRTOS/Source/stream_buffer.o
LOAD ./Middlewares/Third_Party/FreeRTOS/Source/tasks.o
LOAD ./Middlewares/Third_Party/FreeRTOS/Source/timers.o
LOAD ./Middlewares/Third_Party/FreeRTOS/Source/portable/GCC/ARM_CM4F/port.o
LOAD ./Middlewares/Third_Party/FreeRTOS/Source/portable/MemMang/heap_4.o
LOAD ./USB_DEVICE/App/usb_device.o
LOAD ./USB_DEVICE/App/usbd_cdc_if.o
LOAD ./USB_DEVICE/App/usbd_desc.o
LOAD ./USB_DEVICE/Target/usbd_conf.o
START GROUP
LOAD C:/ST/STM32CubeIDE_1.19.0/STM32CubeIDE/plugins/com.st.stm32cube.ide.mcu.externaltools.gnu-tools-for-stm32.13.3.rel1.win32_1.0.0.202411081344/tools/bin/../lib/gcc/arm-none-eabi/13.3.1/../../../../arm-none-eabi/lib/thumb/v7e-m+fp/hard\libc_nano.a
LOAD C:/ST/STM32CubeIDE_1.19.0/STM32CubeIDE/plugins/com.st.stm32cube.ide.mcu.externaltools.gnu-tools-for-stm32.13.3.rel1.win32_1.0.0.202411081344/tools/bin/../lib/gcc/arm-none-eabi/13.3.1/../../../../arm-none-eabi/lib/thumb/v7e-m+fp/hard\libm.a
END GROUP
START GROUP
LOAD C:/ST/STM32CubeIDE_1.19.0/STM32CubeIDE/plugins/com.st.stm32cube.ide.mcu.externaltools.gnu-tools-for-stm32.13.3.rel1.win32_1.0.0.202411081344/tools/bin/../lib/gcc/arm-none-eabi/13.3.1/thumb/v7e-m+fp/hard\libgcc.a
LOAD C:/ST/STM32CubeIDE_1.19.0/STM32CubeIDE/plugins/com.st.stm32cube.ide.mcu.externaltools.gnu-tools-for-stm32.13.3.rel1.win32_1.0.0.202411081344/tools/bin/../lib/gcc/arm-none-eabi/13.3.1/../../../../arm-none-eabi/lib/thumb/v7e-m+fp/hard\libc_nano.a
END GROUP
START GROUP
LOAD C:/ST/STM32CubeIDE_1.19.0/STM32CubeIDE/plugins/com.st.stm32cube.ide.mcu.externaltools.gnu-tools-for-stm32.13.3.rel1.win32_1.0.0.202411081344/tools/bin/../lib/gcc/arm-none-eabi/13.3.1/thumb/v7e-m+fp/hard\libgcc.a
LOAD C:/ST/STM32CubeIDE_1.19.0/STM32CubeIDE/plugins/com.st.stm32cube.ide.mcu.externaltools.gnu-tools-for-stm32.13.3.rel1.win32_1.0.0.202411081344/tools/bin/../lib/gcc/arm-none-eabi/13.3.1/../../../../arm-none-eabi/lib/thumb/v7e-m+fp/hard\libc_nano.a
LOAD C:/ST/STM32CubeIDE_1.19.0/STM32CubeIDE/plugins/com.st.stm32cube.ide.mcu.externaltools.gnu-tools-for-stm32.13.3.rel1.win32_1.0.0.202411081344/tools/bin/../lib/gcc/arm-none-eabi/13.3.1/../../../../arm-none-eabi/lib/thumb/v7e-m+fp/hard\libnosys.a
END GROUP
START GROUP
LOAD C:/ST/STM32CubeIDE_1.19.0/STM32CubeIDE/plugins/com.st.stm32cube.ide.mcu.externaltools.gnu-tools-for-stm32.13.3.rel1.win32_1.0.0.202411081344/tools/bin/../lib/gcc/arm-none-eabi/13.3.1/thumb/v7e-m+fp/hard\libgcc.a
LOAD C:/ST/STM32CubeIDE_1.19.0/STM32CubeIDE/plugins/com.st.stm32cube.ide.mcu.externaltools.gnu-tools-for-stm32.13.3.rel1.win32_1.0.0.202411081344/tools/bin/../lib/gcc/arm-none-eabi/13.3.1/../../../../arm-none-eabi/lib/thumb/v7e-m+fp/hard\libc_nano.a
LOAD C:/ST/STM32CubeIDE_1.19.0/STM32CubeIDE/plugins/com.st.stm32cube.ide.mcu.externaltools.gnu-tools-for-stm32.13.3.rel1.win32_1.0.0.202411081344/tools/bin/../lib/gcc/arm-none-eabi/13.3.1/../../../../arm-none-eabi/lib/thumb/v7e-m+fp/hard\libnosys.a
END GROUP
LOAD C:/ST/STM32CubeIDE_1.19.0/STM32CubeIDE/plugins/com.st.stm32cube.ide.mcu.externaltools.gnu-tools-for-stm32.13.3.rel1.win32_1.0.0.202411081344/tools/bin/../lib/gcc/arm-none-eabi/13.3.1/thumb/v7e-m+fp/hard/crtend.o
LOAD C:/ST/STM32CubeIDE_1.19.0/STM32CubeIDE/plugins/com.st.stm32cube.ide.mcu.externaltools.gnu-tools-for-stm32.13.3.rel1.win32_1.0.0.202411081344/tools/bin/../lib/gcc/arm-none-eabi/13.3.1/thumb/v7e-m+fp/hard/crtn.o
                0x20020000                        _estack = (ORIGIN (RAM) + LENGTH (RAM))
                0x00000200                        _Min_Heap_Size = 0x200
                0x00000400                        _Min_Stack_Size = 0x400

.isr_vector     0x08000000      0x188
                0x08000000                        . = ALIGN (0x4)
 *(.isr_vector)
 .isr_vector    0x08000000      0x188 ./Core/Startup/startup_stm32f407vgtx.o
                0x08000000                g_pfnVectors
                0x08000188                        . = ALIGN (0x4)

.text           0x08000190    0x12d2c
                0x08000190                        . = ALIGN (0x4)
 *(.text)
 .text          0x08000190       0x40 C:/ST/STM32CubeIDE_1.19.0/STM32CubeIDE/plugins/com.st.stm32cube.ide.mcu.externaltools.gnu-tools-for-stm32.13.3.rel1.win32_1.0.0.202411081344/tools/bin/../lib/gcc/arm-none-eabi/13.3.1/thumb/v7e-m+fp/hard/crtbegin.o
 .text          0x080001d0       0x10 C:/ST/STM32CubeIDE_1.19.0/STM32CubeIDE/plugins/com.st.stm32cube.ide.mcu.externaltools.gnu-tools-for-stm32.13.3.rel1.win32_1.0.0.202411081344/tools/bin/../lib/gcc/arm-none-eabi/13.3.1/../../../../arm-none-eabi/lib/thumb/v7e-m+fp/hard\libc_nano.a(libc_a-strlen.o)
                0x080001d0                strlen
 .text          0x080001e0       0xa0 C:/ST/STM32CubeIDE_1.19.0/STM32CubeIDE/plugins/com.st.stm32cube.ide.mcu.externaltools.gnu-tools-for-stm32.13.3.rel1.win32_1.0.0.202411081344/tools/bin/../lib/gcc/arm-none-eabi/13.3.1/../../../../arm-none-eabi/lib/thumb/v7e-m+fp/hard\libc_nano.a(libc_a-memchr.o)
                0x080001e0                memchr
 .text          0x08000280       0x30 C:/ST/STM32CubeIDE_1.19.0/STM32CubeIDE/plugins/com.st.stm32cube.ide.mcu.externaltools.gnu-tools-for-stm32.13.3.rel1.win32_1.0.0.202411081344/tools/bin/../lib/gcc/arm-none-eabi/13.3.1/thumb/v7e-m+fp/hard\libgcc.a(_aeabi_uldivmod.o)
                0x08000280                __aeabi_uldivmod
 .text          0x080002b0      0x2f8 C:/ST/STM32CubeIDE_1.19.0/STM32CubeIDE/plugins/com.st.stm32cube.ide.mcu.externaltools.gnu-tools-for-stm32.13.3.rel1.win32_1.0.0.202411081344/tools/bin/../lib/gcc/arm-none-eabi/13.3.1/thumb/v7e-m+fp/hard\libgcc.a(_udivmoddi4.o)
                0x080002b0                __udivmoddi4
 .text          0x080005a8        0x4 C:/ST/STM32CubeIDE_1.19.0/STM32CubeIDE/plugins/com.st.stm32cube.ide.mcu.externaltools.gnu-tools-for-stm32.13.3.rel1.win32_1.0.0.202411081344/tools/bin/../lib/gcc/arm-none-eabi/13.3.1/thumb/v7e-m+fp/hard\libgcc.a(_dvmd_tls.o)
                0x080005a8                __aeabi_idiv0
                0x080005a8                __aeabi_ldiv0
 *(.text*)
 .text.clamp100
                0x080005ac       0x36 ./App/Src/vehicle_control.o
 *fill*         0x080005e2        0x2 
 .text.VehicleControl_ResetAutoState
                0x080005e4       0x54 ./App/Src/vehicle_control.o
 .text.MotorCommand_Clear
                0x08000638       0x40 ./App/Src/vehicle_control.o
 .text.VehicleControl_ModeToState
                0x08000678       0x4c ./App/Src/vehicle_control.o
 .text.VehicleControl_UpdateAutoEnable
                0x080006c4       0x8c ./App/Src/vehicle_control.o
 .text.BuildIdleMotorCommand
                0x08000750       0x16 ./App/Src/vehicle_control.o
 *fill*         0x08000766        0x2 
 .text.BuildManualMotorCommand
                0x08000768       0x9c ./App/Src/vehicle_control.o
 .text.BuildLineFollowMotorCommand
                0x08000804       0x3c ./App/Src/vehicle_control.o
 .text.BuildObstacleAvoidMotorCommand
                0x08000840       0x4c ./App/Src/vehicle_control.o
 .text.BuildDiagnosticMotorCommand
                0x0800088c       0x16 ./App/Src/vehicle_control.o
 .text.BuildFailsafeMotorCommand
                0x080008a2       0x16 ./App/Src/vehicle_control.o
 .text.VehicleControl_Init
                0x080008b8       0x28 ./App/Src/vehicle_control.o
                0x080008b8                VehicleControl_Init
 .text.VehicleControl_ParseFrame
                0x080008e0      0x17c ./App/Src/vehicle_control.o
                0x080008e0                VehicleControl_ParseFrame
 .text.VehicleControl_ProcessCommand
                0x08000a5c       0x4c ./App/Src/vehicle_control.o
                0x08000a5c                VehicleControl_ProcessCommand
 .text.VehicleControl_OnTimeout
                0x08000aa8       0x18 ./App/Src/vehicle_control.o
                0x08000aa8                VehicleControl_OnTimeout
 .text.VehicleControl_GetMotorCommand
                0x08000ac0       0x80 ./App/Src/vehicle_control.o
                0x08000ac0                VehicleControl_GetMotorCommand
 .text.VehicleControl_GetState
                0x08000b40       0x18 ./App/Src/vehicle_control.o
                0x08000b40                VehicleControl_GetState
 .text.VehicleControl_GetLastCommand
                0x08000b58       0x38 ./App/Src/vehicle_control.o
                0x08000b58                VehicleControl_GetLastCommand
 .text.VehicleControl_IsLineFollowEnabled
                0x08000b90       0x18 ./App/Src/vehicle_control.o
                0x08000b90                VehicleControl_IsLineFollowEnabled
 .text.VehicleControl_IsObstacleAvoidEnabled
                0x08000ba8       0x18 ./App/Src/vehicle_control.o
                0x08000ba8                VehicleControl_IsObstacleAvoidEnabled
 .text.RisingEdge
                0x08000bc0       0x2e ./App/Src/vehicle_diagnostic.o
 *fill*         0x08000bee        0x2 
 .text.GetMenuItemCount
                0x08000bf0       0x64 ./App/Src/vehicle_diagnostic.o
 .text.HandleUpButton
                0x08000c54       0x5c ./App/Src/vehicle_diagnostic.o
 .text.HandleDownButton
                0x08000cb0       0x7c ./App/Src/vehicle_diagnostic.o
 .text.HandleLeftButton
                0x08000d2c        0xe ./App/Src/vehicle_diagnostic.o
 .text.HandleEnterButton
                0x08000d3a       0x16 ./App/Src/vehicle_diagnostic.o
 .text.HandleStopButton
                0x08000d50        0xe ./App/Src/vehicle_diagnostic.o
 *fill*         0x08000d5e        0x2 
 .text.VehicleDiagnostic_Init
                0x08000d60       0x34 ./App/Src/vehicle_diagnostic.o
                0x08000d60                VehicleDiagnostic_Init
 .text.VehicleDiagnostic_GetContext
                0x08000d94       0x3c ./App/Src/vehicle_diagnostic.o
                0x08000d94                VehicleDiagnostic_GetContext
 .text.VehicleDiagnostic_ProcessCommand
                0x08000dd0       0xd0 ./App/Src/vehicle_diagnostic.o
                0x08000dd0                VehicleDiagnostic_ProcessCommand
 .text.VehicleDiagnostic_GetSelectedMotor
                0x08000ea0       0x26 ./App/Src/vehicle_diagnostic.o
                0x08000ea0                VehicleDiagnostic_GetSelectedMotor
 .text.VehicleDisplay_WriteLineIfChanged
                0x08000ec6       0x48 ./App/Src/vehicle_display.o
                0x08000ec6                VehicleDisplay_WriteLineIfChanged
 *fill*         0x08000f0e        0x2 
 .text.VehicleDisplay_BuildLines
                0x08000f10       0xb0 ./App/Src/vehicle_display.o
                0x08000f10                VehicleDisplay_BuildLines
 .text.BuildFailsafeDisplay
                0x08000fc0       0x58 ./App/Src/vehicle_display.o
 .text.BuildIdleDisplay
                0x08001018       0x70 ./App/Src/vehicle_display.o
 .text.BuildManualDisplay
                0x08001088       0x68 ./App/Src/vehicle_display.o
 .text.BuildLineFollowDisplay
                0x080010f0      0x108 ./App/Src/vehicle_display.o
 .text.BuildObstacleAvoidDisplay
                0x080011f8       0x88 ./App/Src/vehicle_display.o
 .text.VehicleDisplayData_SetBluetoothConnected
                0x08001280       0x20 ./App/Src/vehicle_display_data.o
                0x08001280                VehicleDisplayData_SetBluetoothConnected
 .text.VehicleDisplayData_SetLastRxFrame
                0x080012a0       0x34 ./App/Src/vehicle_display_data.o
                0x080012a0                VehicleDisplayData_SetLastRxFrame
 .text.VehicleDisplayData_Get
                0x080012d4       0x2c ./App/Src/vehicle_display_data.o
                0x080012d4                VehicleDisplayData_Get
 .text.VehicleDisplayDiag_BuildLines
                0x08001300      0x18c ./App/Src/vehicle_display_diag.o
                0x08001300                VehicleDisplayDiag_BuildLines
 .text.BuildDiagRootDisplay
                0x0800148c      0x110 ./App/Src/vehicle_display_diag.o
 .text.BuildDiagSensorsDisplay
                0x0800159c       0x88 ./App/Src/vehicle_display_diag.o
 .text.BuildDiagLineSensorDisplay
                0x08001624       0xf0 ./App/Src/vehicle_display_diag.o
 .text.BuildDiagProximityDisplay
                0x08001714      0x100 ./App/Src/vehicle_display_diag.o
 .text.BuildDiagCommunicationDisplay
                0x08001814       0xd0 ./App/Src/vehicle_display_diag.o
 .text.BuildDiagMotorListDisplay
                0x080018e4      0x11c ./App/Src/vehicle_display_diag.o
 .text.BuildDiagMotorDisplay
                0x08001a00      0x128 ./App/Src/vehicle_display_diag.o
 .text.BuildDiagLedListDisplay
                0x08001b28       0xe0 ./App/Src/vehicle_display_diag.o
 .text.BuildDiagLedDetailDisplay
                0x08001c08       0xe0 ./App/Src/vehicle_display_diag.o
 .text.BuildDiagDisplayTestDisplay
                0x08001ce8       0x5c ./App/Src/vehicle_display_diag.o
 .text.ExtractFrameFieldToLine
                0x08001d44       0xf0 ./App/Src/vehicle_display_diag.o
 .text.Led_AllOff
                0x08001e34       0x18 ./App/Src/vehicle_status_led.o
 .text.Led_GreenOn
                0x08001e4c       0x18 ./App/Src/vehicle_status_led.o
 .text.Led_GreenOff
                0x08001e64       0x18 ./App/Src/vehicle_status_led.o
 .text.Led_RedOn
                0x08001e7c       0x18 ./App/Src/vehicle_status_led.o
 .text.Led_RedOff
                0x08001e94       0x18 ./App/Src/vehicle_status_led.o
 .text.Led_BlueOn
                0x08001eac       0x18 ./App/Src/vehicle_status_led.o
 .text.Led_BlueOff
                0x08001ec4       0x18 ./App/Src/vehicle_status_led.o
 .text.Led_OrangeOn
                0x08001edc       0x18 ./App/Src/vehicle_status_led.o
 .text.Led_OrangeOff
                0x08001ef4       0x18 ./App/Src/vehicle_status_led.o
 .text.VehicleStatusLed_Init
                0x08001f0c       0x24 ./App/Src/vehicle_status_led.o
                0x08001f0c                VehicleStatusLed_Init
 .text.VehicleStatusLed_SetBtState
                0x08001f30       0x20 ./App/Src/vehicle_status_led.o
                0x08001f30                VehicleStatusLed_SetBtState
 .text.VehicleStatusLed_SetVehicleState
                0x08001f50       0x20 ./App/Src/vehicle_status_led.o
                0x08001f50                VehicleStatusLed_SetVehicleState
 .text.VehicleStatusLed_SetGreen
                0x08001f70       0x24 ./App/Src/vehicle_status_led.o
                0x08001f70                VehicleStatusLed_SetGreen
 .text.VehicleStatusLed_SetBlue
                0x08001f94       0x24 ./App/Src/vehicle_status_led.o
                0x08001f94                VehicleStatusLed_SetBlue
 .text.VehicleStatusLed_SetRed
                0x08001fb8       0x24 ./App/Src/vehicle_status_led.o
                0x08001fb8                VehicleStatusLed_SetRed
 .text.Task_StatusLED
                0x08001fdc       0xf0 ./App/Src/vehicle_status_led.o
                0x08001fdc                Task_StatusLED
 .text.PublishMotorCommand
                0x080020cc       0x38 ./App/Src/vehicle_tasks.o
 .text.ApplyDiagnosticMotorCommand
                0x08002104       0x96 ./App/Src/vehicle_tasks.o
 .text.UpdateDiagnosticLeds
                0x0800219a       0x3a ./App/Src/vehicle_tasks.o
 .text.HandleBluetoothFrameEvent
                0x080021d4       0x5c ./App/Src/vehicle_tasks.o
 .text.HandleBluetoothTimeout
                0x08002230       0x52 ./App/Src/vehicle_tasks.o
 *fill*         0x08002282        0x2 
 .text.Task_BluetoothRx
                0x08002284       0x80 ./App/Src/vehicle_tasks.o
 .text.Task_MainController
                0x08002304       0x70 ./App/Src/vehicle_tasks.o
 .text.Task_MotorControl
                0x08002374       0x58 ./App/Src/vehicle_tasks.o
 .text.Task_Display
                0x080023cc      0x1c0 ./App/Src/vehicle_tasks.o
 .text.Task_LineSensor
                0x0800258c       0x34 ./App/Src/vehicle_tasks.o
 .text.Task_ProximitySensors
                0x080025c0       0x68 ./App/Src/vehicle_tasks.o
 .text.VehicleTasks_Create
                0x08002628      0x284 ./App/Src/vehicle_tasks.o
                0x08002628                VehicleTasks_Create
 .text.main     0x080028ac       0x6c ./Core/Src/main.o
                0x080028ac                main
 .text.SystemClock_Config
                0x08002918       0xd4 ./Core/Src/main.o
                0x08002918                SystemClock_Config
 .text.MX_ADC1_Init
                0x080029ec       0xc0 ./Core/Src/main.o
 .text.MX_I2C1_Init
                0x08002aac       0x5c ./Core/Src/main.o
 .text.MX_I2C3_Init
                0x08002b08       0x5c ./Core/Src/main.o
 .text.MX_I2S3_Init
                0x08002b64       0x60 ./Core/Src/main.o
 .text.MX_TIM5_Init
                0x08002bc4       0x9c ./Core/Src/main.o
 .text.MX_USART2_UART_Init
                0x08002c60       0x54 ./Core/Src/main.o
 .text.MX_GPIO_Init
                0x08002cb4      0x278 ./Core/Src/main.o
 .text.HAL_UART_RxCpltCallback
                0x08002f2c       0x24 ./Core/Src/main.o
                0x08002f2c                HAL_UART_RxCpltCallback
 .text.HAL_UART_ErrorCallback
                0x08002f50       0x24 ./Core/Src/main.o
                0x08002f50                HAL_UART_ErrorCallback
 .text.HAL_GPIO_EXTI_Callback
                0x08002f74       0x20 ./Core/Src/main.o
                0x08002f74                HAL_GPIO_EXTI_Callback
 .text.StartDefaultTask
                0x08002f94       0x14 ./Core/Src/main.o
                0x08002f94                StartDefaultTask
 .text.HAL_TIM_PeriodElapsedCallback
                0x08002fa8       0x24 ./Core/Src/main.o
                0x08002fa8                HAL_TIM_PeriodElapsedCallback
 .text.Error_Handler
                0x08002fcc        0xc ./Core/Src/main.o
                0x08002fcc                Error_Handler
 .text.HAL_MspInit
                0x08002fd8       0x58 ./Core/Src/stm32f4xx_hal_msp.o
                0x08002fd8                HAL_MspInit
 .text.HAL_ADC_MspInit
                0x08003030       0x88 ./Core/Src/stm32f4xx_hal_msp.o
                0x08003030                HAL_ADC_MspInit
 .text.HAL_I2C_MspInit
                0x080030b8      0x140 ./Core/Src/stm32f4xx_hal_msp.o
                0x080030b8                HAL_I2C_MspInit
 .text.HAL_I2S_MspInit
                0x080031f8      0x100 ./Core/Src/stm32f4xx_hal_msp.o
                0x080031f8                HAL_I2S_MspInit
 .text.HAL_TIM_Base_MspInit
                0x080032f8       0x44 ./Core/Src/stm32f4xx_hal_msp.o
                0x080032f8                HAL_TIM_Base_MspInit
 .text.HAL_UART_MspInit
                0x0800333c       0xa0 ./Core/Src/stm32f4xx_hal_msp.o
                0x0800333c                HAL_UART_MspInit
 .text.HAL_InitTick
                0x080033dc       0xf8 ./Core/Src/stm32f4xx_hal_timebase_tim.o
                0x080033dc                HAL_InitTick
 .text.NMI_Handler
                0x080034d4        0x8 ./Core/Src/stm32f4xx_it.o
                0x080034d4                NMI_Handler
 .text.HardFault_Handler
                0x080034dc        0x8 ./Core/Src/stm32f4xx_it.o
                0x080034dc                HardFault_Handler
 .text.MemManage_Handler
                0x080034e4        0x8 ./Core/Src/stm32f4xx_it.o
                0x080034e4                MemManage_Handler
 .text.BusFault_Handler
                0x080034ec        0x8 ./Core/Src/stm32f4xx_it.o
                0x080034ec                BusFault_Handler
 .text.UsageFault_Handler
                0x080034f4        0x8 ./Core/Src/stm32f4xx_it.o
                0x080034f4                UsageFault_Handler
 .text.DebugMon_Handler
                0x080034fc        0xe ./Core/Src/stm32f4xx_it.o
                0x080034fc                DebugMon_Handler
 .text.EXTI9_5_IRQHandler
                0x0800350a        0xe ./Core/Src/stm32f4xx_it.o
                0x0800350a                EXTI9_5_IRQHandler
 .text.USART2_IRQHandler
                0x08003518       0x14 ./Core/Src/stm32f4xx_it.o
                0x08003518                USART2_IRQHandler
 .text.TIM6_DAC_IRQHandler
                0x0800352c       0x14 ./Core/Src/stm32f4xx_it.o
                0x0800352c                TIM6_DAC_IRQHandler
 .text.OTG_FS_IRQHandler
                0x08003540       0x14 ./Core/Src/stm32f4xx_it.o
                0x08003540                OTG_FS_IRQHandler
 .text._sbrk    0x08003554       0x6c ./Core/Src/sysmem.o
                0x08003554                _sbrk
 .text.SystemInit
                0x080035c0       0x24 ./Core/Src/system_stm32f4xx.o
                0x080035c0                SystemInit
 .text.Reset_Handler
                0x080035e4       0x50 ./Core/Startup/startup_stm32f407vgtx.o
                0x080035e4                Reset_Handler
 .text.Default_Handler
                0x08003634        0x2 ./Core/Startup/startup_stm32f407vgtx.o
                0x08003634                RTC_Alarm_IRQHandler
                0x08003634                HASH_RNG_IRQHandler
                0x08003634                EXTI2_IRQHandler
                0x08003634                TIM8_CC_IRQHandler
                0x08003634                TIM1_CC_IRQHandler
                0x08003634                DMA2_Stream5_IRQHandler
                0x08003634                DMA1_Stream5_IRQHandler
                0x08003634                PVD_IRQHandler
                0x08003634                SDIO_IRQHandler
                0x08003634                TAMP_STAMP_IRQHandler
                0x08003634                CAN2_RX1_IRQHandler
                0x08003634                EXTI3_IRQHandler
                0x08003634                TIM8_TRG_COM_TIM14_IRQHandler
                0x08003634                TIM1_UP_TIM10_IRQHandler
                0x08003634                TIM8_UP_TIM13_IRQHandler
                0x08003634                I2C3_ER_IRQHandler
                0x08003634                EXTI0_IRQHandler
                0x08003634                I2C2_EV_IRQHandler
                0x08003634                DMA1_Stream2_IRQHandler
                0x08003634                CAN1_RX0_IRQHandler
                0x08003634                FPU_IRQHandler
                0x08003634                OTG_HS_WKUP_IRQHandler
                0x08003634                CAN2_SCE_IRQHandler
                0x08003634                DMA2_Stream2_IRQHandler
                0x08003634                SPI1_IRQHandler
                0x08003634                TIM1_BRK_TIM9_IRQHandler
                0x08003634                DCMI_IRQHandler
                0x08003634                CAN2_RX0_IRQHandler
                0x08003634                DMA2_Stream3_IRQHandler
                0x08003634                USART6_IRQHandler
                0x08003634                USART3_IRQHandler
                0x08003634                CAN1_RX1_IRQHandler
                0x08003634                UART5_IRQHandler
                0x08003634                DMA2_Stream0_IRQHandler
                0x08003634                TIM4_IRQHandler
                0x08003634                I2C1_EV_IRQHandler
                0x08003634                DMA1_Stream6_IRQHandler
                0x08003634                DMA1_Stream1_IRQHandler
                0x08003634                UART4_IRQHandler
                0x08003634                TIM3_IRQHandler
                0x08003634                RCC_IRQHandler
                0x08003634                TIM8_BRK_TIM12_IRQHandler
                0x08003634                Default_Handler
                0x08003634                EXTI15_10_IRQHandler
                0x08003634                ADC_IRQHandler
                0x08003634                DMA1_Stream7_IRQHandler
                0x08003634                TIM7_IRQHandler
                0x08003634                CAN2_TX_IRQHandler
                0x08003634                TIM5_IRQHandler
                0x08003634                DMA2_Stream7_IRQHandler
                0x08003634                I2C3_EV_IRQHandler
                0x08003634                RTC_WKUP_IRQHandler
                0x08003634                ETH_WKUP_IRQHandler
                0x08003634                SPI2_IRQHandler
                0x08003634                OTG_HS_EP1_IN_IRQHandler
                0x08003634                DMA1_Stream0_IRQHandler
                0x08003634                CAN1_TX_IRQHandler
                0x08003634                EXTI4_IRQHandler
                0x08003634                FSMC_IRQHandler
                0x08003634                ETH_IRQHandler
                0x08003634                OTG_HS_EP1_OUT_IRQHandler
                0x08003634                WWDG_IRQHandler
                0x08003634                TIM2_IRQHandler
                0x08003634                OTG_FS_WKUP_IRQHandler
                0x08003634                TIM1_TRG_COM_TIM11_IRQHandler
                0x08003634                OTG_HS_IRQHandler
                0x08003634                EXTI1_IRQHandler
                0x08003634                I2C2_ER_IRQHandler
                0x08003634                DMA2_Stream1_IRQHandler
                0x08003634                CAN1_SCE_IRQHandler
                0x08003634                FLASH_IRQHandler
                0x08003634                DMA2_Stream4_IRQHandler
                0x08003634                USART1_IRQHandler
                0x08003634                SPI3_IRQHandler
                0x08003634                DMA1_Stream4_IRQHandler
                0x08003634                I2C1_ER_IRQHandler
                0x08003634                DMA2_Stream6_IRQHandler
                0x08003634                DMA1_Stream3_IRQHandler
 .text.addr8    0x08003636       0x1c ./Drivers/BSP/Src/pcf8574.o
 .text.PCF8574_Init
                0x08003652       0x2c ./Drivers/BSP/Src/pcf8574.o
                0x08003652                PCF8574_Init
 .text.PCF8574_WriteByte
                0x0800367e       0x3c ./Drivers/BSP/Src/pcf8574.o
                0x0800367e                PCF8574_WriteByte
 .text.PCF8574_WritePin
                0x080036ba       0x6c ./Drivers/BSP/Src/pcf8574.o
                0x080036ba                PCF8574_WritePin
 .text.RCWL1601_Init
                0x08003726       0x8c ./Drivers/BSP/Src/rcwl1601.o
                0x08003726                RCWL1601_Init
 .text.RCWL1601_EXTI_Callback
                0x080037b2       0xae ./Drivers/BSP/Src/rcwl1601.o
                0x080037b2                RCWL1601_EXTI_Callback
 .text.ST7920_PulseEnable
                0x08003860       0x20 ./Drivers/BSP/Src/st7920.o
 .text.ST7920_Send
                0x08003880       0x3a ./Drivers/BSP/Src/st7920.o
 .text.ST7920_SendCmd
                0x080038ba       0x3a ./Drivers/BSP/Src/st7920.o
 .text.ST7920_SendData
                0x080038f4       0x24 ./Drivers/BSP/Src/st7920.o
 .text.ST7920_Init
                0x08003918       0x4e ./Drivers/BSP/Src/st7920.o
                0x08003918                ST7920_Init
 .text.ST7920_ClearText
                0x08003966        0xe ./Drivers/BSP/Src/st7920.o
                0x08003966                ST7920_ClearText
 .text.ST7920_SetCursor
                0x08003974       0x60 ./Drivers/BSP/Src/st7920.o
                0x08003974                ST7920_SetCursor
 .text.ST7920_WriteChar
                0x080039d4       0x1a ./Drivers/BSP/Src/st7920.o
                0x080039d4                ST7920_WriteChar
 .text.ST7920_WriteString
                0x080039ee       0x2a ./Drivers/BSP/Src/st7920.o
                0x080039ee                ST7920_WriteString
 .text.ST7920_GraphicMode
                0x08003a18       0x2c ./Drivers/BSP/Src/st7920.o
                0x08003a18                ST7920_GraphicMode
 .text.ST7920_ClearGraphic
                0x08003a44       0x7c ./Drivers/BSP/Src/st7920.o
                0x08003a44                ST7920_ClearGraphic
 .text.ST7920_Update
                0x08003ac0       0x8e ./Drivers/BSP/Src/st7920.o
                0x08003ac0                ST7920_Update
 .text.ST7920_Port_Init
                0x08003b4e       0x26 ./Drivers/BSP/Src/st7920_port.o
                0x08003b4e                ST7920_Port_Init
 .text.ST7920_Port_SetRS
                0x08003b74       0x30 ./Drivers/BSP/Src/st7920_port.o
                0x08003b74                ST7920_Port_SetRS
 .text.ST7920_Port_SetRW
                0x08003ba4       0x30 ./Drivers/BSP/Src/st7920_port.o
                0x08003ba4                ST7920_Port_SetRW
 .text.ST7920_Port_SetE
                0x08003bd4       0x30 ./Drivers/BSP/Src/st7920_port.o
                0x08003bd4                ST7920_Port_SetE
 .text.ST7920_Port_SetPSB
                0x08003c04       0x30 ./Drivers/BSP/Src/st7920_port.o
                0x08003c04                ST7920_Port_SetPSB
 .text.ST7920_Port_WriteBus
                0x08003c34       0x38 ./Drivers/BSP/Src/st7920_port.o
                0x08003c34                ST7920_Port_WriteBus
 .text.ST7920_Port_DelayShort
                0x08003c6c       0x24 ./Drivers/BSP/Src/st7920_port.o
                0x08003c6c                ST7920_Port_DelayShort
 .text.ST7920_Port_DelayMs
                0x08003c90       0x16 ./Drivers/BSP/Src/st7920_port.o
                0x08003c90                ST7920_Port_DelayMs
 *fill*         0x08003ca6        0x2 
 .text.UartFrameRx_Start
                0x08003ca8       0x1c ./Drivers/BSP/Src/uart_rx_frame.o
                0x08003ca8                UartFrameRx_Start
 .text.UartFrameRx_Fetch
                0x08003cc4       0x98 ./Drivers/BSP/Src/uart_rx_frame.o
                0x08003cc4                UartFrameRx_Fetch
 .text.UartFrameRx_RxCpltCallback
                0x08003d5c       0xf4 ./Drivers/BSP/Src/uart_rx_frame.o
                0x08003d5c                UartFrameRx_RxCpltCallback
 .text.UartFrameRx_ErrorCallback
                0x08003e50       0x40 ./Drivers/BSP/Src/uart_rx_frame.o
                0x08003e50                UartFrameRx_ErrorCallback
 .text.Motor_InitOne
                0x08003e90       0x7c ./Drivers/BSP/Src/vehicle_motors.o
 .text.Motor_SetSignedSpeed
                0x08003f0c       0x8c ./Drivers/BSP/Src/vehicle_motors.o
 .text.LeftSide_SetSignedSpeed
                0x08003f98       0x34 ./Drivers/BSP/Src/vehicle_motors.o
 .text.RightSide_SetSignedSpeed
                0x08003fcc       0x3c ./Drivers/BSP/Src/vehicle_motors.o
 .text.Motor_GetHandle
                0x08004008       0x58 ./Drivers/BSP/Src/vehicle_motors.o
 .text.I2C3_Lock
                0x08004060       0x24 ./Drivers/BSP/Src/vehicle_motors.o
 .text.I2C3_Unlock
                0x08004084       0x24 ./Drivers/BSP/Src/vehicle_motors.o
 .text.VehicleMotors_Init
                0x080040a8       0xe0 ./Drivers/BSP/Src/vehicle_motors.o
                0x080040a8                VehicleMotors_Init
 .text.VehicleMotors_SetLeftRight
                0x08004188       0x30 ./Drivers/BSP/Src/vehicle_motors.o
                0x08004188                VehicleMotors_SetLeftRight
 .text.VehicleMotors_AllCoast
                0x080041b8       0x38 ./Drivers/BSP/Src/vehicle_motors.o
                0x080041b8                VehicleMotors_AllCoast
 .text.VehicleMotors_SetOne
                0x080041f0       0xa4 ./Drivers/BSP/Src/vehicle_motors.o
                0x080041f0                VehicleMotors_SetOne
 .text.VehicleMotors_ReadOneFaultPin
                0x08004294       0x4e ./Drivers/BSP/Src/vehicle_motors.o
                0x08004294                VehicleMotors_ReadOneFaultPin
 .text.VehicleMotors_ReadOneRipple
                0x080042e2       0x54 ./Drivers/BSP/Src/vehicle_motors.o
                0x080042e2                VehicleMotors_ReadOneRipple
 *fill*         0x08004336        0x2 
 .text.VehicleMotors_SetI2C3Mutex
                0x08004338       0x20 ./Drivers/BSP/Src/vehicle_motors.o
                0x08004338                VehicleMotors_SetI2C3Mutex
 .text.DRV8234_WriteReg
                0x08004358       0x5e ./Drivers/Modules/Src/drv8234.o
                0x08004358                DRV8234_WriteReg
 .text.DRV8234_ReadReg
                0x080043b6       0x82 ./Drivers/Modules/Src/drv8234.o
                0x080043b6                DRV8234_ReadReg
 .text.DRV8234_ModifyReg
                0x08004438       0x72 ./Drivers/Modules/Src/drv8234.o
                0x08004438                DRV8234_ModifyReg
 .text.DRV8234_Init
                0x080044aa      0x1b4 ./Drivers/Modules/Src/drv8234.o
                0x080044aa                DRV8234_Init
 .text.DRV8234_Drive
                0x0800465e       0x86 ./Drivers/Modules/Src/drv8234.o
                0x0800465e                DRV8234_Drive
 .text.DRV8234_Coast
                0x080046e4       0x4a ./Drivers/Modules/Src/drv8234.o
                0x080046e4                DRV8234_Coast
 *fill*         0x0800472e        0x2 
 .text.DRV8234_SetPWMDutyCycle
                0x08004730       0x78 ./Drivers/Modules/Src/drv8234.o
                0x08004730                DRV8234_SetPWMDutyCycle
 .text.DRV8234_ClearFault
                0x080047a8       0x6e ./Drivers/Modules/Src/drv8234.o
                0x080047a8                DRV8234_ClearFault
 *fill*         0x08004816        0x2 
 .text.LineSensor_Init
                0x08004818       0x3c ./Drivers/Modules/Src/line_sensor.o
                0x08004818                LineSensor_Init
 .text.LineSensor_SetPower
                0x08004854       0x38 ./Drivers/Modules/Src/line_sensor.o
                0x08004854                LineSensor_SetPower
 .text.HAL_Init
                0x0800488c       0x44 ./Drivers/STM32F4xx_HAL_Driver/Src/stm32f4xx_hal.o
                0x0800488c                HAL_Init
 .text.HAL_IncTick
                0x080048d0       0x28 ./Drivers/STM32F4xx_HAL_Driver/Src/stm32f4xx_hal.o
                0x080048d0                HAL_IncTick
 .text.HAL_GetTick
                0x080048f8       0x18 ./Drivers/STM32F4xx_HAL_Driver/Src/stm32f4xx_hal.o
                0x080048f8                HAL_GetTick
 .text.HAL_Delay
                0x08004910       0x48 ./Drivers/STM32F4xx_HAL_Driver/Src/stm32f4xx_hal.o
                0x08004910                HAL_Delay
 .text.HAL_ADC_Init
                0x08004958       0x86 ./Drivers/STM32F4xx_HAL_Driver/Src/stm32f4xx_hal_adc.o
                0x08004958                HAL_ADC_Init
 *fill*         0x080049de        0x2 
 .text.HAL_ADC_ConfigChannel
                0x080049e0      0x244 ./Drivers/STM32F4xx_HAL_Driver/Src/stm32f4xx_hal_adc.o
                0x080049e0                HAL_ADC_ConfigChannel
 .text.ADC_Init
                0x08004c24      0x1f8 ./Drivers/STM32F4xx_HAL_Driver/Src/stm32f4xx_hal_adc.o
 .text.__NVIC_SetPriorityGrouping
                0x08004e1c       0x48 ./Drivers/STM32F4xx_HAL_Driver/Src/stm32f4xx_hal_cortex.o
 .text.__NVIC_GetPriorityGrouping
                0x08004e64       0x1c ./Drivers/STM32F4xx_HAL_Driver/Src/stm32f4xx_hal_cortex.o
 .text.__NVIC_EnableIRQ
                0x08004e80       0x3c ./Drivers/STM32F4xx_HAL_Driver/Src/stm32f4xx_hal_cortex.o
 .text.__NVIC_SetPriority
                0x08004ebc       0x54 ./Drivers/STM32F4xx_HAL_Driver/Src/stm32f4xx_hal_cortex.o
 .text.NVIC_EncodePriority
                0x08004f10       0x66 ./Drivers/STM32F4xx_HAL_Driver/Src/stm32f4xx_hal_cortex.o
 .text.HAL_NVIC_SetPriorityGrouping
                0x08004f76       0x16 ./Drivers/STM32F4xx_HAL_Driver/Src/stm32f4xx_hal_cortex.o
                0x08004f76                HAL_NVIC_SetPriorityGrouping
 .text.HAL_NVIC_SetPriority
                0x08004f8c       0x38 ./Drivers/STM32F4xx_HAL_Driver/Src/stm32f4xx_hal_cortex.o
                0x08004f8c                HAL_NVIC_SetPriority
 .text.HAL_NVIC_EnableIRQ
                0x08004fc4       0x1c ./Drivers/STM32F4xx_HAL_Driver/Src/stm32f4xx_hal_cortex.o
                0x08004fc4                HAL_NVIC_EnableIRQ
 .text.HAL_DMA_Abort
                0x08004fe0       0xe0 ./Drivers/STM32F4xx_HAL_Driver/Src/stm32f4xx_hal_dma.o
                0x08004fe0                HAL_DMA_Abort
 .text.HAL_DMA_Abort_IT
                0x080050c0       0x44 ./Drivers/STM32F4xx_HAL_Driver/Src/stm32f4xx_hal_dma.o
                0x080050c0                HAL_DMA_Abort_IT
 .text.HAL_DMA_GetError
                0x08005104       0x18 ./Drivers/STM32F4xx_HAL_Driver/Src/stm32f4xx_hal_dma.o
                0x08005104                HAL_DMA_GetError
 .text.HAL_GPIO_Init
                0x0800511c      0x338 ./Drivers/STM32F4xx_HAL_Driver/Src/stm32f4xx_hal_gpio.o
                0x0800511c                HAL_GPIO_Init
 .text.HAL_GPIO_ReadPin
                0x08005454       0x30 ./Drivers/STM32F4xx_HAL_Driver/Src/stm32f4xx_hal_gpio.o
                0x08005454                HAL_GPIO_ReadPin
 .text.HAL_GPIO_WritePin
                0x08005484       0x32 ./Drivers/STM32F4xx_HAL_Driver/Src/stm32f4xx_hal_gpio.o
                0x08005484                HAL_GPIO_WritePin
 *fill*         0x080054b6        0x2 
 .text.HAL_GPIO_EXTI_IRQHandler
                0x080054b8       0x30 ./Drivers/STM32F4xx_HAL_Driver/Src/stm32f4xx_hal_gpio.o
                0x080054b8                HAL_GPIO_EXTI_IRQHandler
 .text.HAL_I2C_Init
                0x080054e8      0x288 ./Drivers/STM32F4xx_HAL_Driver/Src/stm32f4xx_hal_i2c.o
                0x080054e8                HAL_I2C_Init
 .text.HAL_I2C_Master_Transmit
                0x08005770      0x1fc ./Drivers/STM32F4xx_HAL_Driver/Src/stm32f4xx_hal_i2c.o
                0x08005770                HAL_I2C_Master_Transmit
 .text.HAL_I2C_Master_Receive
                0x0800596c      0x464 ./Drivers/STM32F4xx_HAL_Driver/Src/stm32f4xx_hal_i2c.o
                0x0800596c                HAL_I2C_Master_Receive
 .text.I2C_MasterRequestWrite
                0x08005dd0      0x104 ./Drivers/STM32F4xx_HAL_Driver/Src/stm32f4xx_hal_i2c.o
 .text.I2C_MasterRequestRead
                0x08005ed4      0x19c ./Drivers/STM32F4xx_HAL_Driver/Src/stm32f4xx_hal_i2c.o
 .text.I2C_WaitOnFlagUntilTimeout
                0x08006070       0xf4 ./Drivers/STM32F4xx_HAL_Driver/Src/stm32f4xx_hal_i2c.o
 .text.I2C_WaitOnMasterAddressFlagUntilTimeout
                0x08006164      0x140 ./Drivers/STM32F4xx_HAL_Driver/Src/stm32f4xx_hal_i2c.o
 .text.I2C_WaitOnTXEFlagUntilTimeout
                0x080062a4       0x90 ./Drivers/STM32F4xx_HAL_Driver/Src/stm32f4xx_hal_i2c.o
 .text.I2C_WaitOnBTFFlagUntilTimeout
                0x08006334       0x90 ./Drivers/STM32F4xx_HAL_Driver/Src/stm32f4xx_hal_i2c.o
 .text.I2C_WaitOnRXNEFlagUntilTimeout
                0x080063c4       0xba ./Drivers/STM32F4xx_HAL_Driver/Src/stm32f4xx_hal_i2c.o
 .text.I2C_IsAcknowledgeFailed
                0x0800647e       0x5e ./Drivers/STM32F4xx_HAL_Driver/Src/stm32f4xx_hal_i2c.o
 .text.HAL_I2S_Init
                0x080064dc      0x280 ./Drivers/STM32F4xx_HAL_Driver/Src/stm32f4xx_hal_i2s.o
                0x080064dc                HAL_I2S_Init
 .text.HAL_I2S_TxCpltCallback
                0x0800675c       0x14 ./Drivers/STM32F4xx_HAL_Driver/Src/stm32f4xx_hal_i2s.o
                0x0800675c                HAL_I2S_TxCpltCallback
 .text.HAL_I2S_RxCpltCallback
                0x08006770       0x14 ./Drivers/STM32F4xx_HAL_Driver/Src/stm32f4xx_hal_i2s.o
                0x08006770                HAL_I2S_RxCpltCallback
 .text.HAL_I2S_ErrorCallback
                0x08006784       0x14 ./Drivers/STM32F4xx_HAL_Driver/Src/stm32f4xx_hal_i2s.o
                0x08006784                HAL_I2S_ErrorCallback
 .text.I2S_Transmit_IT
                0x08006798       0x5c ./Drivers/STM32F4xx_HAL_Driver/Src/stm32f4xx_hal_i2s.o
 .text.I2S_Receive_IT
                0x080067f4       0x5e ./Drivers/STM32F4xx_HAL_Driver/Src/stm32f4xx_hal_i2s.o
 .text.I2S_IRQHandler
                0x08006852      0x114 ./Drivers/STM32F4xx_HAL_Driver/Src/stm32f4xx_hal_i2s.o
 *fill*         0x08006966        0x2 
 .text.HAL_I2SEx_FullDuplex_IRQHandler
                0x08006968      0x2a8 ./Drivers/STM32F4xx_HAL_Driver/Src/stm32f4xx_hal_i2s_ex.o
                0x08006968                HAL_I2SEx_FullDuplex_IRQHandler
 .text.HAL_I2SEx_TxRxCpltCallback
                0x08006c10       0x14 ./Drivers/STM32F4xx_HAL_Driver/Src/stm32f4xx_hal_i2s_ex.o
                0x08006c10                HAL_I2SEx_TxRxCpltCallback
 .text.I2SEx_TxISR_I2S
                0x08006c24       0x62 ./Drivers/STM32F4xx_HAL_Driver/Src/stm32f4xx_hal_i2s_ex.o
 *fill*         0x08006c86        0x2 
 .text.I2SEx_TxISR_I2SExt
                0x08006c88       0x98 ./Drivers/STM32F4xx_HAL_Driver/Src/stm32f4xx_hal_i2s_ex.o
 .text.I2SEx_RxISR_I2S
                0x08006d20       0x64 ./Drivers/STM32F4xx_HAL_Driver/Src/stm32f4xx_hal_i2s_ex.o
 .text.I2SEx_RxISR_I2SExt
                0x08006d84       0x98 ./Drivers/STM32F4xx_HAL_Driver/Src/stm32f4xx_hal_i2s_ex.o
 .text.HAL_PCD_Init
                0x08006e1c      0x21e ./Drivers/STM32F4xx_HAL_Driver/Src/stm32f4xx_hal_pcd.o
                0x08006e1c                HAL_PCD_Init
 .text.HAL_PCD_Start
                0x0800703a       0x6a ./Drivers/STM32F4xx_HAL_Driver/Src/stm32f4xx_hal_pcd.o
                0x0800703a                HAL_PCD_Start
 .text.HAL_PCD_IRQHandler
                0x080070a4      0x942 ./Drivers/STM32F4xx_HAL_Driver/Src/stm32f4xx_hal_pcd.o
                0x080070a4                HAL_PCD_IRQHandler
 .text.HAL_PCD_SetAddress
                0x080079e6       0x48 ./Drivers/STM32F4xx_HAL_Driver/Src/stm32f4xx_hal_pcd.o
                0x080079e6                HAL_PCD_SetAddress
 .text.HAL_PCD_EP_Open
                0x08007a2e       0xd4 ./Drivers/STM32F4xx_HAL_Driver/Src/stm32f4xx_hal_pcd.o
                0x08007a2e                HAL_PCD_EP_Open
 .text.HAL_PCD_EP_Close
                0x08007b02       0x94 ./Drivers/STM32F4xx_HAL_Driver/Src/stm32f4xx_hal_pcd.o
                0x08007b02                HAL_PCD_EP_Close
 .text.HAL_PCD_EP_Receive
                0x08007b96       0x76 ./Drivers/STM32F4xx_HAL_Driver/Src/stm32f4xx_hal_pcd.o
                0x08007b96                HAL_PCD_EP_Receive
 .text.HAL_PCD_EP_GetRxCount
                0x08007c0c       0x30 ./Drivers/STM32F4xx_HAL_Driver/Src/stm32f4xx_hal_pcd.o
                0x08007c0c                HAL_PCD_EP_GetRxCount
 .text.HAL_PCD_EP_Transmit
                0x08007c3c       0x74 ./Drivers/STM32F4xx_HAL_Driver/Src/stm32f4xx_hal_pcd.o
                0x08007c3c                HAL_PCD_EP_Transmit
 .text.HAL_PCD_EP_SetStall
                0x08007cb0       0xc6 ./Drivers/STM32F4xx_HAL_Driver/Src/stm32f4xx_hal_pcd.o
                0x08007cb0                HAL_PCD_EP_SetStall
 .text.HAL_PCD_EP_ClrStall
                0x08007d76       0xac ./Drivers/STM32F4xx_HAL_Driver/Src/stm32f4xx_hal_pcd.o
                0x08007d76                HAL_PCD_EP_ClrStall
 .text.HAL_PCD_EP_Abort
                0x08007e22       0x62 ./Drivers/STM32F4xx_HAL_Driver/Src/stm32f4xx_hal_pcd.o
                0x08007e22                HAL_PCD_EP_Abort
 .text.PCD_WriteEmptyTxFifo
                0x08007e84      0x118 ./Drivers/STM32F4xx_HAL_Driver/Src/stm32f4xx_hal_pcd.o
 .text.PCD_EP_OutXfrComplete_int
                0x08007f9c      0x1d0 ./Drivers/STM32F4xx_HAL_Driver/Src/stm32f4xx_hal_pcd.o
 .text.PCD_EP_OutSetupPacket_int
                0x0800816c       0x8c ./Drivers/STM32F4xx_HAL_Driver/Src/stm32f4xx_hal_pcd.o
 .text.HAL_PCDEx_SetTxFiFo
                0x080081f8       0x8e ./Drivers/STM32F4xx_HAL_Driver/Src/stm32f4xx_hal_pcd_ex.o
                0x080081f8                HAL_PCDEx_SetTxFiFo
 .text.HAL_PCDEx_SetRxFiFo
                0x08008286       0x22 ./Drivers/STM32F4xx_HAL_Driver/Src/stm32f4xx_hal_pcd_ex.o
                0x08008286                HAL_PCDEx_SetRxFiFo
 .text.HAL_PCDEx_LPM_Callback
                0x080082a8       0x18 ./Drivers/STM32F4xx_HAL_Driver/Src/stm32f4xx_hal_pcd_ex.o
                0x080082a8                HAL_PCDEx_LPM_Callback
 .text.HAL_RCC_OscConfig
                0x080082c0      0x4f0 ./Drivers/STM32F4xx_HAL_Driver/Src/stm32f4xx_hal_rcc.o
                0x080082c0                HAL_RCC_OscConfig
 .text.HAL_RCC_ClockConfig
                0x080087b0      0x1cc ./Drivers/STM32F4xx_HAL_Driver/Src/stm32f4xx_hal_rcc.o
                0x080087b0                HAL_RCC_ClockConfig
 .text.HAL_RCC_GetSysClockFreq
                0x0800897c      0x20c ./Drivers/STM32F4xx_HAL_Driver/Src/stm32f4xx_hal_rcc.o
                0x0800897c                HAL_RCC_GetSysClockFreq
 .text.HAL_RCC_GetHCLKFreq
                0x08008b88       0x18 ./Drivers/STM32F4xx_HAL_Driver/Src/stm32f4xx_hal_rcc.o
                0x08008b88                HAL_RCC_GetHCLKFreq
 .text.HAL_RCC_GetPCLK1Freq
                0x08008ba0       0x28 ./Drivers/STM32F4xx_HAL_Driver/Src/stm32f4xx_hal_rcc.o
                0x08008ba0                HAL_RCC_GetPCLK1Freq
 .text.HAL_RCC_GetPCLK2Freq
                0x08008bc8       0x28 ./Drivers/STM32F4xx_HAL_Driver/Src/stm32f4xx_hal_rcc.o
                0x08008bc8                HAL_RCC_GetPCLK2Freq
 .text.HAL_RCC_GetClockConfig
                0x08008bf0       0x64 ./Drivers/STM32F4xx_HAL_Driver/Src/stm32f4xx_hal_rcc.o
                0x08008bf0                HAL_RCC_GetClockConfig
 .text.HAL_RCCEx_PeriphCLKConfig
                0x08008c54      0x1c4 ./Drivers/STM32F4xx_HAL_Driver/Src/stm32f4xx_hal_rcc_ex.o
                0x08008c54                HAL_RCCEx_PeriphCLKConfig
 .text.HAL_RCCEx_GetPeriphCLKFreq
                0x08008e18       0xc0 ./Drivers/STM32F4xx_HAL_Driver/Src/stm32f4xx_hal_rcc_ex.o
                0x08008e18                HAL_RCCEx_GetPeriphCLKFreq
 .text.HAL_TIM_Base_Init
                0x08008ed8       0x9e ./Drivers/STM32F4xx_HAL_Driver/Src/stm32f4xx_hal_tim.o
                0x08008ed8                HAL_TIM_Base_Init
 *fill*         0x08008f76        0x2 
 .text.HAL_TIM_Base_Start
                0x08008f78       0xd0 ./Drivers/STM32F4xx_HAL_Driver/Src/stm32f4xx_hal_tim.o
                0x08008f78                HAL_TIM_Base_Start
 .text.HAL_TIM_Base_Start_IT
                0x08009048       0xe0 ./Drivers/STM32F4xx_HAL_Driver/Src/stm32f4xx_hal_tim.o
                0x08009048                HAL_TIM_Base_Start_IT
 .text.HAL_TIM_IRQHandler
                0x08009128      0x1e0 ./Drivers/STM32F4xx_HAL_Driver/Src/stm32f4xx_hal_tim.o
                0x08009128                HAL_TIM_IRQHandler
 .text.HAL_TIM_ConfigClockSource
                0x08009308      0x18e ./Drivers/STM32F4xx_HAL_Driver/Src/stm32f4xx_hal_tim.o
                0x08009308                HAL_TIM_ConfigClockSource
 .text.HAL_TIM_OC_DelayElapsedCallback
                0x08009496       0x14 ./Drivers/STM32F4xx_HAL_Driver/Src/stm32f4xx_hal_tim.o
                0x08009496                HAL_TIM_OC_DelayElapsedCallback
 .text.HAL_TIM_IC_CaptureCallback
                0x080094aa       0x14 ./Drivers/STM32F4xx_HAL_Driver/Src/stm32f4xx_hal_tim.o
                0x080094aa                HAL_TIM_IC_CaptureCallback
 .text.HAL_TIM_PWM_PulseFinishedCallback
                0x080094be       0x14 ./Drivers/STM32F4xx_HAL_Driver/Src/stm32f4xx_hal_tim.o
                0x080094be                HAL_TIM_PWM_PulseFinishedCallback
 .text.HAL_TIM_TriggerCallback
                0x080094d2       0x14 ./Drivers/STM32F4xx_HAL_Driver/Src/stm32f4xx_hal_tim.o
                0x080094d2                HAL_TIM_TriggerCallback
 *fill*         0x080094e6        0x2 
 .text.TIM_Base_SetConfig
                0x080094e8      0x14c ./Drivers/STM32F4xx_HAL_Driver/Src/stm32f4xx_hal_tim.o
                0x080094e8                TIM_Base_SetConfig
 .text.TIM_TI1_ConfigInputStage
                0x08009634       0x5e ./Drivers/STM32F4xx_HAL_Driver/Src/stm32f4xx_hal_tim.o
 .text.TIM_TI2_ConfigInputStage
                0x08009692       0x60 ./Drivers/STM32F4xx_HAL_Driver/Src/stm32f4xx_hal_tim.o
 .text.TIM_ITRx_SetConfig
                0x080096f2       0x36 ./Drivers/STM32F4xx_HAL_Driver/Src/stm32f4xx_hal_tim.o
 .text.TIM_ETR_SetConfig
                0x08009728       0x40 ./Drivers/STM32F4xx_HAL_Driver/Src/stm32f4xx_hal_tim.o
                0x08009728                TIM_ETR_SetConfig
 .text.HAL_TIMEx_MasterConfigSynchronization
                0x08009768       0xf8 ./Drivers/STM32F4xx_HAL_Driver/Src/stm32f4xx_hal_tim_ex.o
                0x08009768                HAL_TIMEx_MasterConfigSynchronization
 .text.HAL_TIMEx_CommutCallback
                0x08009860       0x14 ./Drivers/STM32F4xx_HAL_Driver/Src/stm32f4xx_hal_tim_ex.o
                0x08009860                HAL_TIMEx_CommutCallback
 .text.HAL_TIMEx_BreakCallback
                0x08009874       0x14 ./Drivers/STM32F4xx_HAL_Driver/Src/stm32f4xx_hal_tim_ex.o
                0x08009874                HAL_TIMEx_BreakCallback
 .text.HAL_UART_Init
                0x08009888       0xa0 ./Drivers/STM32F4xx_HAL_Driver/Src/stm32f4xx_hal_uart.o
                0x08009888                HAL_UART_Init
 .text.HAL_UART_Receive_IT
                0x08009928       0x4a ./Drivers/STM32F4xx_HAL_Driver/Src/stm32f4xx_hal_uart.o
                0x08009928                HAL_UART_Receive_IT
 .text.HAL_UART_AbortReceive
                0x08009972      0x146 ./Drivers/STM32F4xx_HAL_Driver/Src/stm32f4xx_hal_uart.o
                0x08009972                HAL_UART_AbortReceive
 .text.HAL_UART_IRQHandler
                0x08009ab8      0x554 ./Drivers/STM32F4xx_HAL_Driver/Src/stm32f4xx_hal_uart.o
                0x08009ab8                HAL_UART_IRQHandler
 .text.HAL_UART_TxCpltCallback
                0x0800a00c       0x14 ./Drivers/STM32F4xx_HAL_Driver/Src/stm32f4xx_hal_uart.o
                0x0800a00c                HAL_UART_TxCpltCallback
 .text.HAL_UARTEx_RxEventCallback
                0x0800a020       0x18 ./Drivers/STM32F4xx_HAL_Driver/Src/stm32f4xx_hal_uart.o
                0x0800a020                HAL_UARTEx_RxEventCallback
 .text.UART_Start_Receive_IT
                0x0800a038       0x74 ./Drivers/STM32F4xx_HAL_Driver/Src/stm32f4xx_hal_uart.o
                0x0800a038                UART_Start_Receive_IT
 .text.UART_EndRxTransfer
                0x0800a0ac       0xc6 ./Drivers/STM32F4xx_HAL_Driver/Src/stm32f4xx_hal_uart.o
 .text.UART_DMAAbortOnError
                0x0800a172       0x22 ./Drivers/STM32F4xx_HAL_Driver/Src/stm32f4xx_hal_uart.o
 .text.UART_Transmit_IT
                0x0800a194       0xa0 ./Drivers/STM32F4xx_HAL_Driver/Src/stm32f4xx_hal_uart.o
 .text.UART_EndTransmit_IT
                0x0800a234       0x30 ./Drivers/STM32F4xx_HAL_Driver/Src/stm32f4xx_hal_uart.o
 .text.UART_Receive_IT
                0x0800a264      0x17c ./Drivers/STM32F4xx_HAL_Driver/Src/stm32f4xx_hal_uart.o
 .text.UART_SetConfig
                0x0800a3e0      0x4e8 ./Drivers/STM32F4xx_HAL_Driver/Src/stm32f4xx_hal_uart.o
 .text.USB_CoreInit
                0x0800a8c8       0xc8 ./Drivers/STM32F4xx_HAL_Driver/Src/stm32f4xx_ll_usb.o
                0x0800a8c8                USB_CoreInit
 .text.USB_SetTurnaroundTime
                0x0800a990      0x144 ./Drivers/STM32F4xx_HAL_Driver/Src/stm32f4xx_ll_usb.o
                0x0800a990                USB_SetTurnaroundTime
 .text.USB_EnableGlobalInt
                0x0800aad4       0x22 ./Drivers/STM32F4xx_HAL_Driver/Src/stm32f4xx_ll_usb.o
                0x0800aad4                USB_EnableGlobalInt
 .text.USB_DisableGlobalInt
                0x0800aaf6       0x22 ./Drivers/STM32F4xx_HAL_Driver/Src/stm32f4xx_ll_usb.o
                0x0800aaf6                USB_DisableGlobalInt
 .text.USB_SetCurrentMode
                0x0800ab18       0x98 ./Drivers/STM32F4xx_HAL_Driver/Src/stm32f4xx_ll_usb.o
                0x0800ab18                USB_SetCurrentMode
 .text.USB_DevInit
                0x0800abb0      0x2c8 ./Drivers/STM32F4xx_HAL_Driver/Src/stm32f4xx_ll_usb.o
                0x0800abb0                USB_DevInit
 .text.USB_FlushTxFifo
                0x0800ae78       0x64 ./Drivers/STM32F4xx_HAL_Driver/Src/stm32f4xx_ll_usb.o
                0x0800ae78                USB_FlushTxFifo
 .text.USB_FlushRxFifo
                0x0800aedc       0x5c ./Drivers/STM32F4xx_HAL_Driver/Src/stm32f4xx_ll_usb.o
                0x0800aedc                USB_FlushRxFifo
 .text.USB_SetDevSpeed
                0x0800af38       0x32 ./Drivers/STM32F4xx_HAL_Driver/Src/stm32f4xx_ll_usb.o
                0x0800af38                USB_SetDevSpeed
 .text.USB_GetDevSpeed
                0x0800af6a       0x4a ./Drivers/STM32F4xx_HAL_Driver/Src/stm32f4xx_ll_usb.o
                0x0800af6a                USB_GetDevSpeed
 .text.USB_ActivateEndpoint
                0x0800afb4      0x10e ./Drivers/STM32F4xx_HAL_Driver/Src/stm32f4xx_ll_usb.o
                0x0800afb4                USB_ActivateEndpoint
 *fill*         0x0800b0c2        0x2 
 .text.USB_DeactivateEndpoint
                0x0800b0c4      0x1b8 ./Drivers/STM32F4xx_HAL_Driver/Src/stm32f4xx_ll_usb.o
                0x0800b0c4                USB_DeactivateEndpoint
 .text.USB_EPStartXfer
                0x0800b27c      0x53c ./Drivers/STM32F4xx_HAL_Driver/Src/stm32f4xx_ll_usb.o
                0x0800b27c                USB_EPStartXfer
 .text.USB_EPStopXfer
                0x0800b7b8      0x154 ./Drivers/STM32F4xx_HAL_Driver/Src/stm32f4xx_ll_usb.o
                0x0800b7b8                USB_EPStopXfer
 .text.USB_WritePacket
                0x0800b90c       0x7c ./Drivers/STM32F4xx_HAL_Driver/Src/stm32f4xx_ll_usb.o
                0x0800b90c                USB_WritePacket
 .text.USB_ReadPacket
                0x0800b988       0xb0 ./Drivers/STM32F4xx_HAL_Driver/Src/stm32f4xx_ll_usb.o
                0x0800b988                USB_ReadPacket
 .text.USB_EPSetStall
                0x0800ba38       0xdc ./Drivers/STM32F4xx_HAL_Driver/Src/stm32f4xx_ll_usb.o
                0x0800ba38                USB_EPSetStall
 .text.USB_EPClearStall
                0x0800bb14       0xcc ./Drivers/STM32F4xx_HAL_Driver/Src/stm32f4xx_ll_usb.o
                0x0800bb14                USB_EPClearStall
 .text.USB_SetDevAddress
                0x0800bbe0       0x4c ./Drivers/STM32F4xx_HAL_Driver/Src/stm32f4xx_ll_usb.o
                0x0800bbe0                USB_SetDevAddress
 .text.USB_DevConnect
                0x0800bc2c       0x42 ./Drivers/STM32F4xx_HAL_Driver/Src/stm32f4xx_ll_usb.o
                0x0800bc2c                USB_DevConnect
 .text.USB_DevDisconnect
                0x0800bc6e       0x42 ./Drivers/STM32F4xx_HAL_Driver/Src/stm32f4xx_ll_usb.o
                0x0800bc6e                USB_DevDisconnect
 .text.USB_ReadInterrupts
                0x0800bcb0       0x26 ./Drivers/STM32F4xx_HAL_Driver/Src/stm32f4xx_ll_usb.o
                0x0800bcb0                USB_ReadInterrupts
 .text.USB_ReadDevAllOutEpInterrupt
                0x0800bcd6       0x34 ./Drivers/STM32F4xx_HAL_Driver/Src/stm32f4xx_ll_usb.o
                0x0800bcd6                USB_ReadDevAllOutEpInterrupt
 .text.USB_ReadDevAllInEpInterrupt
                0x0800bd0a       0x34 ./Drivers/STM32F4xx_HAL_Driver/Src/stm32f4xx_ll_usb.o
                0x0800bd0a                USB_ReadDevAllInEpInterrupt
 .text.USB_ReadDevOutEPInterrupt
                0x0800bd3e       0x3c ./Drivers/STM32F4xx_HAL_Driver/Src/stm32f4xx_ll_usb.o
                0x0800bd3e                USB_ReadDevOutEPInterrupt
 .text.USB_ReadDevInEPInterrupt
                0x0800bd7a       0x5c ./Drivers/STM32F4xx_HAL_Driver/Src/stm32f4xx_ll_usb.o
                0x0800bd7a                USB_ReadDevInEPInterrupt
 .text.USB_GetMode
                0x0800bdd6       0x1c ./Drivers/STM32F4xx_HAL_Driver/Src/stm32f4xx_ll_usb.o
                0x0800bdd6                USB_GetMode
 .text.USB_ActivateSetup
                0x0800bdf2       0x46 ./Drivers/STM32F4xx_HAL_Driver/Src/stm32f4xx_ll_usb.o
                0x0800bdf2                USB_ActivateSetup
 .text.USB_EP0_OutStart
                0x0800be38       0xbc ./Drivers/STM32F4xx_HAL_Driver/Src/stm32f4xx_ll_usb.o
                0x0800be38                USB_EP0_OutStart
 .text.USB_CoreReset
                0x0800bef4       0x70 ./Drivers/STM32F4xx_HAL_Driver/Src/stm32f4xx_ll_usb.o
 .text.USBD_CDC_Init
                0x0800bf64      0x1f0 ./Middlewares/ST/STM32_USB_Device_Library/Class/CDC/Src/usbd_cdc.o
 .text.USBD_CDC_DeInit
                0x0800c154      0x104 ./Middlewares/ST/STM32_USB_Device_Library/Class/CDC/Src/usbd_cdc.o
 .text.USBD_CDC_Setup
                0x0800c258      0x1b8 ./Middlewares/ST/STM32_USB_Device_Library/Class/CDC/Src/usbd_cdc.o
 .text.USBD_CDC_DataIn
                0x0800c410       0xfe ./Middlewares/ST/STM32_USB_Device_Library/Class/CDC/Src/usbd_cdc.o
 .text.USBD_CDC_DataOut
                0x0800c50e       0x70 ./Middlewares/ST/STM32_USB_Device_Library/Class/CDC/Src/usbd_cdc.o
 .text.USBD_CDC_EP0_RxReady
                0x0800c57e       0x74 ./Middlewares/ST/STM32_USB_Device_Library/Class/CDC/Src/usbd_cdc.o
 *fill*         0x0800c5f2        0x2 
 .text.USBD_CDC_GetFSCfgDesc
                0x0800c5f4       0x70 ./Middlewares/ST/STM32_USB_Device_Library/Class/CDC/Src/usbd_cdc.o
 .text.USBD_CDC_GetHSCfgDesc
                0x0800c664       0x70 ./Middlewares/ST/STM32_USB_Device_Library/Class/CDC/Src/usbd_cdc.o
 .text.USBD_CDC_GetOtherSpeedCfgDesc
                0x0800c6d4       0x70 ./Middlewares/ST/STM32_USB_Device_Library/Class/CDC/Src/usbd_cdc.o
 .text.USBD_CDC_GetDeviceQualifierDescriptor
                0x0800c744       0x20 ./Middlewares/ST/STM32_USB_Device_Library/Class/CDC/Src/usbd_cdc.o
                0x0800c744                USBD_CDC_GetDeviceQualifierDescriptor
 .text.USBD_CDC_RegisterInterface
                0x0800c764       0x34 ./Middlewares/ST/STM32_USB_Device_Library/Class/CDC/Src/usbd_cdc.o
                0x0800c764                USBD_CDC_RegisterInterface
 .text.USBD_CDC_SetTxBuffer
                0x0800c798       0x44 ./Middlewares/ST/STM32_USB_Device_Library/Class/CDC/Src/usbd_cdc.o
                0x0800c798                USBD_CDC_SetTxBuffer
 .text.USBD_CDC_SetRxBuffer
                0x0800c7dc       0x3a ./Middlewares/ST/STM32_USB_Device_Library/Class/CDC/Src/usbd_cdc.o
                0x0800c7dc                USBD_CDC_SetRxBuffer
 *fill*         0x0800c816        0x2 
 .text.USBD_CDC_ReceivePacket
                0x0800c818       0x6c ./Middlewares/ST/STM32_USB_Device_Library/Class/CDC/Src/usbd_cdc.o
                0x0800c818                USBD_CDC_ReceivePacket
 .text.USBD_Init
                0x0800c884       0x60 ./Middlewares/ST/STM32_USB_Device_Library/Core/Src/usbd_core.o
                0x0800c884                USBD_Init
 .text.USBD_RegisterClass
                0x0800c8e4       0x6c ./Middlewares/ST/STM32_USB_Device_Library/Core/Src/usbd_core.o
                0x0800c8e4                USBD_RegisterClass
 .text.USBD_Start
                0x0800c950       0x18 ./Middlewares/ST/STM32_USB_Device_Library/Core/Src/usbd_core.o
                0x0800c950                USBD_Start
 .text.USBD_RunTestMode
                0x0800c968       0x16 ./Middlewares/ST/STM32_USB_Device_Library/Core/Src/usbd_core.o
                0x0800c968                USBD_RunTestMode
 .text.USBD_SetClassConfig
                0x0800c97e       0x38 ./Middlewares/ST/STM32_USB_Device_Library/Core/Src/usbd_core.o
                0x0800c97e                USBD_SetClassConfig
 .text.USBD_ClrClassConfig
                0x0800c9b6       0x34 ./Middlewares/ST/STM32_USB_Device_Library/Core/Src/usbd_core.o
                0x0800c9b6                USBD_ClrClassConfig
 .text.USBD_LL_SetupStage
                0x0800c9ea       0xaa ./Middlewares/ST/STM32_USB_Device_Library/Core/Src/usbd_core.o
                0x0800c9ea                USBD_LL_SetupStage
 .text.USBD_LL_DataOutStage
                0x0800ca94      0x178 ./Middlewares/ST/STM32_USB_Device_Library/Core/Src/usbd_core.o
                0x0800ca94                USBD_LL_DataOutStage
 .text.USBD_LL_DataInStage
                0x0800cc0c      0x176 ./Middlewares/ST/STM32_USB_Device_Library/Core/Src/usbd_core.o
                0x0800cc0c                USBD_LL_DataInStage
 .text.USBD_LL_Reset
                0x0800cd82       0xa6 ./Middlewares/ST/STM32_USB_Device_Library/Core/Src/usbd_core.o
                0x0800cd82                USBD_LL_Reset
 .text.USBD_LL_SetSpeed
                0x0800ce28       0x20 ./Middlewares/ST/STM32_USB_Device_Library/Core/Src/usbd_core.o
                0x0800ce28                USBD_LL_SetSpeed
 .text.USBD_LL_Suspend
                0x0800ce48       0x38 ./Middlewares/ST/STM32_USB_Device_Library/Core/Src/usbd_core.o
                0x0800ce48                USBD_LL_Suspend
 .text.USBD_LL_Resume
                0x0800ce80       0x30 ./Middlewares/ST/STM32_USB_Device_Library/Core/Src/usbd_core.o
                0x0800ce80                USBD_LL_Resume
 .text.USBD_LL_SOF
                0x0800ceb0       0x40 ./Middlewares/ST/STM32_USB_Device_Library/Core/Src/usbd_core.o
                0x0800ceb0                USBD_LL_SOF
 .text.USBD_LL_IsoINIncomplete
                0x0800cef0       0x64 ./Middlewares/ST/STM32_USB_Device_Library/Core/Src/usbd_core.o
                0x0800cef0                USBD_LL_IsoINIncomplete
 .text.USBD_LL_IsoOUTIncomplete
                0x0800cf54       0x64 ./Middlewares/ST/STM32_USB_Device_Library/Core/Src/usbd_core.o
                0x0800cf54                USBD_LL_IsoOUTIncomplete
 .text.USBD_LL_DevConnected
                0x0800cfb8       0x16 ./Middlewares/ST/STM32_USB_Device_Library/Core/Src/usbd_core.o
                0x0800cfb8                USBD_LL_DevConnected
 .text.USBD_LL_DevDisconnected
                0x0800cfce       0x46 ./Middlewares/ST/STM32_USB_Device_Library/Core/Src/usbd_core.o
                0x0800cfce                USBD_LL_DevDisconnected
 .text.USBD_CoreFindIF
                0x0800d014       0x1a ./Middlewares/ST/STM32_USB_Device_Library/Core/Src/usbd_core.o
                0x0800d014                USBD_CoreFindIF
 .text.USBD_CoreFindEP
                0x0800d02e       0x1a ./Middlewares/ST/STM32_USB_Device_Library/Core/Src/usbd_core.o
                0x0800d02e                USBD_CoreFindEP
 .text.USBD_GetEpDesc
                0x0800d048       0x70 ./Middlewares/ST/STM32_USB_Device_Library/Core/Src/usbd_core.o
                0x0800d048                USBD_GetEpDesc
 .text.USBD_GetNextDesc
                0x0800d0b8       0x38 ./Middlewares/ST/STM32_USB_Device_Library/Core/Src/usbd_core.o
                0x0800d0b8                USBD_GetNextDesc
 .text.SWAPBYTE
                0x0800d0f0       0x3e ./Middlewares/ST/STM32_USB_Device_Library/Core/Src/usbd_ctlreq.o
 *fill*         0x0800d12e        0x2 
 .text.USBD_StdDevReq
                0x0800d130       0xe4 ./Middlewares/ST/STM32_USB_Device_Library/Core/Src/usbd_ctlreq.o
                0x0800d130                USBD_StdDevReq
 .text.USBD_StdItfReq
                0x0800d214       0xd8 ./Middlewares/ST/STM32_USB_Device_Library/Core/Src/usbd_ctlreq.o
                0x0800d214                USBD_StdItfReq
 .text.USBD_StdEPReq
                0x0800d2ec      0x33e ./Middlewares/ST/STM32_USB_Device_Library/Core/Src/usbd_ctlreq.o
                0x0800d2ec                USBD_StdEPReq
 *fill*         0x0800d62a        0x2 
 .text.USBD_GetDescriptor
                0x0800d62c      0x2d4 ./Middlewares/ST/STM32_USB_Device_Library/Core/Src/usbd_ctlreq.o
 .text.USBD_SetAddress
                0x0800d900       0x88 ./Middlewares/ST/STM32_USB_Device_Library/Core/Src/usbd_ctlreq.o
 .text.USBD_SetConfig
                0x0800d988      0x154 ./Middlewares/ST/STM32_USB_Device_Library/Core/Src/usbd_ctlreq.o
 .text.USBD_GetConfig
                0x0800dadc       0x6c ./Middlewares/ST/STM32_USB_Device_Library/Core/Src/usbd_ctlreq.o
 .text.USBD_GetStatus
                0x0800db48       0x68 ./Middlewares/ST/STM32_USB_Device_Library/Core/Src/usbd_ctlreq.o
 .text.USBD_SetFeature
                0x0800dbb0       0x52 ./Middlewares/ST/STM32_USB_Device_Library/Core/Src/usbd_ctlreq.o
 .text.USBD_ClrFeature
                0x0800dc02       0x44 ./Middlewares/ST/STM32_USB_Device_Library/Core/Src/usbd_ctlreq.o
 .text.USBD_ParseSetupRequest
                0x0800dc46       0x74 ./Middlewares/ST/STM32_USB_Device_Library/Core/Src/usbd_ctlreq.o
                0x0800dc46                USBD_ParseSetupRequest
 .text.USBD_CtlError
                0x0800dcba       0x22 ./Middlewares/ST/STM32_USB_Device_Library/Core/Src/usbd_ctlreq.o
                0x0800dcba                USBD_CtlError
 .text.USBD_GetString
                0x0800dcdc       0xa4 ./Middlewares/ST/STM32_USB_Device_Library/Core/Src/usbd_ctlreq.o
                0x0800dcdc                USBD_GetString
 .text.USBD_GetLen
                0x0800dd80       0x34 ./Middlewares/ST/STM32_USB_Device_Library/Core/Src/usbd_ctlreq.o
 .text.USBD_CtlSendData
                0x0800ddb4       0x3c ./Middlewares/ST/STM32_USB_Device_Library/Core/Src/usbd_ioreq.o
                0x0800ddb4                USBD_CtlSendData
 .text.USBD_CtlContinueSendData
                0x0800ddf0       0x22 ./Middlewares/ST/STM32_USB_Device_Library/Core/Src/usbd_ioreq.o
                0x0800ddf0                USBD_CtlContinueSendData
 .text.USBD_CtlPrepareRx
                0x0800de12       0x42 ./Middlewares/ST/STM32_USB_Device_Library/Core/Src/usbd_ioreq.o
                0x0800de12                USBD_CtlPrepareRx
 .text.USBD_CtlContinueRx
                0x0800de54       0x22 ./Middlewares/ST/STM32_USB_Device_Library/Core/Src/usbd_ioreq.o
                0x0800de54                USBD_CtlContinueRx
 .text.USBD_CtlSendStatus
                0x0800de76       0x26 ./Middlewares/ST/STM32_USB_Device_Library/Core/Src/usbd_ioreq.o
                0x0800de76                USBD_CtlSendStatus
 .text.USBD_CtlReceiveStatus
                0x0800de9c       0x26 ./Middlewares/ST/STM32_USB_Device_Library/Core/Src/usbd_ioreq.o
                0x0800de9c                USBD_CtlReceiveStatus
 *fill*         0x0800dec2        0x2 
 .text.__NVIC_SetPriority
                0x0800dec4       0x54 ./Middlewares/Third_Party/FreeRTOS/Source/CMSIS_RTOS_V2/cmsis_os2.o
 .text.SysTick_Handler
                0x0800df18       0x20 ./Middlewares/Third_Party/FreeRTOS/Source/CMSIS_RTOS_V2/cmsis_os2.o
                0x0800df18                SysTick_Handler
 .text.SVC_Setup
                0x0800df38       0x12 ./Middlewares/Third_Party/FreeRTOS/Source/CMSIS_RTOS_V2/cmsis_os2.o
 *fill*         0x0800df4a        0x2 
 .text.osKernelInitialize
                0x0800df4c       0x48 ./Middlewares/Third_Party/FreeRTOS/Source/CMSIS_RTOS_V2/cmsis_os2.o
                0x0800df4c                osKernelInitialize
 .text.osKernelStart
                0x0800df94       0x4c ./Middlewares/Third_Party/FreeRTOS/Source/CMSIS_RTOS_V2/cmsis_os2.o
                0x0800df94                osKernelStart
 .text.osThreadNew
                0x0800dfe0      0x124 ./Middlewares/Third_Party/FreeRTOS/Source/CMSIS_RTOS_V2/cmsis_os2.o
                0x0800dfe0                osThreadNew
 .text.osDelay  0x0800e104       0x36 ./Middlewares/Third_Party/FreeRTOS/Source/CMSIS_RTOS_V2/cmsis_os2.o
                0x0800e104                osDelay
 *fill*         0x0800e13a        0x2 
 .text.vApplicationGetIdleTaskMemory
                0x0800e13c       0x34 ./Middlewares/Third_Party/FreeRTOS/Source/CMSIS_RTOS_V2/cmsis_os2.o
                0x0800e13c                vApplicationGetIdleTaskMemory
 .text.vApplicationGetTimerTaskMemory
                0x0800e170       0x34 ./Middlewares/Third_Party/FreeRTOS/Source/CMSIS_RTOS_V2/cmsis_os2.o
                0x0800e170                vApplicationGetTimerTaskMemory
 .text.vListInitialise
                0x0800e1a4       0x40 ./Middlewares/Third_Party/FreeRTOS/Source/list.o
                0x0800e1a4                vListInitialise
 .text.vListInitialiseItem
                0x0800e1e4       0x1a ./Middlewares/Third_Party/FreeRTOS/Source/list.o
                0x0800e1e4                vListInitialiseItem
 .text.vListInsertEnd
                0x0800e1fe       0x48 ./Middlewares/Third_Party/FreeRTOS/Source/list.o
                0x0800e1fe                vListInsertEnd
 .text.vListInsert
                0x0800e246       0x72 ./Middlewares/Third_Party/FreeRTOS/Source/list.o
                0x0800e246                vListInsert
 .text.uxListRemove
                0x0800e2b8       0x54 ./Middlewares/Third_Party/FreeRTOS/Source/list.o
                0x0800e2b8                uxListRemove
 .text.xQueueGenericReset
                0x0800e30c       0xd4 ./Middlewares/Third_Party/FreeRTOS/Source/queue.o
                0x0800e30c                xQueueGenericReset
 .text.xQueueGenericCreateStatic
                0x0800e3e0       0xfa ./Middlewares/Third_Party/FreeRTOS/Source/queue.o
                0x0800e3e0                xQueueGenericCreateStatic
 .text.xQueueGenericCreate
                0x0800e4da       0x76 ./Middlewares/Third_Party/FreeRTOS/Source/queue.o
                0x0800e4da                xQueueGenericCreate
 .text.prvInitialiseNewQueue
                0x0800e550       0x46 ./Middlewares/Third_Party/FreeRTOS/Source/queue.o
 .text.prvInitialiseMutex
                0x0800e596       0x34 ./Middlewares/Third_Party/FreeRTOS/Source/queue.o
 .text.xQueueCreateMutex
                0x0800e5ca       0x30 ./Middlewares/Third_Party/FreeRTOS/Source/queue.o
                0x0800e5ca                xQueueCreateMutex
 *fill*         0x0800e5fa        0x2 
 .text.xQueueGenericSend
                0x0800e5fc      0x204 ./Middlewares/Third_Party/FreeRTOS/Source/queue.o
                0x0800e5fc                xQueueGenericSend
 .text.xQueueGenericSendFromISR
                0x0800e800      0x13c ./Middlewares/Third_Party/FreeRTOS/Source/queue.o
                0x0800e800                xQueueGenericSendFromISR
 .text.xQueueReceive
                0x0800e93c      0x1c4 ./Middlewares/Third_Party/FreeRTOS/Source/queue.o
                0x0800e93c                xQueueReceive
 .text.xQueueSemaphoreTake
                0x0800eb00      0x220 ./Middlewares/Third_Party/FreeRTOS/Source/queue.o
                0x0800eb00                xQueueSemaphoreTake
 .text.prvGetDisinheritPriorityAfterTimeout
                0x0800ed20       0x30 ./Middlewares/Third_Party/FreeRTOS/Source/queue.o
 .text.prvCopyDataToQueue
                0x0800ed50       0xd4 ./Middlewares/Third_Party/FreeRTOS/Source/queue.o
 .text.prvCopyDataFromQueue
                0x0800ee24       0x4c ./Middlewares/Third_Party/FreeRTOS/Source/queue.o
 .text.prvUnlockQueue
                0x0800ee70       0xa4 ./Middlewares/Third_Party/FreeRTOS/Source/queue.o
 .text.prvIsQueueEmpty
                0x0800ef14       0x2c ./Middlewares/Third_Party/FreeRTOS/Source/queue.o
 .text.prvIsQueueFull
                0x0800ef40       0x30 ./Middlewares/Third_Party/FreeRTOS/Source/queue.o
 .text.vQueueAddToRegistry
                0x0800ef70       0x54 ./Middlewares/Third_Party/FreeRTOS/Source/queue.o
                0x0800ef70                vQueueAddToRegistry
 .text.vQueueWaitForMessageRestricted
                0x0800efc4       0x68 ./Middlewares/Third_Party/FreeRTOS/Source/queue.o
                0x0800efc4                vQueueWaitForMessageRestricted
 .text.xTaskCreateStatic
                0x0800f02c       0xc0 ./Middlewares/Third_Party/FreeRTOS/Source/tasks.o
                0x0800f02c                xTaskCreateStatic
 .text.xTaskCreate
                0x0800f0ec       0x8a ./Middlewares/Third_Party/FreeRTOS/Source/tasks.o
                0x0800f0ec                xTaskCreate
 *fill*         0x0800f176        0x2 
 .text.prvInitialiseNewTask
                0x0800f178      0x150 ./Middlewares/Third_Party/FreeRTOS/Source/tasks.o
 .text.prvAddNewTaskToReadyList
                0x0800f2c8       0xe0 ./Middlewares/Third_Party/FreeRTOS/Source/tasks.o
 .text.vTaskDelayUntil
                0x0800f3a8      0x100 ./Middlewares/Third_Party/FreeRTOS/Source/tasks.o
                0x0800f3a8                vTaskDelayUntil
 .text.vTaskDelay
                0x0800f4a8       0x6c ./Middlewares/Third_Party/FreeRTOS/Source/tasks.o
                0x0800f4a8                vTaskDelay
 .text.vTaskStartScheduler
                0x0800f514       0xe0 ./Middlewares/Third_Party/FreeRTOS/Source/tasks.o
                0x0800f514                vTaskStartScheduler
 .text.vTaskSuspendAll
                0x0800f5f4       0x1c ./Middlewares/Third_Party/FreeRTOS/Source/tasks.o
                0x0800f5f4                vTaskSuspendAll
 .text.xTaskResumeAll
                0x0800f610      0x13c ./Middlewares/Third_Party/FreeRTOS/Source/tasks.o
                0x0800f610                xTaskResumeAll
 .text.xTaskGetTickCount
                0x0800f74c       0x20 ./Middlewares/Third_Party/FreeRTOS/Source/tasks.o
                0x0800f74c                xTaskGetTickCount
 .text.xTaskIncrementTick
                0x0800f76c      0x174 ./Middlewares/Third_Party/FreeRTOS/Source/tasks.o
                0x0800f76c                xTaskIncrementTick
 .text.vTaskSwitchContext
                0x0800f8e0       0xcc ./Middlewares/Third_Party/FreeRTOS/Source/tasks.o
                0x0800f8e0                vTaskSwitchContext
 .text.vTaskPlaceOnEventList
                0x0800f9ac       0x4c ./Middlewares/Third_Party/FreeRTOS/Source/tasks.o
                0x0800f9ac                vTaskPlaceOnEventList
 .text.vTaskPlaceOnEventListRestricted
                0x0800f9f8       0x58 ./Middlewares/Third_Party/FreeRTOS/Source/tasks.o
                0x0800f9f8                vTaskPlaceOnEventListRestricted
 .text.xTaskRemoveFromEventList
                0x0800fa50       0xc8 ./Middlewares/Third_Party/FreeRTOS/Source/tasks.o
                0x0800fa50                xTaskRemoveFromEventList
 .text.vTaskInternalSetTimeOutState
                0x0800fb18       0x2c ./Middlewares/Third_Party/FreeRTOS/Source/tasks.o
                0x0800fb18                vTaskInternalSetTimeOutState
 .text.xTaskCheckForTimeOut
                0x0800fb44       0xc8 ./Middlewares/Third_Party/FreeRTOS/Source/tasks.o
                0x0800fb44                xTaskCheckForTimeOut
 .text.vTaskMissedYield
                0x0800fc0c       0x18 ./Middlewares/Third_Party/FreeRTOS/Source/tasks.o
                0x0800fc0c                vTaskMissedYield
 .text.prvIdleTask
                0x0800fc24       0x30 ./Middlewares/Third_Party/FreeRTOS/Source/tasks.o
 .text.prvInitialiseTaskLists
                0x0800fc54       0x80 ./Middlewares/Third_Party/FreeRTOS/Source/tasks.o
 .text.prvCheckTasksWaitingTermination
                0x0800fcd4       0x5c ./Middlewares/Third_Party/FreeRTOS/Source/tasks.o
 .text.prvDeleteTCB
                0x0800fd30       0x6a ./Middlewares/Third_Party/FreeRTOS/Source/tasks.o
 *fill*         0x0800fd9a        0x2 
 .text.prvResetNextTaskUnblockTime
                0x0800fd9c       0x40 ./Middlewares/Third_Party/FreeRTOS/Source/tasks.o
 .text.xTaskGetSchedulerState
                0x0800fddc       0x3c ./Middlewares/Third_Party/FreeRTOS/Source/tasks.o
                0x0800fddc                xTaskGetSchedulerState
 .text.xTaskPriorityInherit
                0x0800fe18       0xd0 ./Middlewares/Third_Party/FreeRTOS/Source/tasks.o
                0x0800fe18                xTaskPriorityInherit
 .text.xTaskPriorityDisinherit
                0x0800fee8       0xe0 ./Middlewares/Third_Party/FreeRTOS/Source/tasks.o
                0x0800fee8                xTaskPriorityDisinherit
 .text.vTaskPriorityDisinheritAfterTimeout
                0x0800ffc8      0x108 ./Middlewares/Third_Party/FreeRTOS/Source/tasks.o
                0x0800ffc8                vTaskPriorityDisinheritAfterTimeout
 .text.pvTaskIncrementMutexHeldCount
                0x080100d0       0x28 ./Middlewares/Third_Party/FreeRTOS/Source/tasks.o
                0x080100d0                pvTaskIncrementMutexHeldCount
 .text.prvAddCurrentTaskToDelayedList
                0x080100f8       0xa8 ./Middlewares/Third_Party/FreeRTOS/Source/tasks.o
 .text.xTimerCreateTimerTask
                0x080101a0       0x94 ./Middlewares/Third_Party/FreeRTOS/Source/timers.o
                0x080101a0                xTimerCreateTimerTask
 .text.xTimerGenericCommand
                0x08010234       0x9c ./Middlewares/Third_Party/FreeRTOS/Source/timers.o
                0x08010234                xTimerGenericCommand
 .text.prvProcessExpiredTimer
                0x080102d0       0x9c ./Middlewares/Third_Party/FreeRTOS/Source/timers.o
 .text.prvTimerTask
                0x0801036c       0x26 ./Middlewares/Third_Party/FreeRTOS/Source/timers.o
 *fill*         0x08010392        0x2 
 .text.prvProcessTimerOrBlockTask
                0x08010394       0x9c ./Middlewares/Third_Party/FreeRTOS/Source/timers.o
 .text.prvGetNextExpireTime
                0x08010430       0x48 ./Middlewares/Third_Party/FreeRTOS/Source/timers.o
 .text.prvSampleTimeNow
                0x08010478       0x40 ./Middlewares/Third_Party/FreeRTOS/Source/timers.o
 .text.prvInsertTimerInActiveList
                0x080104b8       0x84 ./Middlewares/Third_Party/FreeRTOS/Source/timers.o
 .text.prvProcessReceivedCommands
                0x0801053c      0x1cc ./Middlewares/Third_Party/FreeRTOS/Source/timers.o
 .text.prvSwitchTimerLists
                0x08010708       0xcc ./Middlewares/Third_Party/FreeRTOS/Source/timers.o
 .text.prvCheckForValidListAndQueue
                0x080107d4       0x80 ./Middlewares/Third_Party/FreeRTOS/Source/timers.o
 .text.pxPortInitialiseStack
                0x08010854       0x68 ./Middlewares/Third_Party/FreeRTOS/Source/portable/GCC/ARM_CM4F/port.o
                0x08010854                pxPortInitialiseStack
 .text.prvTaskExitError
                0x080108bc       0x5c ./Middlewares/Third_Party/FreeRTOS/Source/portable/GCC/ARM_CM4F/port.o
 *fill*         0x08010918        0x8 
 .text.SVC_Handler
                0x08010920       0x28 ./Middlewares/Third_Party/FreeRTOS/Source/portable/GCC/ARM_CM4F/port.o
                0x08010920                SVC_Handler
 .text.prvPortStartFirstTask
                0x08010948       0x28 ./Middlewares/Third_Party/FreeRTOS/Source/portable/GCC/ARM_CM4F/port.o
 .text.xPortStartScheduler
                0x08010970      0x148 ./Middlewares/Third_Party/FreeRTOS/Source/portable/GCC/ARM_CM4F/port.o
                0x08010970                xPortStartScheduler
 .text.vPortEnterCritical
                0x08010ab8       0x64 ./Middlewares/Third_Party/FreeRTOS/Source/portable/GCC/ARM_CM4F/port.o
                0x08010ab8                vPortEnterCritical
 .text.vPortExitCritical
                0x08010b1c       0x54 ./Middlewares/Third_Party/FreeRTOS/Source/portable/GCC/ARM_CM4F/port.o
                0x08010b1c                vPortExitCritical
 .text.PendSV_Handler
                0x08010b70       0x68 ./Middlewares/Third_Party/FreeRTOS/Source/portable/GCC/ARM_CM4F/port.o
                0x08010b70                PendSV_Handler
 .text.xPortSysTickHandler
                0x08010bd8       0x44 ./Middlewares/Third_Party/FreeRTOS/Source/portable/GCC/ARM_CM4F/port.o
                0x08010bd8                xPortSysTickHandler
 .text.vPortSetupTimerInterrupt
                0x08010c1c       0x48 ./Middlewares/Third_Party/FreeRTOS/Source/portable/GCC/ARM_CM4F/port.o
                0x08010c1c                vPortSetupTimerInterrupt
 .text.vPortEnableVFP
                0x08010c64       0x14 ./Middlewares/Third_Party/FreeRTOS/Source/portable/GCC/ARM_CM4F/port.o
 .text.vPortValidateInterruptPriority
                0x08010c78       0x84 ./Middlewares/Third_Party/FreeRTOS/Source/portable/GCC/ARM_CM4F/port.o
                0x08010c78                vPortValidateInterruptPriority
 .text.pvPortMalloc
                0x08010cfc      0x19c ./Middlewares/Third_Party/FreeRTOS/Source/portable/MemMang/heap_4.o
                0x08010cfc                pvPortMalloc
 .text.vPortFree
                0x08010e98       0xc8 ./Middlewares/Third_Party/FreeRTOS/Source/portable/MemMang/heap_4.o
                0x08010e98                vPortFree
 .text.prvHeapInit
                0x08010f60       0xc4 ./Middlewares/Third_Party/FreeRTOS/Source/portable/MemMang/heap_4.o
 .text.prvInsertBlockIntoFreeList
                0x08011024       0xb4 ./Middlewares/Third_Party/FreeRTOS/Source/portable/MemMang/heap_4.o
 .text.MX_USB_DEVICE_Init
                0x080110d8       0x60 ./USB_DEVICE/App/usb_device.o
                0x080110d8                MX_USB_DEVICE_Init
 .text.CDC_Init_FS
                0x08011138       0x28 ./USB_DEVICE/App/usbd_cdc_if.o
 .text.CDC_DeInit_FS
                0x08011160       0x10 ./USB_DEVICE/App/usbd_cdc_if.o
 .text.CDC_Control_FS
                0x08011170       0xbc ./USB_DEVICE/App/usbd_cdc_if.o
 .text.CDC_Receive_FS
                0x0801122c       0x28 ./USB_DEVICE/App/usbd_cdc_if.o
 .text.CDC_TransmitCplt_FS
                0x08011254       0x22 ./USB_DEVICE/App/usbd_cdc_if.o
 *fill*         0x08011276        0x2 
 .text.USBD_FS_DeviceDescriptor
                0x08011278       0x24 ./USB_DEVICE/App/usbd_desc.o
                0x08011278                USBD_FS_DeviceDescriptor
 .text.USBD_FS_LangIDStrDescriptor
                0x0801129c       0x24 ./USB_DEVICE/App/usbd_desc.o
                0x0801129c                USBD_FS_LangIDStrDescriptor
 .text.USBD_FS_ProductStrDescriptor
                0x080112c0       0x3c ./USB_DEVICE/App/usbd_desc.o
                0x080112c0                USBD_FS_ProductStrDescriptor
 .text.USBD_FS_ManufacturerStrDescriptor
                0x080112fc       0x28 ./USB_DEVICE/App/usbd_desc.o
                0x080112fc                USBD_FS_ManufacturerStrDescriptor
 .text.USBD_FS_SerialStrDescriptor
                0x08011324       0x24 ./USB_DEVICE/App/usbd_desc.o
                0x08011324                USBD_FS_SerialStrDescriptor
 .text.USBD_FS_ConfigStrDescriptor
                0x08011348       0x3c ./USB_DEVICE/App/usbd_desc.o
                0x08011348                USBD_FS_ConfigStrDescriptor
 .text.USBD_FS_InterfaceStrDescriptor
                0x08011384       0x3c ./USB_DEVICE/App/usbd_desc.o
                0x08011384                USBD_FS_InterfaceStrDescriptor
 .text.Get_SerialNum
                0x080113c0       0x58 ./USB_DEVICE/App/usbd_desc.o
 .text.IntToUnicode
                0x08011418       0x7e ./USB_DEVICE/App/usbd_desc.o
 *fill*         0x08011496        0x2 
 .text.HAL_PCD_MspInit
                0x08011498       0xc4 ./USB_DEVICE/Target/usbd_conf.o
                0x08011498                HAL_PCD_MspInit
 .text.HAL_PCD_SetupStageCallback
                0x0801155c       0x24 ./USB_DEVICE/Target/usbd_conf.o
                0x0801155c                HAL_PCD_SetupStageCallback
 .text.HAL_PCD_DataOutStageCallback
                0x08011580       0x36 ./USB_DEVICE/Target/usbd_conf.o
                0x08011580                HAL_PCD_DataOutStageCallback
 .text.HAL_PCD_DataInStageCallback
                0x080115b6       0x34 ./USB_DEVICE/Target/usbd_conf.o
                0x080115b6                HAL_PCD_DataInStageCallback
 .text.HAL_PCD_SOFCallback
                0x080115ea       0x1c ./USB_DEVICE/Target/usbd_conf.o
                0x080115ea                HAL_PCD_SOFCallback
 .text.HAL_PCD_ResetCallback
                0x08011606       0x50 ./USB_DEVICE/Target/usbd_conf.o
                0x08011606                HAL_PCD_ResetCallback
 *fill*         0x08011656        0x2 
 .text.HAL_PCD_SuspendCallback
                0x08011658       0x4c ./USB_DEVICE/Target/usbd_conf.o
                0x08011658                HAL_PCD_SuspendCallback
 .text.HAL_PCD_ResumeCallback
                0x080116a4       0x1c ./USB_DEVICE/Target/usbd_conf.o
                0x080116a4                HAL_PCD_ResumeCallback
 .text.HAL_PCD_ISOOUTIncompleteCallback
                0x080116c0       0x24 ./USB_DEVICE/Target/usbd_conf.o
                0x080116c0                HAL_PCD_ISOOUTIncompleteCallback
 .text.HAL_PCD_ISOINIncompleteCallback
                0x080116e4       0x24 ./USB_DEVICE/Target/usbd_conf.o
                0x080116e4                HAL_PCD_ISOINIncompleteCallback
 .text.HAL_PCD_ConnectCallback
                0x08011708       0x1c ./USB_DEVICE/Target/usbd_conf.o
                0x08011708                HAL_PCD_ConnectCallback
 .text.HAL_PCD_DisconnectCallback
                0x08011724       0x1c ./USB_DEVICE/Target/usbd_conf.o
                0x08011724                HAL_PCD_DisconnectCallback
 .text.USBD_LL_Init
                0x08011740       0x98 ./USB_DEVICE/Target/usbd_conf.o
                0x08011740                USBD_LL_Init
 .text.USBD_LL_Start
                0x080117d8       0x36 ./USB_DEVICE/Target/usbd_conf.o
                0x080117d8                USBD_LL_Start
 .text.USBD_LL_OpenEP
                0x0801180e       0x4c ./USB_DEVICE/Target/usbd_conf.o
                0x0801180e                USBD_LL_OpenEP
 .text.USBD_LL_CloseEP
                0x0801185a       0x3e ./USB_DEVICE/Target/usbd_conf.o
                0x0801185a                USBD_LL_CloseEP
 .text.USBD_LL_StallEP
                0x08011898       0x3e ./USB_DEVICE/Target/usbd_conf.o
                0x08011898                USBD_LL_StallEP
 .text.USBD_LL_ClearStallEP
                0x080118d6       0x3e ./USB_DEVICE/Target/usbd_conf.o
                0x080118d6                USBD_LL_ClearStallEP
 .text.USBD_LL_IsStallEP
                0x08011914       0x58 ./USB_DEVICE/Target/usbd_conf.o
                0x08011914                USBD_LL_IsStallEP
 .text.USBD_LL_SetUSBAddress
                0x0801196c       0x3e ./USB_DEVICE/Target/usbd_conf.o
                0x0801196c                USBD_LL_SetUSBAddress
 .text.USBD_LL_Transmit
                0x080119aa       0x42 ./USB_DEVICE/Target/usbd_conf.o
                0x080119aa                USBD_LL_Transmit
 .text.USBD_LL_PrepareReceive
                0x080119ec       0x42 ./USB_DEVICE/Target/usbd_conf.o
                0x080119ec                USBD_LL_PrepareReceive
 .text.USBD_LL_GetRxDataSize
                0x08011a2e       0x26 ./USB_DEVICE/Target/usbd_conf.o
                0x08011a2e                USBD_LL_GetRxDataSize
 .text.USBD_static_malloc
                0x08011a54       0x1c ./USB_DEVICE/Target/usbd_conf.o
                0x08011a54                USBD_static_malloc
 .text.USBD_static_free
                0x08011a70       0x14 ./USB_DEVICE/Target/usbd_conf.o
                0x08011a70                USBD_static_free
 .text.USBD_Get_USB_Status
                0x08011a84       0x58 ./USB_DEVICE/Target/usbd_conf.o
                0x08011a84                USBD_Get_USB_Status
 .text.snprintf
                0x08011adc       0x6c C:/ST/STM32CubeIDE_1.19.0/STM32CubeIDE/plugins/com.st.stm32cube.ide.mcu.externaltools.gnu-tools-for-stm32.13.3.rel1.win32_1.0.0.202411081344/tools/bin/../lib/gcc/arm-none-eabi/13.3.1/../../../../arm-none-eabi/lib/thumb/v7e-m+fp/hard\libc_nano.a(libc_a-snprintf.o)
                0x08011adc                sniprintf
                0x08011adc                snprintf
 .text.sscanf   0x08011b48       0x58 C:/ST/STM32CubeIDE_1.19.0/STM32CubeIDE/plugins/com.st.stm32cube.ide.mcu.externaltools.gnu-tools-for-stm32.13.3.rel1.win32_1.0.0.202411081344/tools/bin/../lib/gcc/arm-none-eabi/13.3.1/../../../../arm-none-eabi/lib/thumb/v7e-m+fp/hard\libc_nano.a(libc_a-sscanf.o)
                0x08011b48                siscanf
                0x08011b48                sscanf
 .text.__seofread
                0x08011ba0        0x4 C:/ST/STM32CubeIDE_1.19.0/STM32CubeIDE/plugins/com.st.stm32cube.ide.mcu.externaltools.gnu-tools-for-stm32.13.3.rel1.win32_1.0.0.202411081344/tools/bin/../lib/gcc/arm-none-eabi/13.3.1/../../../../arm-none-eabi/lib/thumb/v7e-m+fp/hard\libc_nano.a(libc_a-stdio.o)
                0x08011ba0                __seofread
 .text.memset   0x08011ba4       0x10 C:/ST/STM32CubeIDE_1.19.0/STM32CubeIDE/plugins/com.st.stm32cube.ide.mcu.externaltools.gnu-tools-for-stm32.13.3.rel1.win32_1.0.0.202411081344/tools/bin/../lib/gcc/arm-none-eabi/13.3.1/../../../../arm-none-eabi/lib/thumb/v7e-m+fp/hard\libc_nano.a(libc_a-memset.o)
                0x08011ba4                memset
 .text.strncmp  0x08011bb4       0x24 C:/ST/STM32CubeIDE_1.19.0/STM32CubeIDE/plugins/com.st.stm32cube.ide.mcu.externaltools.gnu-tools-for-stm32.13.3.rel1.win32_1.0.0.202411081344/tools/bin/../lib/gcc/arm-none-eabi/13.3.1/../../../../arm-none-eabi/lib/thumb/v7e-m+fp/hard\libc_nano.a(libc_a-strncmp.o)
                0x08011bb4                strncmp
 .text.strncpy  0x08011bd8       0x26 C:/ST/STM32CubeIDE_1.19.0/STM32CubeIDE/plugins/com.st.stm32cube.ide.mcu.externaltools.gnu-tools-for-stm32.13.3.rel1.win32_1.0.0.202411081344/tools/bin/../lib/gcc/arm-none-eabi/13.3.1/../../../../arm-none-eabi/lib/thumb/v7e-m+fp/hard\libc_nano.a(libc_a-strncpy.o)
                0x08011bd8                strncpy
 *fill*         0x08011bfe        0x2 
 .text._reclaim_reent
                0x08011c00       0xbc C:/ST/STM32CubeIDE_1.19.0/STM32CubeIDE/plugins/com.st.stm32cube.ide.mcu.externaltools.gnu-tools-for-stm32.13.3.rel1.win32_1.0.0.202411081344/tools/bin/../lib/gcc/arm-none-eabi/13.3.1/../../../../arm-none-eabi/lib/thumb/v7e-m+fp/hard\libc_nano.a(libc_a-reent.o)
                0x08011c00                _reclaim_reent
 .text.__errno  0x08011cbc        0xc C:/ST/STM32CubeIDE_1.19.0/STM32CubeIDE/plugins/com.st.stm32cube.ide.mcu.externaltools.gnu-tools-for-stm32.13.3.rel1.win32_1.0.0.202411081344/tools/bin/../lib/gcc/arm-none-eabi/13.3.1/../../../../arm-none-eabi/lib/thumb/v7e-m+fp/hard\libc_nano.a(libc_a-errno.o)
                0x08011cbc                __errno
 .text.__libc_init_array
                0x08011cc8       0x48 C:/ST/STM32CubeIDE_1.19.0/STM32CubeIDE/plugins/com.st.stm32cube.ide.mcu.externaltools.gnu-tools-for-stm32.13.3.rel1.win32_1.0.0.202411081344/tools/bin/../lib/gcc/arm-none-eabi/13.3.1/../../../../arm-none-eabi/lib/thumb/v7e-m+fp/hard\libc_nano.a(libc_a-init.o)
                0x08011cc8                __libc_init_array
 .text.__retarget_lock_acquire_recursive
                0x08011d10        0x2 C:/ST/STM32CubeIDE_1.19.0/STM32CubeIDE/plugins/com.st.stm32cube.ide.mcu.externaltools.gnu-tools-for-stm32.13.3.rel1.win32_1.0.0.202411081344/tools/bin/../lib/gcc/arm-none-eabi/13.3.1/../../../../arm-none-eabi/lib/thumb/v7e-m+fp/hard\libc_nano.a(libc_a-lock.o)
                0x08011d10                __retarget_lock_acquire_recursive
 .text.__retarget_lock_release_recursive
                0x08011d12        0x2 C:/ST/STM32CubeIDE_1.19.0/STM32CubeIDE/plugins/com.st.stm32cube.ide.mcu.externaltools.gnu-tools-for-stm32.13.3.rel1.win32_1.0.0.202411081344/tools/bin/../lib/gcc/arm-none-eabi/13.3.1/../../../../arm-none-eabi/lib/thumb/v7e-m+fp/hard\libc_nano.a(libc_a-lock.o)
                0x08011d12                __retarget_lock_release_recursive