Archive member included to satisfy reference by file (symbol)

C:/ST/STM32CubeIDE_1.19.0/STM32CubeIDE/plugins/com.st.stm32cube.ide.mcu.externaltools.gnu-tools-for-stm32.13.3.rel1.win32_1.0.0.202411081344/tools/bin/../lib/gcc/arm-none-eabi/13.3.1/../../../../arm-none-eabi/lib/thumb/v7e-m+fp/hard\libc_nano.a(libc_a-exit.o)
                              C:/ST/STM32CubeIDE_1.19.0/STM32CubeIDE/plugins/com.st.stm32cube.ide.mcu.externaltools.gnu-tools-for-stm32.13.3.rel1.win32_1.0.0.202411081344/tools/bin/../lib/gcc/arm-none-eabi/13.3.1/../../../../arm-none-eabi/lib/thumb/v7e-m+fp/hard/crt0.o (exit)
C:/ST/STM32CubeIDE_1.19.0/STM32CubeIDE/plugins/com.st.stm32cube.ide.mcu.externaltools.gnu-tools-for-stm32.13.3.rel1.win32_1.0.0.202411081344/tools/bin/../lib/gcc/arm-none-eabi/13.3.1/../../../../arm-none-eabi/lib/thumb/v7e-m+fp/hard\libc_nano.a(libc_a-findfp.o)
                              ./Middlewares/Third_Party/FreeRTOS/Source/tasks.o (__sf)
C:/ST/STM32CubeIDE_1.19.0/STM32CubeIDE/plugins/com.st.stm32cube.ide.mcu.externaltools.gnu-tools-for-stm32.13.3.rel1.win32_1.0.0.202411081344/tools/bin/../lib/gcc/arm-none-eabi/13.3.1/../../../../arm-none-eabi/lib/thumb/v7e-m+fp/hard\libc_nano.a(libc_a-fwalk.o)
                              C:/ST/STM32CubeIDE_1.19.0/STM32CubeIDE/plugins/com.st.stm32cube.ide.mcu.externaltools.gnu-tools-for-stm32.13.3.rel1.win32_1.0.0.202411081344/tools/bin/../lib/gcc/arm-none-eabi/13.3.1/../../../../arm-none-eabi/lib/thumb/v7e-m+fp/hard\libc_nano.a(libc_a-findfp.o) (_fwalk_sglue)
C:/ST/STM32CubeIDE_1.19.0/STM32CubeIDE/plugins/com.st.stm32cube.ide.mcu.externaltools.gnu-tools-for-stm32.13.3.rel1.win32_1.0.0.202411081344/tools/bin/../lib/gcc/arm-none-eabi/13.3.1/../../../../arm-none-eabi/lib/thumb/v7e-m+fp/hard\libc_nano.a(libc_a-snprintf.o)
                              ./App/Src/vehicle_display.o (snprintf)
C:/ST/STM32CubeIDE_1.19.0/STM32CubeIDE/plugins/com.st.stm32cube.ide.mcu.externaltools.gnu-tools-for-stm32.13.3.rel1.win32_1.0.0.202411081344/tools/bin/../lib/gcc/arm-none-eabi/13.3.1/../../../../arm-none-eabi/lib/thumb/v7e-m+fp/hard\libc_nano.a(libc_a-sscanf.o)
                              ./App/Src/vehicle_control.o (sscanf)
C:/ST/STM32CubeIDE_1.19.0/STM32CubeIDE/plugins/com.st.stm32cube.ide.mcu.externaltools.gnu-tools-for-stm32.13.3.rel1.win32_1.0.0.202411081344/tools/bin/../lib/gcc/arm-none-eabi/13.3.1/../../../../arm-none-eabi/lib/thumb/v7e-m+fp/hard\libc_nano.a(libc_a-stdio.o)
                              C:/ST/STM32CubeIDE_1.19.0/STM32CubeIDE/plugins/com.st.stm32cube.ide.mcu.externaltools.gnu-tools-for-stm32.13.3.rel1.win32_1.0.0.202411081344/tools/bin/../lib/gcc/arm-none-eabi/13.3.1/../../../../arm-none-eabi/lib/thumb/v7e-m+fp/hard\libc_nano.a(libc_a-findfp.o) (__sread)
C:/ST/STM32CubeIDE_1.19.0/STM32CubeIDE/plugins/com.st.stm32cube.ide.mcu.externaltools.gnu-tools-for-stm32.13.3.rel1.win32_1.0.0.202411081344/tools/bin/../lib/gcc/arm-none-eabi/13.3.1/../../../../arm-none-eabi/lib/thumb/v7e-m+fp/hard\libc_nano.a(libc_a-memset.o)
                              C:/ST/STM32CubeIDE_1.19.0/STM32CubeIDE/plugins/com.st.stm32cube.ide.mcu.externaltools.gnu-tools-for-stm32.13.3.rel1.win32_1.0.0.202411081344/tools/bin/../lib/gcc/arm-none-eabi/13.3.1/../../../../arm-none-eabi/lib/thumb/v7e-m+fp/hard/crt0.o (memset)
C:/ST/STM32CubeIDE_1.19.0/STM32CubeIDE/plugins/com.st.stm32cube.ide.mcu.externaltools.gnu-tools-for-stm32.13.3.rel1.win32_1.0.0.202411081344/tools/bin/../lib/gcc/arm-none-eabi/13.3.1/../../../../arm-none-eabi/lib/thumb/v7e-m+fp/hard\libc_nano.a(libc_a-strncmp.o)
                              ./App/Src/vehicle_display.o (strncmp)
C:/ST/STM32CubeIDE_1.19.0/STM32CubeIDE/plugins/com.st.stm32cube.ide.mcu.externaltools.gnu-tools-for-stm32.13.3.rel1.win32_1.0.0.202411081344/tools/bin/../lib/gcc/arm-none-eabi/13.3.1/../../../../arm-none-eabi/lib/thumb/v7e-m+fp/hard\libc_nano.a(libc_a-strncpy.o)
                              ./App/Src/vehicle_display.o (strncpy)
C:/ST/STM32CubeIDE_1.19.0/STM32CubeIDE/plugins/com.st.stm32cube.ide.mcu.externaltools.gnu-tools-for-stm32.13.3.rel1.win32_1.0.0.202411081344/tools/bin/../lib/gcc/arm-none-eabi/13.3.1/../../../../arm-none-eabi/lib/thumb/v7e-m+fp/hard\libc_nano.a(libc_a-closer.o)
                              C:/ST/STM32CubeIDE_1.19.0/STM32CubeIDE/plugins/com.st.stm32cube.ide.mcu.externaltools.gnu-tools-for-stm32.13.3.rel1.win32_1.0.0.202411081344/tools/bin/../lib/gcc/arm-none-eabi/13.3.1/../../../../arm-none-eabi/lib/thumb/v7e-m+fp/hard\libc_nano.a(libc_a-stdio.o) (_close_r)
C:/ST/STM32CubeIDE_1.19.0/STM32CubeIDE/plugins/com.st.stm32cube.ide.mcu.externaltools.gnu-tools-for-stm32.13.3.rel1.win32_1.0.0.202411081344/tools/bin/../lib/gcc/arm-none-eabi/13.3.1/../../../../arm-none-eabi/lib/thumb/v7e-m+fp/hard\libc_nano.a(libc_a-reent.o)
                              ./Middlewares/Third_Party/FreeRTOS/Source/tasks.o (_reclaim_reent)
[...]
Memory Configuration

Name             Origin             Length             Attributes
CCMRAM           0x10000000         0x00010000         xrw
RAM              0x20000000         0x00020000         xrw
FLASH            0x08000000         0x00100000         xr
*default*        0x00000000         0xffffffff

Linker script and memory map

LOAD C:/ST/STM32CubeIDE_1.19.0/STM32CubeIDE/plugins/com.st.stm32cube.ide.mcu.externaltools.gnu-tools-for-stm32.13.3.rel1.win32_1.0.0.202411081344/tools/bin/../lib/gcc/arm-none-eabi/13.3.1/thumb/v7e-m+fp/hard/crti.o
LOAD C:/ST/STM32CubeIDE_1.19.0/STM32CubeIDE/plugins/com.st.stm32cube.ide.mcu.externaltools.gnu-tools-for-stm32.13.3.rel1.win32_1.0.0.202411081344/tools/bin/../lib/gcc/arm-none-eabi/13.3.1/thumb/v7e-m+fp/hard/crtbegin.o
LOAD C:/ST/STM32CubeIDE_1.19.0/STM32CubeIDE/plugins/com.st.stm32cube.ide.mcu.externaltools.gnu-tools-for-stm32.13.3.rel1.win32_1.0.0.202411081344/tools/bin/../lib/gcc/arm-none-eabi/13.3.1/../../../../arm-none-eabi/lib/thumb/v7e-m+fp/hard/crt0.o
LOAD ./App/Src/vehicle_control.o
LOAD ./App/Src/vehicle_diagnostic.o
LOAD ./App/Src/vehicle_display.o
LOAD ./App/Src/vehicle_display_data.o
LOAD ./App/Src/vehicle_display_diag.o
LOAD ./App/Src/vehicle_status_led.o
LOAD ./App/Src/vehicle_tasks.o
LOAD ./Core/Src/freertos.o
LOAD ./Core/Src/main.o
LOAD ./Core/Src/stm32f4xx_hal_msp.o
LOAD ./Core/Src/stm32f4xx_hal_timebase_tim.o
LOAD ./Core/Src/stm32f4xx_it.o
LOAD ./Core/Src/syscalls.o
LOAD ./Core/Src/sysmem.o
LOAD ./Core/Src/system_stm32f4xx.o
LOAD ./Core/Startup/startup_stm32f407vgtx.o
LOAD ./Drivers/BSP/Src/pcf8574.o
LOAD ./Drivers/BSP/Src/rcwl1601.o
LOAD ./Drivers/BSP/Src/sharp_2y0a21.o
LOAD ./Drivers/BSP/Src/st7920.o
LOAD ./Drivers/BSP/Src/st7920_port.o
LOAD ./Drivers/BSP/Src/uart_rx_frame.o
LOAD ./Drivers/BSP/Src/usb_vcp_driver.o
LOAD ./Drivers/BSP/Src/vehicle_motors.o
LOAD ./Drivers/Modules/Src/drv8234.o
LOAD ./Drivers/Modules/Src/font5x7.o
LOAD ./Drivers/Modules/Src/gfx.o
LOAD ./Drivers/Modules/Src/line_sensor.o
LOAD ./Drivers/Modules/Src/vcp.o
LOAD ./Drivers/STM32F4xx_HAL_Driver/Src/stm32f4xx_hal.o
LOAD ./Drivers/STM32F4xx_HAL_Driver/Src/stm32f4xx_hal_adc.o
LOAD ./Drivers/STM32F4xx_HAL_Driver/Src/stm32f4xx_hal_adc_ex.o
LOAD ./Drivers/STM32F4xx_HAL_Driver/Src/stm32f4xx_hal_cortex.o
LOAD ./Drivers/STM32F4xx_HAL_Driver/Src/stm32f4xx_hal_dma.o
LOAD ./Drivers/STM32F4xx_HAL_Driver/Src/stm32f4xx_hal_dma_ex.o
LOAD ./Drivers/STM32F4xx_HAL_Driver/Src/stm32f4xx_hal_exti.o
LOAD ./Drivers/STM32F4xx_HAL_Driver/Src/stm32f4xx_hal_flash.o
LOAD ./Drivers/STM32F4xx_HAL_Driver/Src/stm32f4xx_hal_flash_ex.o
LOAD ./Drivers/STM32F4xx_HAL_Driver/Src/stm32f4xx_hal_flash_ramfunc.o
LOAD ./Drivers/STM32F4xx_HAL_Driver/Src/stm32f4xx_hal_gpio.o
LOAD ./Drivers/STM32F4xx_HAL_Driver/Src/stm32f4xx_hal_i2c.o
LOAD ./Drivers/STM32F4xx_HAL_Driver/Src/stm32f4xx_hal_i2c_ex.o
LOAD ./Drivers/STM32F4xx_HAL_Driver/Src/stm32f4xx_hal_i2s.o
LOAD ./Drivers/STM32F4xx_HAL_Driver/Src/stm32f4xx_hal_i2s_ex.o
LOAD ./Drivers/STM32F4xx_HAL_Driver/Src/stm32f4xx_hal_pcd.o
LOAD ./Drivers/STM32F4xx_HAL_Driver/Src/stm32f4xx_hal_pcd_ex.o
LOAD ./Drivers/STM32F4xx_HAL_Driver/Src/stm32f4xx_hal_pwr.o
LOAD ./Drivers/STM32F4xx_HAL_Driver/Src/stm32f4xx_hal_pwr_ex.o
LOAD ./Drivers/STM32F4xx_HAL_Driver/Src/stm32f4xx_hal_rcc.o
LOAD ./Drivers/STM32F4xx_HAL_Driver/Src/stm32f4xx_hal_rcc_ex.o
LOAD ./Drivers/STM32F4xx_HAL_Driver/Src/stm32f4xx_hal_tim.o
LOAD ./Drivers/STM32F4xx_HAL_Driver/Src/stm32f4xx_hal_tim_ex.o
LOAD ./Drivers/STM32F4xx_HAL_Driver/Src/stm32f4xx_hal_uart.o
LOAD ./Drivers/STM32F4xx_HAL_Driver/Src/stm32f4xx_ll_usb.o
LOAD ./Middlewares/ST/STM32_USB_Device_Library/Class/CDC/Src/usbd_cdc.o
LOAD ./Middlewares/ST/STM32_USB_Device_Library/Core/Src/usbd_core.o
LOAD ./Middlewares/ST/STM32_USB_Device_Library/Core/Src/usbd_ctlreq.o
LOAD ./Middlewares/ST/STM32_USB_Device_Library/Core/Src/usbd_ioreq.o
LOAD ./Middlewares/Third_Party/FreeRTOS/Source/CMSIS_RTOS_V2/cmsis_os2.o
LOAD ./Middlewares/Third_Party/FreeRTOS/Source/croutine.o
LOAD ./Middlewares/Third_Party/FreeRTOS/Source/event_groups.o
LOAD ./Middlewares/Third_Party/FreeRTOS/Source/list.o
LOAD ./Middlewares/Third_Party/FreeRTOS/Source/queue.o
LOAD ./Middlewares/Third_Party/FreeRTOS/Source/stream_buffer.o
LOAD ./Middlewares/Third_Party/FreeRTOS/Source/tasks.o
LOAD ./Middlewares/Third_Party/FreeRTOS/Source/timers.o
LOAD ./Middlewares/Third_Party/FreeRTOS/Source/portable/GCC/ARM_CM4F/port.o
LOAD ./Middlewares/Third_Party/FreeRTOS/Source/portable/MemMang/heap_4.o
LOAD ./USB_DEVICE/App/usb_device.o
LOAD ./USB_DEVICE/App/usbd_cdc_if.o
LOAD ./USB_DEVICE/App/usbd_desc.o
LOAD ./USB_DEVICE/Target/usbd_conf.o
START GROUP
LOAD C:/ST/STM32CubeIDE_1.19.0/STM32CubeIDE/plugins/com.st.stm32cube.ide.mcu.externaltools.gnu-tools-for-stm32.13.3.rel1.win32_1.0.0.202411081344/tools/bin/../lib/gcc/arm-none-eabi/13.3.1/../../../../arm-none-eabi/lib/thumb/v7e-m+fp/hard\libc_nano.a
LOAD C:/ST/STM32CubeIDE_1.19.0/STM32CubeIDE/plugins/com.st.stm32cube.ide.mcu.externaltools.gnu-tools-for-stm32.13.3.rel1.win32_1.0.0.202411081344/tools/bin/../lib/gcc/arm-none-eabi/13.3.1/../../../../arm-none-eabi/lib/thumb/v7e-m+fp/hard\libm.a
END GROUP
START GROUP
LOAD C:/ST/STM32CubeIDE_1.19.0/STM32CubeIDE/plugins/com.st.stm32cube.ide.mcu.externaltools.gnu-tools-for-stm32.13.3.rel1.win32_1.0.0.202411081344/tools/bin/../lib/gcc/arm-none-eabi/13.3.1/thumb/v7e-m+fp/hard\libgcc.a
LOAD C:/ST/STM32CubeIDE_1.19.0/STM32CubeIDE/plugins/com.st.stm32cube.ide.mcu.externaltools.gnu-tools-for-stm32.13.3.rel1.win32_1.0.0.202411081344/tools/bin/../lib/gcc/arm-none-eabi/13.3.1/../../../../arm-none-eabi/lib/thumb/v7e-m+fp/hard\libc_nano.a
END GROUP
START GROUP
LOAD C:/ST/STM32CubeIDE_1.19.0/STM32CubeIDE/plugins/com.st.stm32cube.ide.mcu.externaltools.gnu-tools-for-stm32.13.3.rel1.win32_1.0.0.202411081344/tools/bin/../lib/gcc/arm-none-eabi/13.3.1/thumb/v7e-m+fp/hard\libgcc.a
LOAD C:/ST/STM32CubeIDE_1.19.0/STM32CubeIDE/plugins/com.st.stm32cube.ide.mcu.externaltools.gnu-tools-for-stm32.13.3.rel1.win32_1.0.0.202411081344/tools/bin/../lib/gcc/arm-none-eabi/13.3.1/../../../../arm-none-eabi/lib/thumb/v7e-m+fp/hard\libc_nano.a
LOAD C:/ST/STM32CubeIDE_1.19.0/STM32CubeIDE/plugins/com.st.stm32cube.ide.mcu.externaltools.gnu-tools-for-stm32.13.3.rel1.win32_1.0.0.202411081344/tools/bin/../lib/gcc/arm-none-eabi/13.3.1/../../../../arm-none-eabi/lib/thumb/v7e-m+fp/hard\libnosys.a
END GROUP
START GROUP
LOAD C:/ST/STM32CubeIDE_1.19.0/STM32CubeIDE/plugins/com.st.stm32cube.ide.mcu.externaltools.gnu-tools-for-stm32.13.3.rel1.win32_1.0.0.202411081344/tools/bin/../lib/gcc/arm-none-eabi/13.3.1/thumb/v7e-m+fp/hard\libgcc.a
LOAD C:/ST/STM32CubeIDE_1.19.0/STM32CubeIDE/plugins/com.st.stm32cube.ide.mcu.externaltools.gnu-tools-for-stm32.13.3.rel1.win32_1.0.0.202411081344/tools/bin/../lib/gcc/arm-none-eabi/13.3.1/../../../../arm-none-eabi/lib/thumb/v7e-m+fp/hard\libc_nano.a
LOAD C:/ST/STM32CubeIDE_1.19.0/STM32CubeIDE/plugins/com.st.stm32cube.ide.mcu.externaltools.gnu-tools-for-stm32.13.3.rel1.win32_1.0.0.202411081344/tools/bin/../lib/gcc/arm-none-eabi/13.3.1/../../../../arm-none-eabi/lib/thumb/v7e-m+fp/hard\libnosys.a
END GROUP
LOAD C:/ST/STM32CubeIDE_1.19.0/STM32CubeIDE/plugins/com.st.stm32cube.ide.mcu.externaltools.gnu-tools-for-stm32.13.3.rel1.win32_1.0.0.202411081344/tools/bin/../lib/gcc/arm-none-eabi/13.3.1/thumb/v7e-m+fp/hard/crtend.o
LOAD C:/ST/STM32CubeIDE_1.19.0/STM32CubeIDE/plugins/com.st.stm32cube.ide.mcu.externaltools.gnu-tools-for-stm32.13.3.rel1.win32_1.0.0.202411081344/tools/bin/../lib/gcc/arm-none-eabi/13.3.1/thumb/v7e-m+fp/hard/crtn.o
                0x20020000                        _estack = (ORIGIN (RAM) + LENGTH (RAM))
                0x00000200                        _Min_Heap_Size = 0x200
                0x00000400                        _Min_Stack_Size = 0x400

.isr_vector     0x08000000      0x188
                0x08000000                        . = ALIGN (0x4)
 *(.isr_vector)
 .isr_vector    0x08000000      0x188 ./Core/Startup/startup_stm32f407vgtx.o
                0x08000000                g_pfnVectors
                0x08000188                        . = ALIGN (0x4)

.text           0x08000190    0x12dac
                0x08000190                        . = ALIGN (0x4)
 *(.text)
 .text          0x08000190       0x40 C:/ST/STM32CubeIDE_1.19.0/STM32CubeIDE/plugins/com.st.stm32cube.ide.mcu.externaltools.gnu-tools-for-stm32.13.3.rel1.win32_1.0.0.202411081344/tools/bin/../lib/gcc/arm-none-eabi/13.3.1/thumb/v7e-m+fp/hard/crtbegin.o
 .text          0x080001d0       0x10 C:/ST/STM32CubeIDE_1.19.0/STM32CubeIDE/plugins/com.st.stm32cube.ide.mcu.externaltools.gnu-tools-for-stm32.13.3.rel1.win32_1.0.0.202411081344/tools/bin/../lib/gcc/arm-none-eabi/13.3.1/../../../../arm-none-eabi/lib/thumb/v7e-m+fp/hard\libc_nano.a(libc_a-strlen.o)
                0x080001d0                strlen
 .text          0x080001e0       0xa0 C:/ST/STM32CubeIDE_1.19.0/STM32CubeIDE/plugins/com.st.stm32cube.ide.mcu.externaltools.gnu-tools-for-stm32.13.3.rel1.win32_1.0.0.202411081344/tools/bin/../lib/gcc/arm-none-eabi/13.3.1/../../../../arm-none-eabi/lib/thumb/v7e-m+fp/hard\libc_nano.a(libc_a-memchr.o)
                0x080001e0                memchr
 .text          0x08000280       0x30 C:/ST/STM32CubeIDE_1.19.0/STM32CubeIDE/plugins/com.st.stm32cube.ide.mcu.externaltools.gnu-tools-for-stm32.13.3.rel1.win32_1.0.0.202411081344/tools/bin/../lib/gcc/arm-none-eabi/13.3.1/thumb/v7e-m+fp/hard\libgcc.a(_aeabi_uldivmod.o)
                0x08000280                __aeabi_uldivmod
 .text          0x080002b0      0x2f8 C:/ST/STM32CubeIDE_1.19.0/STM32CubeIDE/plugins/com.st.stm32cube.ide.mcu.externaltools.gnu-tools-for-stm32.13.3.rel1.win32_1.0.0.202411081344/tools/bin/../lib/gcc/arm-none-eabi/13.3.1/thumb/v7e-m+fp/hard\libgcc.a(_udivmoddi4.o)
                0x080002b0                __udivmoddi4
 .text          0x080005a8        0x4 C:/ST/STM32CubeIDE_1.19.0/STM32CubeIDE/plugins/com.st.stm32cube.ide.mcu.externaltools.gnu-tools-for-stm32.13.3.rel1.win32_1.0.0.202411081344/tools/bin/../lib/gcc/arm-none-eabi/13.3.1/thumb/v7e-m+fp/hard\libgcc.a(_dvmd_tls.o)
                0x080005a8                __aeabi_idiv0
                0x080005a8                __aeabi_ldiv0
 *(.text*)
 .text.clamp100
                0x080005ac       0x36 ./App/Src/vehicle_control.o
 *fill*         0x080005e2        0x2 
 .text.VehicleControl_ResetAutoState
                0x080005e4       0x54 ./App/Src/vehicle_control.o
 .text.MotorCommand_Clear
                0x08000638       0x40 ./App/Src/vehicle_control.o
 .text.VehicleControl_ModeToState
                0x08000678       0x4c ./App/Src/vehicle_control.o
 .text.VehicleControl_UpdateAutoEnable
                0x080006c4       0x8c ./App/Src/vehicle_control.o
 .text.BuildIdleMotorCommand
                0x08000750       0x16 ./App/Src/vehicle_control.o
 *fill*         0x08000766        0x2 
 .text.BuildManualMotorCommand
                0x08000768       0xbc ./App/Src/vehicle_control.o
 .text.BuildLineFollowMotorCommand
                0x08000824       0x3c ./App/Src/vehicle_control.o
 .text.BuildObstacleAvoidMotorCommand
                0x08000860       0x4c ./App/Src/vehicle_control.o
 .text.BuildDiagnosticMotorCommand
                0x080008ac       0x16 ./App/Src/vehicle_control.o
 .text.BuildFailsafeMotorCommand
                0x080008c2       0x16 ./App/Src/vehicle_control.o
 .text.VehicleControl_Init
                0x080008d8       0x28 ./App/Src/vehicle_control.o
                0x080008d8                VehicleControl_Init
 .text.VehicleControl_ParseFrame
                0x08000900      0x17c ./App/Src/vehicle_control.o
                0x08000900                VehicleControl_ParseFrame
 .text.VehicleControl_ProcessCommand
                0x08000a7c       0x4c ./App/Src/vehicle_control.o
                0x08000a7c                VehicleControl_ProcessCommand
 .text.VehicleControl_OnTimeout
                0x08000ac8       0x18 ./App/Src/vehicle_control.o
                0x08000ac8                VehicleControl_OnTimeout
 .text.VehicleControl_GetMotorCommand
                0x08000ae0       0x80 ./App/Src/vehicle_control.o
                0x08000ae0                VehicleControl_GetMotorCommand
 .text.VehicleControl_GetState
                0x08000b60       0x18 ./App/Src/vehicle_control.o
                0x08000b60                VehicleControl_GetState
 .text.VehicleControl_GetLastCommand
                0x08000b78       0x38 ./App/Src/vehicle_control.o
                0x08000b78                VehicleControl_GetLastCommand
 .text.VehicleControl_IsLineFollowEnabled
                0x08000bb0       0x18 ./App/Src/vehicle_control.o
                0x08000bb0                VehicleControl_IsLineFollowEnabled
 .text.VehicleControl_IsObstacleAvoidEnabled
                0x08000bc8       0x18 ./App/Src/vehicle_control.o
                0x08000bc8                VehicleControl_IsObstacleAvoidEnabled
 .text.RisingEdge
                0x08000be0       0x2e ./App/Src/vehicle_diagnostic.o
 *fill*         0x08000c0e        0x2 
 .text.GetMenuItemCount
                0x08000c10       0x64 ./App/Src/vehicle_diagnostic.o
 .text.HandleUpButton
                0x08000c74       0x5c ./App/Src/vehicle_diagnostic.o
 .text.HandleDownButton
                0x08000cd0       0x7c ./App/Src/vehicle_diagnostic.o
 .text.HandleLeftButton
                0x08000d4c        0xe ./App/Src/vehicle_diagnostic.o
 .text.HandleEnterButton
                0x08000d5a       0x16 ./App/Src/vehicle_diagnostic.o
 .text.HandleStopButton
                0x08000d70        0xe ./App/Src/vehicle_diagnostic.o
 *fill*         0x08000d7e        0x2 
 .text.VehicleDiagnostic_Init
                0x08000d80       0x34 ./App/Src/vehicle_diagnostic.o
                0x08000d80                VehicleDiagnostic_Init
 .text.VehicleDiagnostic_GetContext
                0x08000db4       0x3c ./App/Src/vehicle_diagnostic.o
                0x08000db4                VehicleDiagnostic_GetContext
 .text.VehicleDiagnostic_ProcessCommand
                0x08000df0       0xd0 ./App/Src/vehicle_diagnostic.o
                0x08000df0                VehicleDiagnostic_ProcessCommand
 .text.VehicleDiagnostic_GetSelectedMotor
                0x08000ec0       0x26 ./App/Src/vehicle_diagnostic.o
                0x08000ec0                VehicleDiagnostic_GetSelectedMotor
 .text.VehicleDisplay_WriteLineIfChanged
                0x08000ee6       0x48 ./App/Src/vehicle_display.o
                0x08000ee6                VehicleDisplay_WriteLineIfChanged
 *fill*         0x08000f2e        0x2 
 .text.VehicleDisplay_BuildLines
                0x08000f30       0xb0 ./App/Src/vehicle_display.o
                0x08000f30                VehicleDisplay_BuildLines
 .text.BuildFailsafeDisplay
                0x08000fe0       0x58 ./App/Src/vehicle_display.o
 .text.BuildIdleDisplay
                0x08001038       0x70 ./App/Src/vehicle_display.o
 .text.BuildManualDisplay
                0x080010a8       0x68 ./App/Src/vehicle_display.o
 .text.BuildLineFollowDisplay
                0x08001110      0x108 ./App/Src/vehicle_display.o
 .text.BuildObstacleAvoidDisplay
                0x08001218       0x88 ./App/Src/vehicle_display.o
 .text.VehicleDisplayData_SetBluetoothConnected
                0x080012a0       0x20 ./App/Src/vehicle_display_data.o
                0x080012a0                VehicleDisplayData_SetBluetoothConnected
 .text.VehicleDisplayData_SetLastRxFrame
                0x080012c0       0x34 ./App/Src/vehicle_display_data.o
                0x080012c0                VehicleDisplayData_SetLastRxFrame
 .text.VehicleDisplayData_Get
                0x080012f4       0x2c ./App/Src/vehicle_display_data.o
                0x080012f4                VehicleDisplayData_Get
 .text.VehicleDisplayDiag_BuildLines
                0x08001320      0x18c ./App/Src/vehicle_display_diag.o
                0x08001320                VehicleDisplayDiag_BuildLines
 .text.BuildDiagRootDisplay
                0x080014ac      0x110 ./App/Src/vehicle_display_diag.o
 .text.BuildDiagSensorsDisplay
                0x080015bc       0x88 ./App/Src/vehicle_display_diag.o
 .text.BuildDiagLineSensorDisplay
                0x08001644       0xf0 ./App/Src/vehicle_display_diag.o
 .text.BuildDiagProximityDisplay
                0x08001734      0x100 ./App/Src/vehicle_display_diag.o
 .text.BuildDiagCommunicationDisplay
                0x08001834       0xd0 ./App/Src/vehicle_display_diag.o
 .text.BuildDiagMotorListDisplay
                0x08001904      0x11c ./App/Src/vehicle_display_diag.o
 .text.BuildDiagMotorDisplay
                0x08001a20      0x128 ./App/Src/vehicle_display_diag.o
 .text.BuildDiagLedListDisplay
                0x08001b48       0xe0 ./App/Src/vehicle_display_diag.o
 .text.BuildDiagLedDetailDisplay
                0x08001c28       0xe0 ./App/Src/vehicle_display_diag.o
 .text.BuildDiagDisplayTestDisplay
                0x08001d08       0x5c ./App/Src/vehicle_display_diag.o
 .text.ExtractFrameFieldToLine
                0x08001d64       0xf0 ./App/Src/vehicle_display_diag.o
 .text.Led_AllOff
                0x08001e54       0x18 ./App/Src/vehicle_status_led.o
 .text.Led_GreenOn
                0x08001e6c       0x18 ./App/Src/vehicle_status_led.o
 .text.Led_GreenOff
                0x08001e84       0x18 ./App/Src/vehicle_status_led.o
 .text.Led_RedOn
                0x08001e9c       0x18 ./App/Src/vehicle_status_led.o
 .text.Led_RedOff
                0x08001eb4       0x18 ./App/Src/vehicle_status_led.o
 .text.Led_BlueOn
                0x08001ecc       0x18 ./App/Src/vehicle_status_led.o
 .text.Led_BlueOff
                0x08001ee4       0x18 ./App/Src/vehicle_status_led.o
 .text.Led_OrangeOn
                0x08001efc       0x18 ./App/Src/vehicle_status_led.o
 .text.Led_OrangeOff
                0x08001f14       0x18 ./App/Src/vehicle_status_led.o
 .text.VehicleStatusLed_Init
                0x08001f2c       0x24 ./App/Src/vehicle_status_led.o
                0x08001f2c                VehicleStatusLed_Init
 .text.VehicleStatusLed_SetBtState
                0x08001f50       0x20 ./App/Src/vehicle_status_led.o
                0x08001f50                VehicleStatusLed_SetBtState
 .text.VehicleStatusLed_SetVehicleState
                0x08001f70       0x20 ./App/Src/vehicle_status_led.o
                0x08001f70                VehicleStatusLed_SetVehicleState
 .text.VehicleStatusLed_SetGreen
                0x08001f90       0x24 ./App/Src/vehicle_status_led.o
                0x08001f90                VehicleStatusLed_SetGreen
 .text.VehicleStatusLed_SetBlue
                0x08001fb4       0x24 ./App/Src/vehicle_status_led.o
                0x08001fb4                VehicleStatusLed_SetBlue
 .text.VehicleStatusLed_SetRed
                0x08001fd8       0x24 ./App/Src/vehicle_status_led.o
                0x08001fd8                VehicleStatusLed_SetRed
 .text.Task_StatusLED
                0x08001ffc       0xf0 ./App/Src/vehicle_status_led.o
                0x08001ffc                Task_StatusLED
 .text.PublishMotorCommand
                0x080020ec       0x38 ./App/Src/vehicle_tasks.o
 .text.ApplyDiagnosticMotorCommand
                0x08002124       0x94 ./App/Src/vehicle_tasks.o
 .text.UpdateDiagnosticLeds
                0x080021b8       0x3a ./App/Src/vehicle_tasks.o
 .text.IsAutoControlState
                0x080021f2       0x2e ./App/Src/vehicle_tasks.o
 .text.HandleBluetoothFrameEvent
                0x08002220       0x5c ./App/Src/vehicle_tasks.o
 .text.HandleBluetoothTimeout
                0x0800227c       0x52 ./App/Src/vehicle_tasks.o
 *fill*         0x080022ce        0x2 
 .text.Task_BluetoothRx
                0x080022d0       0x80 ./App/Src/vehicle_tasks.o
 .text.Task_MainController
                0x08002350       0xac ./App/Src/vehicle_tasks.o
 .text.Task_MotorControl
                0x080023fc       0x58 ./App/Src/vehicle_tasks.o
 .text.Task_Display
                0x08002454      0x1c0 ./App/Src/vehicle_tasks.o
 .text.Task_LineSensor
                0x08002614       0x34 ./App/Src/vehicle_tasks.o
 .text.Task_ProximitySensors
                0x08002648       0x68 ./App/Src/vehicle_tasks.o
 .text.VehicleTasks_Create
                0x080026b0      0x284 ./App/Src/vehicle_tasks.o
                0x080026b0                VehicleTasks_Create
 .text.main     0x08002934       0x6c ./Core/Src/main.o
                0x08002934                main
 .text.SystemClock_Config
                0x080029a0       0xd4 ./Core/Src/main.o
                0x080029a0                SystemClock_Config
 .text.MX_ADC1_Init
                0x08002a74       0xc0 ./Core/Src/main.o
 .text.MX_I2C1_Init
                0x08002b34       0x5c ./Core/Src/main.o
 .text.MX_I2C3_Init
                0x08002b90       0x5c ./Core/Src/main.o
 .text.MX_I2S3_Init
                0x08002bec       0x60 ./Core/Src/main.o
 .text.MX_TIM5_Init
                0x08002c4c       0x9c ./Core/Src/main.o
 .text.MX_USART2_UART_Init
                0x08002ce8       0x54 ./Core/Src/main.o
 .text.MX_GPIO_Init
                0x08002d3c      0x278 ./Core/Src/main.o
 .text.HAL_UART_RxCpltCallback
                0x08002fb4       0x24 ./Core/Src/main.o
                0x08002fb4                HAL_UART_RxCpltCallback
 .text.HAL_UART_ErrorCallback
                0x08002fd8       0x24 ./Core/Src/main.o
                0x08002fd8                HAL_UART_ErrorCallback
 .text.HAL_GPIO_EXTI_Callback
                0x08002ffc       0x20 ./Core/Src/main.o
                0x08002ffc                HAL_GPIO_EXTI_Callback
 .text.StartDefaultTask
                0x0800301c       0x14 ./Core/Src/main.o
                0x0800301c                StartDefaultTask
 .text.HAL_TIM_PeriodElapsedCallback
                0x08003030       0x24 ./Core/Src/main.o
                0x08003030                HAL_TIM_PeriodElapsedCallback
 .text.Error_Handler
                0x08003054        0xc ./Core/Src/main.o
                0x08003054                Error_Handler
 .text.HAL_MspInit
                0x08003060       0x58 ./Core/Src/stm32f4xx_hal_msp.o
                0x08003060                HAL_MspInit
 .text.HAL_ADC_MspInit
                0x080030b8       0x88 ./Core/Src/stm32f4xx_hal_msp.o
                0x080030b8                HAL_ADC_MspInit
 .text.HAL_I2C_MspInit
                0x08003140      0x140 ./Core/Src/stm32f4xx_hal_msp.o
                0x08003140                HAL_I2C_MspInit
 .text.HAL_I2S_MspInit
                0x08003280      0x100 ./Core/Src/stm32f4xx_hal_msp.o
                0x08003280                HAL_I2S_MspInit
 .text.HAL_TIM_Base_MspInit
                0x08003380       0x44 ./Core/Src/stm32f4xx_hal_msp.o
                0x08003380                HAL_TIM_Base_MspInit
 .text.HAL_UART_MspInit
                0x080033c4       0xa0 ./Core/Src/stm32f4xx_hal_msp.o
                0x080033c4                HAL_UART_MspInit
 .text.HAL_InitTick
                0x08003464       0xf8 ./Core/Src/stm32f4xx_hal_timebase_tim.o
                0x08003464                HAL_InitTick
 .text.NMI_Handler
                0x0800355c        0x8 ./Core/Src/stm32f4xx_it.o
                0x0800355c                NMI_Handler
 .text.HardFault_Handler
                0x08003564        0x8 ./Core/Src/stm32f4xx_it.o
                0x08003564                HardFault_Handler
 .text.MemManage_Handler
                0x0800356c        0x8 ./Core/Src/stm32f4xx_it.o
                0x0800356c                MemManage_Handler
 .text.BusFault_Handler
                0x08003574        0x8 ./Core/Src/stm32f4xx_it.o
                0x08003574                BusFault_Handler
 .text.UsageFault_Handler
                0x0800357c        0x8 ./Core/Src/stm32f4xx_it.o
                0x0800357c                UsageFault_Handler
 .text.DebugMon_Handler
                0x08003584        0xe ./Core/Src/stm32f4xx_it.o
                0x08003584                DebugMon_Handler
 .text.EXTI9_5_IRQHandler
                0x08003592        0xe ./Core/Src/stm32f4xx_it.o
                0x08003592                EXTI9_5_IRQHandler
 .text.USART2_IRQHandler
                0x080035a0       0x14 ./Core/Src/stm32f4xx_it.o
                0x080035a0                USART2_IRQHandler
 .text.TIM6_DAC_IRQHandler
                0x080035b4       0x14 ./Core/Src/stm32f4xx_it.o
                0x080035b4                TIM6_DAC_IRQHandler
 .text.OTG_FS_IRQHandler
                0x080035c8       0x14 ./Core/Src/stm32f4xx_it.o
                0x080035c8                OTG_FS_IRQHandler
 .text._sbrk    0x080035dc       0x6c ./Core/Src/sysmem.o
                0x080035dc                _sbrk
 .text.SystemInit
                0x08003648       0x24 ./Core/Src/system_stm32f4xx.o
                0x08003648                SystemInit
 .text.Reset_Handler
                0x0800366c       0x50 ./Core/Startup/startup_stm32f407vgtx.o
                0x0800366c                Reset_Handler
 .text.Default_Handler
                0x080036bc        0x2 ./Core/Startup/startup_stm32f407vgtx.o
                0x080036bc                RTC_Alarm_IRQHandler
                0x080036bc                HASH_RNG_IRQHandler
                0x080036bc                EXTI2_IRQHandler
                0x080036bc                TIM8_CC_IRQHandler
                0x080036bc                TIM1_CC_IRQHandler
                0x080036bc                DMA2_Stream5_IRQHandler
                0x080036bc                DMA1_Stream5_IRQHandler
                0x080036bc                PVD_IRQHandler
                0x080036bc                SDIO_IRQHandler
                0x080036bc                TAMP_STAMP_IRQHandler
                0x080036bc                CAN2_RX1_IRQHandler
                0x080036bc                EXTI3_IRQHandler
                0x080036bc                TIM8_TRG_COM_TIM14_IRQHandler
                0x080036bc                TIM1_UP_TIM10_IRQHandler
                0x080036bc                TIM8_UP_TIM13_IRQHandler
                0x080036bc                I2C3_ER_IRQHandler
                0x080036bc                EXTI0_IRQHandler
                0x080036bc                I2C2_EV_IRQHandler
                0x080036bc                DMA1_Stream2_IRQHandler
                0x080036bc                CAN1_RX0_IRQHandler
                0x080036bc                FPU_IRQHandler
                0x080036bc                OTG_HS_WKUP_IRQHandler
                0x080036bc                CAN2_SCE_IRQHandler
                0x080036bc                DMA2_Stream2_IRQHandler
                0x080036bc                SPI1_IRQHandler
                0x080036bc                TIM1_BRK_TIM9_IRQHandler
                0x080036bc                DCMI_IRQHandler
                0x080036bc                CAN2_RX0_IRQHandler
                0x080036bc                DMA2_Stream3_IRQHandler
                0x080036bc                USART6_IRQHandler
                0x080036bc                USART3_IRQHandler
                0x080036bc                CAN1_RX1_IRQHandler
                0x080036bc                UART5_IRQHandler
                0x080036bc                DMA2_Stream0_IRQHandler
                0x080036bc                TIM4_IRQHandler
                0x080036bc                I2C1_EV_IRQHandler
                0x080036bc                DMA1_Stream6_IRQHandler
                0x080036bc                DMA1_Stream1_IRQHandler
                0x080036bc                UART4_IRQHandler
                0x080036bc                TIM3_IRQHandler
                0x080036bc                RCC_IRQHandler
                0x080036bc                TIM8_BRK_TIM12_IRQHandler
                0x080036bc                Default_Handler
                0x080036bc                EXTI15_10_IRQHandler
                0x080036bc                ADC_IRQHandler
                0x080036bc                DMA1_Stream7_IRQHandler
                0x080036bc                TIM7_IRQHandler
                0x080036bc                CAN2_TX_IRQHandler
                0x080036bc                TIM5_IRQHandler
                0x080036bc                DMA2_Stream7_IRQHandler
                0x080036bc                I2C3_EV_IRQHandler
                0x080036bc                RTC_WKUP_IRQHandler
                0x080036bc                ETH_WKUP_IRQHandler
                0x080036bc                SPI2_IRQHandler
                0x080036bc                OTG_HS_EP1_IN_IRQHandler
                0x080036bc                DMA1_Stream0_IRQHandler
                0x080036bc                CAN1_TX_IRQHandler
                0x080036bc                EXTI4_IRQHandler
                0x080036bc                FSMC_IRQHandler
                0x080036bc                ETH_IRQHandler
                0x080036bc                OTG_HS_EP1_OUT_IRQHandler
                0x080036bc                WWDG_IRQHandler
                0x080036bc                TIM2_IRQHandler
                0x080036bc                OTG_FS_WKUP_IRQHandler
                0x080036bc                TIM1_TRG_COM_TIM11_IRQHandler
                0x080036bc                OTG_HS_IRQHandler
                0x080036bc                EXTI1_IRQHandler
                0x080036bc                I2C2_ER_IRQHandler
                0x080036bc                DMA2_Stream1_IRQHandler
                0x080036bc                CAN1_SCE_IRQHandler
                0x080036bc                FLASH_IRQHandler
                0x080036bc                DMA2_Stream4_IRQHandler
                0x080036bc                USART1_IRQHandler
                0x080036bc                SPI3_IRQHandler
                0x080036bc                DMA1_Stream4_IRQHandler
                0x080036bc                I2C1_ER_IRQHandler
                0x080036bc                DMA2_Stream6_IRQHandler
                0x080036bc                DMA1_Stream3_IRQHandler
 .text.addr8    0x080036be       0x1c ./Drivers/BSP/Src/pcf8574.o
 .text.PCF8574_Init
                0x080036da       0x2c ./Drivers/BSP/Src/pcf8574.o
                0x080036da                PCF8574_Init
 .text.PCF8574_WriteByte
                0x08003706       0x3c ./Drivers/BSP/Src/pcf8574.o
                0x08003706                PCF8574_WriteByte
 .text.PCF8574_WritePin
                0x08003742       0x6c ./Drivers/BSP/Src/pcf8574.o
                0x08003742                PCF8574_WritePin
 .text.RCWL1601_Init
                0x080037ae       0x8c ./Drivers/BSP/Src/rcwl1601.o
                0x080037ae                RCWL1601_Init
 .text.RCWL1601_EXTI_Callback
                0x0800383a       0xae ./Drivers/BSP/Src/rcwl1601.o
                0x0800383a                RCWL1601_EXTI_Callback
 .text.ST7920_PulseEnable
                0x080038e8       0x20 ./Drivers/BSP/Src/st7920.o
 .text.ST7920_Send
                0x08003908       0x3a ./Drivers/BSP/Src/st7920.o
 .text.ST7920_SendCmd
                0x08003942       0x3a ./Drivers/BSP/Src/st7920.o
 .text.ST7920_SendData
                0x0800397c       0x24 ./Drivers/BSP/Src/st7920.o
 .text.ST7920_Init
                0x080039a0       0x4e ./Drivers/BSP/Src/st7920.o
                0x080039a0                ST7920_Init
 .text.ST7920_ClearText
                0x080039ee        0xe ./Drivers/BSP/Src/st7920.o
                0x080039ee                ST7920_ClearText
 .text.ST7920_SetCursor
                0x080039fc       0x60 ./Drivers/BSP/Src/st7920.o
                0x080039fc                ST7920_SetCursor
 .text.ST7920_WriteChar
                0x08003a5c       0x1a ./Drivers/BSP/Src/st7920.o
                0x08003a5c                ST7920_WriteChar
 .text.ST7920_WriteString
                0x08003a76       0x2a ./Drivers/BSP/Src/st7920.o
                0x08003a76                ST7920_WriteString
 .text.ST7920_GraphicMode
                0x08003aa0       0x2c ./Drivers/BSP/Src/st7920.o
                0x08003aa0                ST7920_GraphicMode
 .text.ST7920_ClearGraphic
                0x08003acc       0x7c ./Drivers/BSP/Src/st7920.o
                0x08003acc                ST7920_ClearGraphic
 .text.ST7920_Update
                0x08003b48       0x8e ./Drivers/BSP/Src/st7920.o
                0x08003b48                ST7920_Update
 .text.ST7920_Port_Init
                0x08003bd6       0x26 ./Drivers/BSP/Src/st7920_port.o
                0x08003bd6                ST7920_Port_Init
 .text.ST7920_Port_SetRS
                0x08003bfc       0x30 ./Drivers/BSP/Src/st7920_port.o
                0x08003bfc                ST7920_Port_SetRS
 .text.ST7920_Port_SetRW
                0x08003c2c       0x30 ./Drivers/BSP/Src/st7920_port.o
                0x08003c2c                ST7920_Port_SetRW
 .text.ST7920_Port_SetE
                0x08003c5c       0x30 ./Drivers/BSP/Src/st7920_port.o
                0x08003c5c                ST7920_Port_SetE
 .text.ST7920_Port_SetPSB
                0x08003c8c       0x30 ./Drivers/BSP/Src/st7920_port.o
                0x08003c8c                ST7920_Port_SetPSB
 .text.ST7920_Port_WriteBus
                0x08003cbc       0x38 ./Drivers/BSP/Src/st7920_port.o
                0x08003cbc                ST7920_Port_WriteBus
 .text.ST7920_Port_DelayShort
                0x08003cf4       0x24 ./Drivers/BSP/Src/st7920_port.o
                0x08003cf4                ST7920_Port_DelayShort
 .text.ST7920_Port_DelayMs
                0x08003d18       0x16 ./Drivers/BSP/Src/st7920_port.o
                0x08003d18                ST7920_Port_DelayMs
 *fill*         0x08003d2e        0x2 
 .text.UartFrameRx_Start
                0x08003d30       0x1c ./Drivers/BSP/Src/uart_rx_frame.o
                0x08003d30                UartFrameRx_Start
 .text.UartFrameRx_Fetch
                0x08003d4c       0x98 ./Drivers/BSP/Src/uart_rx_frame.o
                0x08003d4c                UartFrameRx_Fetch
 .text.UartFrameRx_RxCpltCallback
                0x08003de4       0xf4 ./Drivers/BSP/Src/uart_rx_frame.o
                0x08003de4                UartFrameRx_RxCpltCallback
 .text.UartFrameRx_ErrorCallback
                0x08003ed8       0x40 ./Drivers/BSP/Src/uart_rx_frame.o
                0x08003ed8                UartFrameRx_ErrorCallback
 .text.Motor_InitOne
                0x08003f18       0x7c ./Drivers/BSP/Src/vehicle_motors.o
 .text.Motor_SetSignedSpeed
                0x08003f94       0x8c ./Drivers/BSP/Src/vehicle_motors.o
 .text.LeftSide_SetSignedSpeed
                0x08004020       0x34 ./Drivers/BSP/Src/vehicle_motors.o
 .text.RightSide_SetSignedSpeed
                0x08004054       0x3c ./Drivers/BSP/Src/vehicle_motors.o
 .text.Motor_GetHandle
                0x08004090       0x58 ./Drivers/BSP/Src/vehicle_motors.o
 .text.I2C3_Lock
                0x080040e8       0x24 ./Drivers/BSP/Src/vehicle_motors.o
 .text.I2C3_Unlock
                0x0800410c       0x24 ./Drivers/BSP/Src/vehicle_motors.o
 .text.VehicleMotors_Init
                0x08004130       0xe0 ./Drivers/BSP/Src/vehicle_motors.o
                0x08004130                VehicleMotors_Init
 .text.VehicleMotors_SetLeftRight
                0x08004210       0x30 ./Drivers/BSP/Src/vehicle_motors.o
                0x08004210                VehicleMotors_SetLeftRight
 .text.VehicleMotors_AllCoast
                0x08004240       0x38 ./Drivers/BSP/Src/vehicle_motors.o
                0x08004240                VehicleMotors_AllCoast
 .text.VehicleMotors_SetOne
                0x08004278       0xa4 ./Drivers/BSP/Src/vehicle_motors.o
                0x08004278                VehicleMotors_SetOne
 .text.VehicleMotors_ReadOneFaultPin
                0x0800431c       0x4e ./Drivers/BSP/Src/vehicle_motors.o
                0x0800431c                VehicleMotors_ReadOneFaultPin
 .text.VehicleMotors_ReadOneRipple
                0x0800436a       0x54 ./Drivers/BSP/Src/vehicle_motors.o
                0x0800436a                VehicleMotors_ReadOneRipple
 *fill*         0x080043be        0x2 
 .text.VehicleMotors_SetI2C3Mutex
                0x080043c0       0x20 ./Drivers/BSP/Src/vehicle_motors.o
                0x080043c0                VehicleMotors_SetI2C3Mutex
 .text.DRV8234_WriteReg
                0x080043e0       0x5e ./Drivers/Modules/Src/drv8234.o
                0x080043e0                DRV8234_WriteReg
 .text.DRV8234_ReadReg
                0x0800443e       0x82 ./Drivers/Modules/Src/drv8234.o
                0x0800443e                DRV8234_ReadReg
 .text.DRV8234_ModifyReg
                0x080044c0       0x72 ./Drivers/Modules/Src/drv8234.o
                0x080044c0                DRV8234_ModifyReg
 .text.DRV8234_Init
                0x08004532      0x1b4 ./Drivers/Modules/Src/drv8234.o
                0x08004532                DRV8234_Init
 .text.DRV8234_Drive
                0x080046e6       0x86 ./Drivers/Modules/Src/drv8234.o
                0x080046e6                DRV8234_Drive
 .text.DRV8234_Coast
                0x0800476c       0x4a ./Drivers/Modules/Src/drv8234.o
                0x0800476c                DRV8234_Coast
 *fill*         0x080047b6        0x2 
 .text.DRV8234_SetPWMDutyCycle
                0x080047b8       0x78 ./Drivers/Modules/Src/drv8234.o
                0x080047b8                DRV8234_SetPWMDutyCycle
 .text.DRV8234_ClearFault
                0x08004830       0x6e ./Drivers/Modules/Src/drv8234.o
                0x08004830                DRV8234_ClearFault
 *fill*         0x0800489e        0x2 
 .text.LineSensor_Init
                0x080048a0       0x3c ./Drivers/Modules/Src/line_sensor.o
                0x080048a0                LineSensor_Init
 .text.LineSensor_SetPower
                0x080048dc       0x38 ./Drivers/Modules/Src/line_sensor.o
                0x080048dc                LineSensor_SetPower
 .text.HAL_Init
                0x08004914       0x44 ./Drivers/STM32F4xx_HAL_Driver/Src/stm32f4xx_hal.o
                0x08004914                HAL_Init
 .text.HAL_IncTick
                0x08004958       0x28 ./Drivers/STM32F4xx_HAL_Driver/Src/stm32f4xx_hal.o
                0x08004958                HAL_IncTick
 .text.HAL_GetTick
                0x08004980       0x18 ./Drivers/STM32F4xx_HAL_Driver/Src/stm32f4xx_hal.o
                0x08004980                HAL_GetTick
 .text.HAL_Delay
                0x08004998       0x48 ./Drivers/STM32F4xx_HAL_Driver/Src/stm32f4xx_hal.o
                0x08004998                HAL_Delay
 .text.HAL_ADC_Init
                0x080049e0       0x86 ./Drivers/STM32F4xx_HAL_Driver/Src/stm32f4xx_hal_adc.o
                0x080049e0                HAL_ADC_Init
 *fill*         0x08004a66        0x2 
 .text.HAL_ADC_ConfigChannel
                0x08004a68      0x244 ./Drivers/STM32F4xx_HAL_Driver/Src/stm32f4xx_hal_adc.o
                0x08004a68                HAL_ADC_ConfigChannel
 .text.ADC_Init
                0x08004cac      0x1f8 ./Drivers/STM32F4xx_HAL_Driver/Src/stm32f4xx_hal_adc.o
 .text.__NVIC_SetPriorityGrouping
                0x08004ea4       0x48 ./Drivers/STM32F4xx_HAL_Driver/Src/stm32f4xx_hal_cortex.o
 .text.__NVIC_GetPriorityGrouping
                0x08004eec       0x1c ./Drivers/STM32F4xx_HAL_Driver/Src/stm32f4xx_hal_cortex.o
 .text.__NVIC_EnableIRQ
                0x08004f08       0x3c ./Drivers/STM32F4xx_HAL_Driver/Src/stm32f4xx_hal_cortex.o
 .text.__NVIC_SetPriority
                0x08004f44       0x54 ./Drivers/STM32F4xx_HAL_Driver/Src/stm32f4xx_hal_cortex.o
 .text.NVIC_EncodePriority
                0x08004f98       0x66 ./Drivers/STM32F4xx_HAL_Driver/Src/stm32f4xx_hal_cortex.o
 .text.HAL_NVIC_SetPriorityGrouping
                0x08004ffe       0x16 ./Drivers/STM32F4xx_HAL_Driver/Src/stm32f4xx_hal_cortex.o
                0x08004ffe                HAL_NVIC_SetPriorityGrouping
 .text.HAL_NVIC_SetPriority
                0x08005014       0x38 ./Drivers/STM32F4xx_HAL_Driver/Src/stm32f4xx_hal_cortex.o
                0x08005014                HAL_NVIC_SetPriority
 .text.HAL_NVIC_EnableIRQ
                0x0800504c       0x1c ./Drivers/STM32F4xx_HAL_Driver/Src/stm32f4xx_hal_cortex.o
                0x0800504c                HAL_NVIC_EnableIRQ
 .text.HAL_DMA_Abort
                0x08005068       0xe0 ./Drivers/STM32F4xx_HAL_Driver/Src/stm32f4xx_hal_dma.o
                0x08005068                HAL_DMA_Abort
 .text.HAL_DMA_Abort_IT
                0x08005148       0x44 ./Drivers/STM32F4xx_HAL_Driver/Src/stm32f4xx_hal_dma.o
                0x08005148                HAL_DMA_Abort_IT
 .text.HAL_DMA_GetError
                0x0800518c       0x18 ./Drivers/STM32F4xx_HAL_Driver/Src/stm32f4xx_hal_dma.o
                0x0800518c                HAL_DMA_GetError
 .text.HAL_GPIO_Init
                0x080051a4      0x338 ./Drivers/STM32F4xx_HAL_Driver/Src/stm32f4xx_hal_gpio.o
                0x080051a4                HAL_GPIO_Init
 .text.HAL_GPIO_ReadPin
                0x080054dc       0x30 ./Drivers/STM32F4xx_HAL_Driver/Src/stm32f4xx_hal_gpio.o
                0x080054dc                HAL_GPIO_ReadPin
 .text.HAL_GPIO_WritePin
                0x0800550c       0x32 ./Drivers/STM32F4xx_HAL_Driver/Src/stm32f4xx_hal_gpio.o
                0x0800550c                HAL_GPIO_WritePin
 *fill*         0x0800553e        0x2 
 .text.HAL_GPIO_EXTI_IRQHandler
                0x08005540       0x30 ./Drivers/STM32F4xx_HAL_Driver/Src/stm32f4xx_hal_gpio.o
                0x08005540                HAL_GPIO_EXTI_IRQHandler
 .text.HAL_I2C_Init
                0x08005570      0x288 ./Drivers/STM32F4xx_HAL_Driver/Src/stm32f4xx_hal_i2c.o
                0x08005570                HAL_I2C_Init
 .text.HAL_I2C_Master_Transmit
                0x080057f8      0x1fc ./Drivers/STM32F4xx_HAL_Driver/Src/stm32f4xx_hal_i2c.o
                0x080057f8                HAL_I2C_Master_Transmit
 .text.HAL_I2C_Master_Receive
                0x080059f4      0x464 ./Drivers/STM32F4xx_HAL_Driver/Src/stm32f4xx_hal_i2c.o
                0x080059f4                HAL_I2C_Master_Receive
 .text.I2C_MasterRequestWrite
                0x08005e58      0x104 ./Drivers/STM32F4xx_HAL_Driver/Src/stm32f4xx_hal_i2c.o
 .text.I2C_MasterRequestRead
                0x08005f5c      0x19c ./Drivers/STM32F4xx_HAL_Driver/Src/stm32f4xx_hal_i2c.o
 .text.I2C_WaitOnFlagUntilTimeout
                0x080060f8       0xf4 ./Drivers/STM32F4xx_HAL_Driver/Src/stm32f4xx_hal_i2c.o
 .text.I2C_WaitOnMasterAddressFlagUntilTimeout
                0x080061ec      0x140 ./Drivers/STM32F4xx_HAL_Driver/Src/stm32f4xx_hal_i2c.o
 .text.I2C_WaitOnTXEFlagUntilTimeout
                0x0800632c       0x90 ./Drivers/STM32F4xx_HAL_Driver/Src/stm32f4xx_hal_i2c.o
 .text.I2C_WaitOnBTFFlagUntilTimeout
                0x080063bc       0x90 ./Drivers/STM32F4xx_HAL_Driver/Src/stm32f4xx_hal_i2c.o
 .text.I2C_WaitOnRXNEFlagUntilTimeout
                0x0800644c       0xba ./Drivers/STM32F4xx_HAL_Driver/Src/stm32f4xx_hal_i2c.o
 .text.I2C_IsAcknowledgeFailed
                0x08006506       0x5e ./Drivers/STM32F4xx_HAL_Driver/Src/stm32f4xx_hal_i2c.o
 .text.HAL_I2S_Init
                0x08006564      0x280 ./Drivers/STM32F4xx_HAL_Driver/Src/stm32f4xx_hal_i2s.o
                0x08006564                HAL_I2S_Init
 .text.HAL_I2S_TxCpltCallback
                0x080067e4       0x14 ./Drivers/STM32F4xx_HAL_Driver/Src/stm32f4xx_hal_i2s.o
                0x080067e4                HAL_I2S_TxCpltCallback
 .text.HAL_I2S_RxCpltCallback
                0x080067f8       0x14 ./Drivers/STM32F4xx_HAL_Driver/Src/stm32f4xx_hal_i2s.o
                0x080067f8                HAL_I2S_RxCpltCallback
 .text.HAL_I2S_ErrorCallback
                0x0800680c       0x14 ./Drivers/STM32F4xx_HAL_Driver/Src/stm32f4xx_hal_i2s.o
                0x0800680c                HAL_I2S_ErrorCallback
 .text.I2S_Transmit_IT
                0x08006820       0x5c ./Drivers/STM32F4xx_HAL_Driver/Src/stm32f4xx_hal_i2s.o
 .text.I2S_Receive_IT
                0x0800687c       0x5e ./Drivers/STM32F4xx_HAL_Driver/Src/stm32f4xx_hal_i2s.o
 .text.I2S_IRQHandler
                0x080068da      0x114 ./Drivers/STM32F4xx_HAL_Driver/Src/stm32f4xx_hal_i2s.o
 *fill*         0x080069ee        0x2 
 .text.HAL_I2SEx_FullDuplex_IRQHandler
                0x080069f0      0x2a8 ./Drivers/STM32F4xx_HAL_Driver/Src/stm32f4xx_hal_i2s_ex.o
                0x080069f0                HAL_I2SEx_FullDuplex_IRQHandler
 .text.HAL_I2SEx_TxRxCpltCallback
                0x08006c98       0x14 ./Drivers/STM32F4xx_HAL_Driver/Src/stm32f4xx_hal_i2s_ex.o
                0x08006c98                HAL_I2SEx_TxRxCpltCallback
 .text.I2SEx_TxISR_I2S
                0x08006cac       0x62 ./Drivers/STM32F4xx_HAL_Driver/Src/stm32f4xx_hal_i2s_ex.o
 *fill*         0x08006d0e        0x2 
 .text.I2SEx_TxISR_I2SExt
                0x08006d10       0x98 ./Drivers/STM32F4xx_HAL_Driver/Src/stm32f4xx_hal_i2s_ex.o
 .text.I2SEx_RxISR_I2S
                0x08006da8       0x64 ./Drivers/STM32F4xx_HAL_Driver/Src/stm32f4xx_hal_i2s_ex.o
 .text.I2SEx_RxISR_I2SExt
                0x08006e0c       0x98 ./Drivers/STM32F4xx_HAL_Driver/Src/stm32f4xx_hal_i2s_ex.o
 .text.HAL_PCD_Init
                0x08006ea4      0x21e ./Drivers/STM32F4xx_HAL_Driver/Src/stm32f4xx_hal_pcd.o
                0x08006ea4                HAL_PCD_Init
 .text.HAL_PCD_Start
                0x080070c2       0x6a ./Drivers/STM32F4xx_HAL_Driver/Src/stm32f4xx_hal_pcd.o
                0x080070c2                HAL_PCD_Start
 .text.HAL_PCD_IRQHandler
                0x0800712c      0x942 ./Drivers/STM32F4xx_HAL_Driver/Src/stm32f4xx_hal_pcd.o
                0x0800712c                HAL_PCD_IRQHandler
 .text.HAL_PCD_SetAddress
                0x08007a6e       0x48 ./Drivers/STM32F4xx_HAL_Driver/Src/stm32f4xx_hal_pcd.o
                0x08007a6e                HAL_PCD_SetAddress
 .text.HAL_PCD_EP_Open
                0x08007ab6       0xd4 ./Drivers/STM32F4xx_HAL_Driver/Src/stm32f4xx_hal_pcd.o
                0x08007ab6                HAL_PCD_EP_Open
 .text.HAL_PCD_EP_Close
                0x08007b8a       0x94 ./Drivers/STM32F4xx_HAL_Driver/Src/stm32f4xx_hal_pcd.o
                0x08007b8a                HAL_PCD_EP_Close
 .text.HAL_PCD_EP_Receive
                0x08007c1e       0x76 ./Drivers/STM32F4xx_HAL_Driver/Src/stm32f4xx_hal_pcd.o
                0x08007c1e                HAL_PCD_EP_Receive
 .text.HAL_PCD_EP_GetRxCount
                0x08007c94       0x30 ./Drivers/STM32F4xx_HAL_Driver/Src/stm32f4xx_hal_pcd.o
                0x08007c94                HAL_PCD_EP_GetRxCount
 .text.HAL_PCD_EP_Transmit
                0x08007cc4       0x74 ./Drivers/STM32F4xx_HAL_Driver/Src/stm32f4xx_hal_pcd.o
                0x08007cc4                HAL_PCD_EP_Transmit
 .text.HAL_PCD_EP_SetStall
                0x08007d38       0xc6 ./Drivers/STM32F4xx_HAL_Driver/Src/stm32f4xx_hal_pcd.o
                0x08007d38                HAL_PCD_EP_SetStall
 .text.HAL_PCD_EP_ClrStall
                0x08007dfe       0xac ./Drivers/STM32F4xx_HAL_Driver/Src/stm32f4xx_hal_pcd.o
                0x08007dfe                HAL_PCD_EP_ClrStall
 .text.HAL_PCD_EP_Abort
                0x08007eaa       0x62 ./Drivers/STM32F4xx_HAL_Driver/Src/stm32f4xx_hal_pcd.o
                0x08007eaa                HAL_PCD_EP_Abort
 .text.PCD_WriteEmptyTxFifo
                0x08007f0c      0x118 ./Drivers/STM32F4xx_HAL_Driver/Src/stm32f4xx_hal_pcd.o
 .text.PCD_EP_OutXfrComplete_int
                0x08008024      0x1d0 ./Drivers/STM32F4xx_HAL_Driver/Src/stm32f4xx_hal_pcd.o
 .text.PCD_EP_OutSetupPacket_int
                0x080081f4       0x8c ./Drivers/STM32F4xx_HAL_Driver/Src/stm32f4xx_hal_pcd.o
 .text.HAL_PCDEx_SetTxFiFo
                0x08008280       0x8e ./Drivers/STM32F4xx_HAL_Driver/Src/stm32f4xx_hal_pcd_ex.o
                0x08008280                HAL_PCDEx_SetTxFiFo
 .text.HAL_PCDEx_SetRxFiFo
                0x0800830e       0x22 ./Drivers/STM32F4xx_HAL_Driver/Src/stm32f4xx_hal_pcd_ex.o
                0x0800830e                HAL_PCDEx_SetRxFiFo
 .text.HAL_PCDEx_LPM_Callback
                0x08008330       0x18 ./Drivers/STM32F4xx_HAL_Driver/Src/stm32f4xx_hal_pcd_ex.o
                0x08008330                HAL_PCDEx_LPM_Callback
 .text.HAL_RCC_OscConfig
                0x08008348      0x4f0 ./Drivers/STM32F4xx_HAL_Driver/Src/stm32f4xx_hal_rcc.o
                0x08008348                HAL_RCC_OscConfig
 .text.HAL_RCC_ClockConfig
                0x08008838      0x1cc ./Drivers/STM32F4xx_HAL_Driver/Src/stm32f4xx_hal_rcc.o
                0x08008838                HAL_RCC_ClockConfig
 .text.HAL_RCC_GetSysClockFreq
                0x08008a04      0x20c ./Drivers/STM32F4xx_HAL_Driver/Src/stm32f4xx_hal_rcc.o
                0x08008a04                HAL_RCC_GetSysClockFreq
 .text.HAL_RCC_GetHCLKFreq
                0x08008c10       0x18 ./Drivers/STM32F4xx_HAL_Driver/Src/stm32f4xx_hal_rcc.o
                0x08008c10                HAL_RCC_GetHCLKFreq
 .text.HAL_RCC_GetPCLK1Freq
                0x08008c28       0x28 ./Drivers/STM32F4xx_HAL_Driver/Src/stm32f4xx_hal_rcc.o
                0x08008c28                HAL_RCC_GetPCLK1Freq
 .text.HAL_RCC_GetPCLK2Freq
                0x08008c50       0x28 ./Drivers/STM32F4xx_HAL_Driver/Src/stm32f4xx_hal_rcc.o
                0x08008c50                HAL_RCC_GetPCLK2Freq
 .text.HAL_RCC_GetClockConfig
                0x08008c78       0x64 ./Drivers/STM32F4xx_HAL_Driver/Src/stm32f4xx_hal_rcc.o
                0x08008c78                HAL_RCC_GetClockConfig
 .text.HAL_RCCEx_PeriphCLKConfig
                0x08008cdc      0x1c4 ./Drivers/STM32F4xx_HAL_Driver/Src/stm32f4xx_hal_rcc_ex.o
                0x08008cdc                HAL_RCCEx_PeriphCLKConfig
 .text.HAL_RCCEx_GetPeriphCLKFreq
                0x08008ea0       0xc0 ./Drivers/STM32F4xx_HAL_Driver/Src/stm32f4xx_hal_rcc_ex.o
                0x08008ea0                HAL_RCCEx_GetPeriphCLKFreq
 .text.HAL_TIM_Base_Init
                0x08008f60       0x9e ./Drivers/STM32F4xx_HAL_Driver/Src/stm32f4xx_hal_tim.o
                0x08008f60                HAL_TIM_Base_Init
 *fill*         0x08008ffe        0x2 
 .text.HAL_TIM_Base_Start
                0x08009000       0xd0 ./Drivers/STM32F4xx_HAL_Driver/Src/stm32f4xx_hal_tim.o
                0x08009000                HAL_TIM_Base_Start
 .text.HAL_TIM_Base_Start_IT
                0x080090d0       0xe0 ./Drivers/STM32F4xx_HAL_Driver/Src/stm32f4xx_hal_tim.o
                0x080090d0                HAL_TIM_Base_Start_IT
 .text.HAL_TIM_IRQHandler
                0x080091b0      0x1e0 ./Drivers/STM32F4xx_HAL_Driver/Src/stm32f4xx_hal_tim.o
                0x080091b0                HAL_TIM_IRQHandler
 .text.HAL_TIM_ConfigClockSource
                0x08009390      0x18e ./Drivers/STM32F4xx_HAL_Driver/Src/stm32f4xx_hal_tim.o
                0x08009390                HAL_TIM_ConfigClockSource
 .text.HAL_TIM_OC_DelayElapsedCallback
                0x0800951e       0x14 ./Drivers/STM32F4xx_HAL_Driver/Src/stm32f4xx_hal_tim.o
                0x0800951e                HAL_TIM_OC_DelayElapsedCallback
 .text.HAL_TIM_IC_CaptureCallback
                0x08009532       0x14 ./Drivers/STM32F4xx_HAL_Driver/Src/stm32f4xx_hal_tim.o
                0x08009532                HAL_TIM_IC_CaptureCallback
 .text.HAL_TIM_PWM_PulseFinishedCallback
                0x08009546       0x14 ./Drivers/STM32F4xx_HAL_Driver/Src/stm32f4xx_hal_tim.o
                0x08009546                HAL_TIM_PWM_PulseFinishedCallback
 .text.HAL_TIM_TriggerCallback
                0x0800955a       0x14 ./Drivers/STM32F4xx_HAL_Driver/Src/stm32f4xx_hal_tim.o
                0x0800955a                HAL_TIM_TriggerCallback
 *fill*         0x0800956e        0x2 
 .text.TIM_Base_SetConfig
                0x08009570      0x14c ./Drivers/STM32F4xx_HAL_Driver/Src/stm32f4xx_hal_tim.o
                0x08009570                TIM_Base_SetConfig
 .text.TIM_TI1_ConfigInputStage
                0x080096bc       0x5e ./Drivers/STM32F4xx_HAL_Driver/Src/stm32f4xx_hal_tim.o
 .text.TIM_TI2_ConfigInputStage
                0x0800971a       0x60 ./Drivers/STM32F4xx_HAL_Driver/Src/stm32f4xx_hal_tim.o
 .text.TIM_ITRx_SetConfig
                0x0800977a       0x36 ./Drivers/STM32F4xx_HAL_Driver/Src/stm32f4xx_hal_tim.o
 .text.TIM_ETR_SetConfig
                0x080097b0       0x40 ./Drivers/STM32F4xx_HAL_Driver/Src/stm32f4xx_hal_tim.o
                0x080097b0                TIM_ETR_SetConfig
 .text.HAL_TIMEx_MasterConfigSynchronization
                0x080097f0       0xf8 ./Drivers/STM32F4xx_HAL_Driver/Src/stm32f4xx_hal_tim_ex.o
                0x080097f0                HAL_TIMEx_MasterConfigSynchronization
 .text.HAL_TIMEx_CommutCallback
                0x080098e8       0x14 ./Drivers/STM32F4xx_HAL_Driver/Src/stm32f4xx_hal_tim_ex.o
                0x080098e8                HAL_TIMEx_CommutCallback
 .text.HAL_TIMEx_BreakCallback
                0x080098fc       0x14 ./Drivers/STM32F4xx_HAL_Driver/Src/stm32f4xx_hal_tim_ex.o
                0x080098fc                HAL_TIMEx_BreakCallback
 .text.HAL_UART_Init
                0x08009910       0xa0 ./Drivers/STM32F4xx_HAL_Driver/Src/stm32f4xx_hal_uart.o
                0x08009910                HAL_UART_Init
 .text.HAL_UART_Receive_IT
                0x080099b0       0x4a ./Drivers/STM32F4xx_HAL_Driver/Src/stm32f4xx_hal_uart.o
                0x080099b0                HAL_UART_Receive_IT
 .text.HAL_UART_AbortReceive
                0x080099fa      0x146 ./Drivers/STM32F4xx_HAL_Driver/Src/stm32f4xx_hal_uart.o
                0x080099fa                HAL_UART_AbortReceive
 .text.HAL_UART_IRQHandler
                0x08009b40      0x554 ./Drivers/STM32F4xx_HAL_Driver/Src/stm32f4xx_hal_uart.o
                0x08009b40                HAL_UART_IRQHandler
 .text.HAL_UART_TxCpltCallback
                0x0800a094       0x14 ./Drivers/STM32F4xx_HAL_Driver/Src/stm32f4xx_hal_uart.o
                0x0800a094                HAL_UART_TxCpltCallback
 .text.HAL_UARTEx_RxEventCallback
                0x0800a0a8       0x18 ./Drivers/STM32F4xx_HAL_Driver/Src/stm32f4xx_hal_uart.o
                0x0800a0a8                HAL_UARTEx_RxEventCallback
 .text.UART_Start_Receive_IT
                0x0800a0c0       0x74 ./Drivers/STM32F4xx_HAL_Driver/Src/stm32f4xx_hal_uart.o
                0x0800a0c0                UART_Start_Receive_IT
 .text.UART_EndRxTransfer
                0x0800a134       0xc6 ./Drivers/STM32F4xx_HAL_Driver/Src/stm32f4xx_hal_uart.o
 .text.UART_DMAAbortOnError
                0x0800a1fa       0x22 ./Drivers/STM32F4xx_HAL_Driver/Src/stm32f4xx_hal_uart.o
 .text.UART_Transmit_IT
                0x0800a21c       0xa0 ./Drivers/STM32F4xx_HAL_Driver/Src/stm32f4xx_hal_uart.o
 .text.UART_EndTransmit_IT
                0x0800a2bc       0x30 ./Drivers/STM32F4xx_HAL_Driver/Src/stm32f4xx_hal_uart.o
 .text.UART_Receive_IT
                0x0800a2ec      0x17c ./Drivers/STM32F4xx_HAL_Driver/Src/stm32f4xx_hal_uart.o
 .text.UART_SetConfig
                0x0800a468      0x4e8 ./Drivers/STM32F4xx_HAL_Driver/Src/stm32f4xx_hal_uart.o
 .text.USB_CoreInit
                0x0800a950       0xc8 ./Drivers/STM32F4xx_HAL_Driver/Src/stm32f4xx_ll_usb.o
                0x0800a950                USB_CoreInit
 .text.USB_SetTurnaroundTime
                0x0800aa18      0x144 ./Drivers/STM32F4xx_HAL_Driver/Src/stm32f4xx_ll_usb.o
                0x0800aa18                USB_SetTurnaroundTime
 .text.USB_EnableGlobalInt
                0x0800ab5c       0x22 ./Drivers/STM32F4xx_HAL_Driver/Src/stm32f4xx_ll_usb.o
                0x0800ab5c                USB_EnableGlobalInt
 .text.USB_DisableGlobalInt
                0x0800ab7e       0x22 ./Drivers/STM32F4xx_HAL_Driver/Src/stm32f4xx_ll_usb.o
                0x0800ab7e                USB_DisableGlobalInt
 .text.USB_SetCurrentMode
                0x0800aba0       0x98 ./Drivers/STM32F4xx_HAL_Driver/Src/stm32f4xx_ll_usb.o
                0x0800aba0                USB_SetCurrentMode
 .text.USB_DevInit
                0x0800ac38      0x2c8 ./Drivers/STM32F4xx_HAL_Driver/Src/stm32f4xx_ll_usb.o
                0x0800ac38                USB_DevInit
 .text.USB_FlushTxFifo
                0x0800af00       0x64 ./Drivers/STM32F4xx_HAL_Driver/Src/stm32f4xx_ll_usb.o
                0x0800af00                USB_FlushTxFifo
 .text.USB_FlushRxFifo
                0x0800af64       0x5c ./Drivers/STM32F4xx_HAL_Driver/Src/stm32f4xx_ll_usb.o
                0x0800af64                USB_FlushRxFifo
 .text.USB_SetDevSpeed
                0x0800afc0       0x32 ./Drivers/STM32F4xx_HAL_Driver/Src/stm32f4xx_ll_usb.o
                0x0800afc0                USB_SetDevSpeed
 .text.USB_GetDevSpeed
                0x0800aff2       0x4a ./Drivers/STM32F4xx_HAL_Driver/Src/stm32f4xx_ll_usb.o
                0x0800aff2                USB_GetDevSpeed
 .text.USB_ActivateEndpoint
                0x0800b03c      0x10e ./Drivers/STM32F4xx_HAL_Driver/Src/stm32f4xx_ll_usb.o
                0x0800b03c                USB_ActivateEndpoint
 *fill*         0x0800b14a        0x2 
 .text.USB_DeactivateEndpoint
                0x0800b14c      0x1b8 ./Drivers/STM32F4xx_HAL_Driver/Src/stm32f4xx_ll_usb.o
                0x0800b14c                USB_DeactivateEndpoint
 .text.USB_EPStartXfer
                0x0800b304      0x53c ./Drivers/STM32F4xx_HAL_Driver/Src/stm32f4xx_ll_usb.o
                0x0800b304                USB_EPStartXfer
 .text.USB_EPStopXfer
                0x0800b840      0x154 ./Drivers/STM32F4xx_HAL_Driver/Src/stm32f4xx_ll_usb.o
                0x0800b840                USB_EPStopXfer
 .text.USB_WritePacket
                0x0800b994       0x7c ./Drivers/STM32F4xx_HAL_Driver/Src/stm32f4xx_ll_usb.o
                0x0800b994                USB_WritePacket
 .text.USB_ReadPacket
                0x0800ba10       0xb0 ./Drivers/STM32F4xx_HAL_Driver/Src/stm32f4xx_ll_usb.o
                0x0800ba10                USB_ReadPacket
 .text.USB_EPSetStall
                0x0800bac0       0xdc ./Drivers/STM32F4xx_HAL_Driver/Src/stm32f4xx_ll_usb.o
                0x0800bac0                USB_EPSetStall
 .text.USB_EPClearStall
                0x0800bb9c       0xcc ./Drivers/STM32F4xx_HAL_Driver/Src/stm32f4xx_ll_usb.o
                0x0800bb9c                USB_EPClearStall
 .text.USB_SetDevAddress
                0x0800bc68       0x4c ./Drivers/STM32F4xx_HAL_Driver/Src/stm32f4xx_ll_usb.o
                0x0800bc68                USB_SetDevAddress
 .text.USB_DevConnect
                0x0800bcb4       0x42 ./Drivers/STM32F4xx_HAL_Driver/Src/stm32f4xx_ll_usb.o
                0x0800bcb4                USB_DevConnect
 .text.USB_DevDisconnect
                0x0800bcf6       0x42 ./Drivers/STM32F4xx_HAL_Driver/Src/stm32f4xx_ll_usb.o
                0x0800bcf6                USB_DevDisconnect
 .text.USB_ReadInterrupts
                0x0800bd38       0x26 ./Drivers/STM32F4xx_HAL_Driver/Src/stm32f4xx_ll_usb.o
                0x0800bd38                USB_ReadInterrupts
 .text.USB_ReadDevAllOutEpInterrupt
                0x0800bd5e       0x34 ./Drivers/STM32F4xx_HAL_Driver/Src/stm32f4xx_ll_usb.o
                0x0800bd5e                USB_ReadDevAllOutEpInterrupt
 .text.USB_ReadDevAllInEpInterrupt
                0x0800bd92       0x34 ./Drivers/STM32F4xx_HAL_Driver/Src/stm32f4xx_ll_usb.o
                0x0800bd92                USB_ReadDevAllInEpInterrupt
 .text.USB_ReadDevOutEPInterrupt
                0x0800bdc6       0x3c ./Drivers/STM32F4xx_HAL_Driver/Src/stm32f4xx_ll_usb.o
                0x0800bdc6                USB_ReadDevOutEPInterrupt
 .text.USB_ReadDevInEPInterrupt
                0x0800be02       0x5c ./Drivers/STM32F4xx_HAL_Driver/Src/stm32f4xx_ll_usb.o
                0x0800be02                USB_ReadDevInEPInterrupt
 .text.USB_GetMode
                0x0800be5e       0x1c ./Drivers/STM32F4xx_HAL_Driver/Src/stm32f4xx_ll_usb.o
                0x0800be5e                USB_GetMode
 .text.USB_ActivateSetup
                0x0800be7a       0x46 ./Drivers/STM32F4xx_HAL_Driver/Src/stm32f4xx_ll_usb.o
                0x0800be7a                USB_ActivateSetup
 .text.USB_EP0_OutStart
                0x0800bec0       0xbc ./Drivers/STM32F4xx_HAL_Driver/Src/stm32f4xx_ll_usb.o
                0x0800bec0                USB_EP0_OutStart
 .text.USB_CoreReset
                0x0800bf7c       0x70 ./Drivers/STM32F4xx_HAL_Driver/Src/stm32f4xx_ll_usb.o
 .text.USBD_CDC_Init
                0x0800bfec      0x1f0 ./Middlewares/ST/STM32_USB_Device_Library/Class/CDC/Src/usbd_cdc.o
 .text.USBD_CDC_DeInit
                0x0800c1dc      0x104 ./Middlewares/ST/STM32_USB_Device_Library/Class/CDC/Src/usbd_cdc.o
 .text.USBD_CDC_Setup
                0x0800c2e0      0x1b8 ./Middlewares/ST/STM32_USB_Device_Library/Class/CDC/Src/usbd_cdc.o
 .text.USBD_CDC_DataIn
                0x0800c498       0xfe ./Middlewares/ST/STM32_USB_Device_Library/Class/CDC/Src/usbd_cdc.o
 .text.USBD_CDC_DataOut
                0x0800c596       0x70 ./Middlewares/ST/STM32_USB_Device_Library/Class/CDC/Src/usbd_cdc.o
 .text.USBD_CDC_EP0_RxReady
                0x0800c606       0x74 ./Middlewares/ST/STM32_USB_Device_Library/Class/CDC/Src/usbd_cdc.o
 *fill*         0x0800c67a        0x2 
 .text.USBD_CDC_GetFSCfgDesc
                0x0800c67c       0x70 ./Middlewares/ST/STM32_USB_Device_Library/Class/CDC/Src/usbd_cdc.o
 .text.USBD_CDC_GetHSCfgDesc
                0x0800c6ec       0x70 ./Middlewares/ST/STM32_USB_Device_Library/Class/CDC/Src/usbd_cdc.o
 .text.USBD_CDC_GetOtherSpeedCfgDesc
                0x0800c75c       0x70 ./Middlewares/ST/STM32_USB_Device_Library/Class/CDC/Src/usbd_cdc.o
 .text.USBD_CDC_GetDeviceQualifierDescriptor
                0x0800c7cc       0x20 ./Middlewares/ST/STM32_USB_Device_Library/Class/CDC/Src/usbd_cdc.o
                0x0800c7cc                USBD_CDC_GetDeviceQualifierDescriptor
 .text.USBD_CDC_RegisterInterface
                0x0800c7ec       0x34 ./Middlewares/ST/STM32_USB_Device_Library/Class/CDC/Src/usbd_cdc.o
                0x0800c7ec                USBD_CDC_RegisterInterface
 .text.USBD_CDC_SetTxBuffer
                0x0800c820       0x44 ./Middlewares/ST/STM32_USB_Device_Library/Class/CDC/Src/usbd_cdc.o
                0x0800c820                USBD_CDC_SetTxBuffer
 .text.USBD_CDC_SetRxBuffer
                0x0800c864       0x3a ./Middlewares/ST/STM32_USB_Device_Library/Class/CDC/Src/usbd_cdc.o
                0x0800c864                USBD_CDC_SetRxBuffer
 *fill*         0x0800c89e        0x2 
 .text.USBD_CDC_ReceivePacket
                0x0800c8a0       0x6c ./Middlewares/ST/STM32_USB_Device_Library/Class/CDC/Src/usbd_cdc.o
                0x0800c8a0                USBD_CDC_ReceivePacket
 .text.USBD_Init
                0x0800c90c       0x60 ./Middlewares/ST/STM32_USB_Device_Library/Core/Src/usbd_core.o
                0x0800c90c                USBD_Init
 .text.USBD_RegisterClass
                0x0800c96c       0x6c ./Middlewares/ST/STM32_USB_Device_Library/Core/Src/usbd_core.o
                0x0800c96c                USBD_RegisterClass
 .text.USBD_Start
                0x0800c9d8       0x18 ./Middlewares/ST/STM32_USB_Device_Library/Core/Src/usbd_core.o
                0x0800c9d8                USBD_Start
 .text.USBD_RunTestMode
                0x0800c9f0       0x16 ./Middlewares/ST/STM32_USB_Device_Library/Core/Src/usbd_core.o
                0x0800c9f0                USBD_RunTestMode
 .text.USBD_SetClassConfig
                0x0800ca06       0x38 ./Middlewares/ST/STM32_USB_Device_Library/Core/Src/usbd_core.o
                0x0800ca06                USBD_SetClassConfig
 .text.USBD_ClrClassConfig
                0x0800ca3e       0x34 ./Middlewares/ST/STM32_USB_Device_Library/Core/Src/usbd_core.o
                0x0800ca3e                USBD_ClrClassConfig
 .text.USBD_LL_SetupStage
                0x0800ca72       0xaa ./Middlewares/ST/STM32_USB_Device_Library/Core/Src/usbd_core.o
                0x0800ca72                USBD_LL_SetupStage
 .text.USBD_LL_DataOutStage
                0x0800cb1c      0x178 ./Middlewares/ST/STM32_USB_Device_Library/Core/Src/usbd_core.o
                0x0800cb1c                USBD_LL_DataOutStage
 .text.USBD_LL_DataInStage
                0x0800cc94      0x176 ./Middlewares/ST/STM32_USB_Device_Library/Core/Src/usbd_core.o
                0x0800cc94                USBD_LL_DataInStage
 .text.USBD_LL_Reset
                0x0800ce0a       0xa6 ./Middlewares/ST/STM32_USB_Device_Library/Core/Src/usbd_core.o
                0x0800ce0a                USBD_LL_Reset
 .text.USBD_LL_SetSpeed
                0x0800ceb0       0x20 ./Middlewares/ST/STM32_USB_Device_Library/Core/Src/usbd_core.o
                0x0800ceb0                USBD_LL_SetSpeed
 .text.USBD_LL_Suspend
                0x0800ced0       0x38 ./Middlewares/ST/STM32_USB_Device_Library/Core/Src/usbd_core.o
                0x0800ced0                USBD_LL_Suspend
 .text.USBD_LL_Resume
                0x0800cf08       0x30 ./Middlewares/ST/STM32_USB_Device_Library/Core/Src/usbd_core.o
                0x0800cf08                USBD_LL_Resume
 .text.USBD_LL_SOF
                0x0800cf38       0x40 ./Middlewares/ST/STM32_USB_Device_Library/Core/Src/usbd_core.o
                0x0800cf38                USBD_LL_SOF
 .text.USBD_LL_IsoINIncomplete
                0x0800cf78       0x64 ./Middlewares/ST/STM32_USB_Device_Library/Core/Src/usbd_core.o
                0x0800cf78                USBD_LL_IsoINIncomplete
 .text.USBD_LL_IsoOUTIncomplete
                0x0800cfdc       0x64 ./Middlewares/ST/STM32_USB_Device_Library/Core/Src/usbd_core.o
                0x0800cfdc                USBD_LL_IsoOUTIncomplete
 .text.USBD_LL_DevConnected
                0x0800d040       0x16 ./Middlewares/ST/STM32_USB_Device_Library/Core/Src/usbd_core.o
                0x0800d040                USBD_LL_DevConnected
 .text.USBD_LL_DevDisconnected
                0x0800d056       0x46 ./Middlewares/ST/STM32_USB_Device_Library/Core/Src/usbd_core.o
                0x0800d056                USBD_LL_DevDisconnected
 .text.USBD_CoreFindIF
                0x0800d09c       0x1a ./Middlewares/ST/STM32_USB_Device_Library/Core/Src/usbd_core.o
                0x0800d09c                USBD_CoreFindIF
 .text.USBD_CoreFindEP
                0x0800d0b6       0x1a ./Middlewares/ST/STM32_USB_Device_Library/Core/Src/usbd_core.o
                0x0800d0b6                USBD_CoreFindEP
 .text.USBD_GetEpDesc
                0x0800d0d0       0x70 ./Middlewares/ST/STM32_USB_Device_Library/Core/Src/usbd_core.o
                0x0800d0d0                USBD_GetEpDesc
 .text.USBD_GetNextDesc
                0x0800d140       0x38 ./Middlewares/ST/STM32_USB_Device_Library/Core/Src/usbd_core.o
                0x0800d140                USBD_GetNextDesc
 .text.SWAPBYTE
                0x0800d178       0x3e ./Middlewares/ST/STM32_USB_Device_Library/Core/Src/usbd_ctlreq.o
 *fill*         0x0800d1b6        0x2 
 .text.USBD_StdDevReq
                0x0800d1b8       0xe4 ./Middlewares/ST/STM32_USB_Device_Library/Core/Src/usbd_ctlreq.o
                0x0800d1b8                USBD_StdDevReq
 .text.USBD_StdItfReq
                0x0800d29c       0xd8 ./Middlewares/ST/STM32_USB_Device_Library/Core/Src/usbd_ctlreq.o
                0x0800d29c                USBD_StdItfReq
 .text.USBD_StdEPReq
                0x0800d374      0x33e ./Middlewares/ST/STM32_USB_Device_Library/Core/Src/usbd_ctlreq.o
                0x0800d374                USBD_StdEPReq
 *fill*         0x0800d6b2        0x2 
 .text.USBD_GetDescriptor
                0x0800d6b4      0x2d4 ./Middlewares/ST/STM32_USB_Device_Library/Core/Src/usbd_ctlreq.o
 .text.USBD_SetAddress
                0x0800d988       0x88 ./Middlewares/ST/STM32_USB_Device_Library/Core/Src/usbd_ctlreq.o
 .text.USBD_SetConfig
                0x0800da10      0x154 ./Middlewares/ST/STM32_USB_Device_Library/Core/Src/usbd_ctlreq.o
 .text.USBD_GetConfig
                0x0800db64       0x6c ./Middlewares/ST/STM32_USB_Device_Library/Core/Src/usbd_ctlreq.o
 .text.USBD_GetStatus
                0x0800dbd0       0x68 ./Middlewares/ST/STM32_USB_Device_Library/Core/Src/usbd_ctlreq.o
 .text.USBD_SetFeature
                0x0800dc38       0x52 ./Middlewares/ST/STM32_USB_Device_Library/Core/Src/usbd_ctlreq.o
 .text.USBD_ClrFeature
                0x0800dc8a       0x44 ./Middlewares/ST/STM32_USB_Device_Library/Core/Src/usbd_ctlreq.o
 .text.USBD_ParseSetupRequest
                0x0800dcce       0x74 ./Middlewares/ST/STM32_USB_Device_Library/Core/Src/usbd_ctlreq.o
                0x0800dcce                USBD_ParseSetupRequest
 .text.USBD_CtlError
                0x0800dd42       0x22 ./Middlewares/ST/STM32_USB_Device_Library/Core/Src/usbd_ctlreq.o
                0x0800dd42                USBD_CtlError
 .text.USBD_GetString
                0x0800dd64       0xa4 ./Middlewares/ST/STM32_USB_Device_Library/Core/Src/usbd_ctlreq.o
                0x0800dd64                USBD_GetString
 .text.USBD_GetLen
                0x0800de08       0x34 ./Middlewares/ST/STM32_USB_Device_Library/Core/Src/usbd_ctlreq.o
 .text.USBD_CtlSendData
                0x0800de3c       0x3c ./Middlewares/ST/STM32_USB_Device_Library/Core/Src/usbd_ioreq.o
                0x0800de3c                USBD_CtlSendData
 .text.USBD_CtlContinueSendData
                0x0800de78       0x22 ./Middlewares/ST/STM32_USB_Device_Library/Core/Src/usbd_ioreq.o
                0x0800de78                USBD_CtlContinueSendData
 .text.USBD_CtlPrepareRx
                0x0800de9a       0x42 ./Middlewares/ST/STM32_USB_Device_Library/Core/Src/usbd_ioreq.o
                0x0800de9a                USBD_CtlPrepareRx
 .text.USBD_CtlContinueRx
                0x0800dedc       0x22 ./Middlewares/ST/STM32_USB_Device_Library/Core/Src/usbd_ioreq.o
                0x0800dedc                USBD_CtlContinueRx
 .text.USBD_CtlSendStatus
                0x0800defe       0x26 ./Middlewares/ST/STM32_USB_Device_Library/Core/Src/usbd_ioreq.o
                0x0800defe                USBD_CtlSendStatus
 .text.USBD_CtlReceiveStatus
                0x0800df24       0x26 ./Middlewares/ST/STM32_USB_Device_Library/Core/Src/usbd_ioreq.o
                0x0800df24                USBD_CtlReceiveStatus
 *fill*         0x0800df4a        0x2 
 .text.__NVIC_SetPriority
                0x0800df4c       0x54 ./Middlewares/Third_Party/FreeRTOS/Source/CMSIS_RTOS_V2/cmsis_os2.o
 .text.SysTick_Handler
                0x0800dfa0       0x20 ./Middlewares/Third_Party/FreeRTOS/Source/CMSIS_RTOS_V2/cmsis_os2.o
                0x0800dfa0                SysTick_Handler
 .text.SVC_Setup
                0x0800dfc0       0x12 ./Middlewares/Third_Party/FreeRTOS/Source/CMSIS_RTOS_V2/cmsis_os2.o
 *fill*         0x0800dfd2        0x2 
 .text.osKernelInitialize
                0x0800dfd4       0x48 ./Middlewares/Third_Party/FreeRTOS/Source/CMSIS_RTOS_V2/cmsis_os2.o
                0x0800dfd4                osKernelInitialize
 .text.osKernelStart
                0x0800e01c       0x4c ./Middlewares/Third_Party/FreeRTOS/Source/CMSIS_RTOS_V2/cmsis_os2.o
                0x0800e01c                osKernelStart
 .text.osThreadNew
                0x0800e068      0x124 ./Middlewares/Third_Party/FreeRTOS/Source/CMSIS_RTOS_V2/cmsis_os2.o
                0x0800e068                osThreadNew
 .text.osDelay  0x0800e18c       0x36 ./Middlewares/Third_Party/FreeRTOS/Source/CMSIS_RTOS_V2/cmsis_os2.o
                0x0800e18c                osDelay
 *fill*         0x0800e1c2        0x2 
 .text.vApplicationGetIdleTaskMemory
                0x0800e1c4       0x34 ./Middlewares/Third_Party/FreeRTOS/Source/CMSIS_RTOS_V2/cmsis_os2.o
                0x0800e1c4                vApplicationGetIdleTaskMemory
 .text.vApplicationGetTimerTaskMemory
                0x0800e1f8       0x34 ./Middlewares/Third_Party/FreeRTOS/Source/CMSIS_RTOS_V2/cmsis_os2.o
                0x0800e1f8                vApplicationGetTimerTaskMemory
 .text.vListInitialise
                0x0800e22c       0x40 ./Middlewares/Third_Party/FreeRTOS/Source/list.o
                0x0800e22c                vListInitialise
 .text.vListInitialiseItem
                0x0800e26c       0x1a ./Middlewares/Third_Party/FreeRTOS/Source/list.o
                0x0800e26c                vListInitialiseItem
 .text.vListInsertEnd
                0x0800e286       0x48 ./Middlewares/Third_Party/FreeRTOS/Source/list.o
                0x0800e286                vListInsertEnd
 .text.vListInsert
                0x0800e2ce       0x72 ./Middlewares/Third_Party/FreeRTOS/Source/list.o
                0x0800e2ce                vListInsert
 .text.uxListRemove
                0x0800e340       0x54 ./Middlewares/Third_Party/FreeRTOS/Source/list.o
                0x0800e340                uxListRemove
 .text.xQueueGenericReset
                0x0800e394       0xd4 ./Middlewares/Third_Party/FreeRTOS/Source/queue.o
                0x0800e394                xQueueGenericReset
 .text.xQueueGenericCreateStatic
                0x0800e468       0xfa ./Middlewares/Third_Party/FreeRTOS/Source/queue.o
                0x0800e468                xQueueGenericCreateStatic
 .text.xQueueGenericCreate
                0x0800e562       0x76 ./Middlewares/Third_Party/FreeRTOS/Source/queue.o
                0x0800e562                xQueueGenericCreate
 .text.prvInitialiseNewQueue
                0x0800e5d8       0x46 ./Middlewares/Third_Party/FreeRTOS/Source/queue.o
 .text.prvInitialiseMutex
                0x0800e61e       0x34 ./Middlewares/Third_Party/FreeRTOS/Source/queue.o
 .text.xQueueCreateMutex
                0x0800e652       0x30 ./Middlewares/Third_Party/FreeRTOS/Source/queue.o
                0x0800e652                xQueueCreateMutex
 *fill*         0x0800e682        0x2 
 .text.xQueueGenericSend
                0x0800e684      0x204 ./Middlewares/Third_Party/FreeRTOS/Source/queue.o
                0x0800e684                xQueueGenericSend
 .text.xQueueGenericSendFromISR
                0x0800e888      0x13c ./Middlewares/Third_Party/FreeRTOS/Source/queue.o
                0x0800e888                xQueueGenericSendFromISR
 .text.xQueueReceive
                0x0800e9c4      0x1c4 ./Middlewares/Third_Party/FreeRTOS/Source/queue.o
                0x0800e9c4                xQueueReceive
 .text.xQueueSemaphoreTake
                0x0800eb88      0x220 ./Middlewares/Third_Party/FreeRTOS/Source/queue.o
                0x0800eb88                xQueueSemaphoreTake
 .text.prvGetDisinheritPriorityAfterTimeout
                0x0800eda8       0x30 ./Middlewares/Third_Party/FreeRTOS/Source/queue.o
 .text.prvCopyDataToQueue
                0x0800edd8       0xd4 ./Middlewares/Third_Party/FreeRTOS/Source/queue.o
 .text.prvCopyDataFromQueue
                0x0800eeac       0x4c ./Middlewares/Third_Party/FreeRTOS/Source/queue.o
 .text.prvUnlockQueue
                0x0800eef8       0xa4 ./Middlewares/Third_Party/FreeRTOS/Source/queue.o
 .text.prvIsQueueEmpty
                0x0800ef9c       0x2c ./Middlewares/Third_Party/FreeRTOS/Source/queue.o
 .text.prvIsQueueFull
                0x0800efc8       0x30 ./Middlewares/Third_Party/FreeRTOS/Source/queue.o
 .text.vQueueAddToRegistry
                0x0800eff8       0x54 ./Middlewares/Third_Party/FreeRTOS/Source/queue.o
                0x0800eff8                vQueueAddToRegistry
 .text.vQueueWaitForMessageRestricted
                0x0800f04c       0x68 ./Middlewares/Third_Party/FreeRTOS/Source/queue.o
                0x0800f04c                vQueueWaitForMessageRestricted
 .text.xTaskCreateStatic
                0x0800f0b4       0xc0 ./Middlewares/Third_Party/FreeRTOS/Source/tasks.o
                0x0800f0b4                xTaskCreateStatic
 .text.xTaskCreate
                0x0800f174       0x8a ./Middlewares/Third_Party/FreeRTOS/Source/tasks.o
                0x0800f174                xTaskCreate
 *fill*         0x0800f1fe        0x2 
 .text.prvInitialiseNewTask
                0x0800f200      0x150 ./Middlewares/Third_Party/FreeRTOS/Source/tasks.o
 .text.prvAddNewTaskToReadyList
                0x0800f350       0xe0 ./Middlewares/Third_Party/FreeRTOS/Source/tasks.o
 .text.vTaskDelayUntil
                0x0800f430      0x100 ./Middlewares/Third_Party/FreeRTOS/Source/tasks.o
                0x0800f430                vTaskDelayUntil
 .text.vTaskDelay
                0x0800f530       0x6c ./Middlewares/Third_Party/FreeRTOS/Source/tasks.o
                0x0800f530                vTaskDelay
 .text.vTaskStartScheduler
                0x0800f59c       0xe0 ./Middlewares/Third_Party/FreeRTOS/Source/tasks.o
                0x0800f59c                vTaskStartScheduler
 .text.vTaskSuspendAll
                0x0800f67c       0x1c ./Middlewares/Third_Party/FreeRTOS/Source/tasks.o
                0x0800f67c                vTaskSuspendAll
 .text.xTaskResumeAll
                0x0800f698      0x13c ./Middlewares/Third_Party/FreeRTOS/Source/tasks.o
                0x0800f698                xTaskResumeAll
 .text.xTaskGetTickCount
                0x0800f7d4       0x20 ./Middlewares/Third_Party/FreeRTOS/Source/tasks.o
                0x0800f7d4                xTaskGetTickCount
 .text.xTaskIncrementTick
                0x0800f7f4      0x174 ./Middlewares/Third_Party/FreeRTOS/Source/tasks.o
                0x0800f7f4                xTaskIncrementTick
 .text.vTaskSwitchContext
                0x0800f968       0xcc ./Middlewares/Third_Party/FreeRTOS/Source/tasks.o
                0x0800f968                vTaskSwitchContext
 .text.vTaskPlaceOnEventList
                0x0800fa34       0x4c ./Middlewares/Third_Party/FreeRTOS/Source/tasks.o
                0x0800fa34                vTaskPlaceOnEventList
 .text.vTaskPlaceOnEventListRestricted
                0x0800fa80       0x58 ./Middlewares/Third_Party/FreeRTOS/Source/tasks.o
                0x0800fa80                vTaskPlaceOnEventListRestricted
 .text.xTaskRemoveFromEventList
                0x0800fad8       0xc8 ./Middlewares/Third_Party/FreeRTOS/Source/tasks.o
                0x0800fad8                xTaskRemoveFromEventList
 .text.vTaskInternalSetTimeOutState
                0x0800fba0       0x2c ./Middlewares/Third_Party/FreeRTOS/Source/tasks.o
                0x0800fba0                vTaskInternalSetTimeOutState
 .text.xTaskCheckForTimeOut
                0x0800fbcc       0xc8 ./Middlewares/Third_Party/FreeRTOS/Source/tasks.o
                0x0800fbcc                xTaskCheckForTimeOut
 .text.vTaskMissedYield
                0x0800fc94       0x18 ./Middlewares/Third_Party/FreeRTOS/Source/tasks.o
                0x0800fc94                vTaskMissedYield
 .text.prvIdleTask
                0x0800fcac       0x30 ./Middlewares/Third_Party/FreeRTOS/Source/tasks.o
 .text.prvInitialiseTaskLists
                0x0800fcdc       0x80 ./Middlewares/Third_Party/FreeRTOS/Source/tasks.o
 .text.prvCheckTasksWaitingTermination
                0x0800fd5c       0x5c ./Middlewares/Third_Party/FreeRTOS/Source/tasks.o
 .text.prvDeleteTCB
                0x0800fdb8       0x6a ./Middlewares/Third_Party/FreeRTOS/Source/tasks.o
 *fill*         0x0800fe22        0x2 
 .text.prvResetNextTaskUnblockTime
                0x0800fe24       0x40 ./Middlewares/Third_Party/FreeRTOS/Source/tasks.o
 .text.xTaskGetSchedulerState
                0x0800fe64       0x3c ./Middlewares/Third_Party/FreeRTOS/Source/tasks.o
                0x0800fe64                xTaskGetSchedulerState
 .text.xTaskPriorityInherit
                0x0800fea0       0xd0 ./Middlewares/Third_Party/FreeRTOS/Source/tasks.o
                0x0800fea0                xTaskPriorityInherit
 .text.xTaskPriorityDisinherit
                0x0800ff70       0xe0 ./Middlewares/Third_Party/FreeRTOS/Source/tasks.o
                0x0800ff70                xTaskPriorityDisinherit
 .text.vTaskPriorityDisinheritAfterTimeout
                0x08010050      0x108 ./Middlewares/Third_Party/FreeRTOS/Source/tasks.o
                0x08010050                vTaskPriorityDisinheritAfterTimeout
 .text.pvTaskIncrementMutexHeldCount
                0x08010158       0x28 ./Middlewares/Third_Party/FreeRTOS/Source/tasks.o
                0x08010158                pvTaskIncrementMutexHeldCount
 .text.prvAddCurrentTaskToDelayedList
                0x08010180       0xa8 ./Middlewares/Third_Party/FreeRTOS/Source/tasks.o
 .text.xTimerCreateTimerTask
                0x08010228       0x94 ./Middlewares/Third_Party/FreeRTOS/Source/timers.o
                0x08010228                xTimerCreateTimerTask
 .text.xTimerGenericCommand
                0x080102bc       0x9c ./Middlewares/Third_Party/FreeRTOS/Source/timers.o
                0x080102bc                xTimerGenericCommand
 .text.prvProcessExpiredTimer
                0x08010358       0x9c ./Middlewares/Third_Party/FreeRTOS/Source/timers.o
 .text.prvTimerTask
                0x080103f4       0x26 ./Middlewares/Third_Party/FreeRTOS/Source/timers.o
 *fill*         0x0801041a        0x2 
 .text.prvProcessTimerOrBlockTask
                0x0801041c       0x9c ./Middlewares/Third_Party/FreeRTOS/Source/timers.o
 .text.prvGetNextExpireTime
                0x080104b8       0x48 ./Middlewares/Third_Party/FreeRTOS/Source/timers.o
 .text.prvSampleTimeNow
                0x08010500       0x40 ./Middlewares/Third_Party/FreeRTOS/Source/timers.o
 .text.prvInsertTimerInActiveList
                0x08010540       0x84 ./Middlewares/Third_Party/FreeRTOS/Source/timers.o
 .text.prvProcessReceivedCommands
                0x080105c4      0x1cc ./Middlewares/Third_Party/FreeRTOS/Source/timers.o
 .text.prvSwitchTimerLists
                0x08010790       0xcc ./Middlewares/Third_Party/FreeRTOS/Source/timers.o
 .text.prvCheckForValidListAndQueue
                0x0801085c       0x80 ./Middlewares/Third_Party/FreeRTOS/Source/timers.o
 .text.pxPortInitialiseStack
                0x080108dc       0x68 ./Middlewares/Third_Party/FreeRTOS/Source/portable/GCC/ARM_CM4F/port.o
                0x080108dc                pxPortInitialiseStack
 .text.prvTaskExitError
                0x08010944       0x5c ./Middlewares/Third_Party/FreeRTOS/Source/portable/GCC/ARM_CM4F/port.o
 .text.SVC_Handler
                0x080109a0       0x28 ./Middlewares/Third_Party/FreeRTOS/Source/portable/GCC/ARM_CM4F/port.o
                0x080109a0                SVC_Handler
 .text.prvPortStartFirstTask
                0x080109c8       0x28 ./Middlewares/Third_Party/FreeRTOS/Source/portable/GCC/ARM_CM4F/port.o
 .text.xPortStartScheduler
                0x080109f0      0x148 ./Middlewares/Third_Party/FreeRTOS/Source/portable/GCC/ARM_CM4F/port.o
                0x080109f0                xPortStartScheduler
 .text.vPortEnterCritical
                0x08010b38       0x64 ./Middlewares/Third_Party/FreeRTOS/Source/portable/GCC/ARM_CM4F/port.o
                0x08010b38                vPortEnterCritical
 .text.vPortExitCritical
                0x08010b9c       0x54 ./Middlewares/Third_Party/FreeRTOS/Source/portable/GCC/ARM_CM4F/port.o
                0x08010b9c                vPortExitCritical
 .text.PendSV_Handler
                0x08010bf0       0x68 ./Middlewares/Third_Party/FreeRTOS/Source/portable/GCC/ARM_CM4F/port.o
                0x08010bf0                PendSV_Handler
 .text.xPortSysTickHandler
                0x08010c58       0x44 ./Middlewares/Third_Party/FreeRTOS/Source/portable/GCC/ARM_CM4F/port.o
                0x08010c58                xPortSysTickHandler
 .text.vPortSetupTimerInterrupt
                0x08010c9c       0x48 ./Middlewares/Third_Party/FreeRTOS/Source/portable/GCC/ARM_CM4F/port.o
                0x08010c9c                vPortSetupTimerInterrupt
 .text.vPortEnableVFP
                0x08010ce4       0x14 ./Middlewares/Third_Party/FreeRTOS/Source/portable/GCC/ARM_CM4F/port.o
 .text.vPortValidateInterruptPriority
                0x08010cf8       0x84 ./Middlewares/Third_Party/FreeRTOS/Source/portable/GCC/ARM_CM4F/port.o
                0x08010cf8                vPortValidateInterruptPriority
 .text.pvPortMalloc
                0x08010d7c      0x19c ./Middlewares/Third_Party/FreeRTOS/Source/portable/MemMang/heap_4.o
                0x08010d7c                pvPortMalloc
 .text.vPortFree
                0x08010f18       0xc8 ./Middlewares/Third_Party/FreeRTOS/Source/portable/MemMang/heap_4.o
                0x08010f18                vPortFree
 .text.prvHeapInit
                0x08010fe0       0xc4 ./Middlewares/Third_Party/FreeRTOS/Source/portable/MemMang/heap_4.o
 .text.prvInsertBlockIntoFreeList
                0x080110a4       0xb4 ./Middlewares/Third_Party/FreeRTOS/Source/portable/MemMang/heap_4.o
 .text.MX_USB_DEVICE_Init
                0x08011158       0x60 ./USB_DEVICE/App/usb_device.o
                0x08011158                MX_USB_DEVICE_Init
 .text.CDC_Init_FS
                0x080111b8       0x28 ./USB_DEVICE/App/usbd_cdc_if.o
 .text.CDC_DeInit_FS
                0x080111e0       0x10 ./USB_DEVICE/App/usbd_cdc_if.o
 .text.CDC_Control_FS
                0x080111f0       0xbc ./USB_DEVICE/App/usbd_cdc_if.o
 .text.CDC_Receive_FS
                0x080112ac       0x28 ./USB_DEVICE/App/usbd_cdc_if.o
 .text.CDC_TransmitCplt_FS
                0x080112d4       0x22 ./USB_DEVICE/App/usbd_cdc_if.o
 *fill*         0x080112f6        0x2 
 .text.USBD_FS_DeviceDescriptor
                0x080112f8       0x24 ./USB_DEVICE/App/usbd_desc.o
                0x080112f8                USBD_FS_DeviceDescriptor
 .text.USBD_FS_LangIDStrDescriptor
                0x0801131c       0x24 ./USB_DEVICE/App/usbd_desc.o
                0x0801131c                USBD_FS_LangIDStrDescriptor
 .text.USBD_FS_ProductStrDescriptor
                0x08011340       0x3c ./USB_DEVICE/App/usbd_desc.o
                0x08011340                USBD_FS_ProductStrDescriptor
 .text.USBD_FS_ManufacturerStrDescriptor
                0x0801137c       0x28 ./USB_DEVICE/App/usbd_desc.o
                0x0801137c                USBD_FS_ManufacturerStrDescriptor
 .text.USBD_FS_SerialStrDescriptor
                0x080113a4       0x24 ./USB_DEVICE/App/usbd_desc.o
                0x080113a4                USBD_FS_SerialStrDescriptor
 .text.USBD_FS_ConfigStrDescriptor
                0x080113c8       0x3c ./USB_DEVICE/App/usbd_desc.o
                0x080113c8                USBD_FS_ConfigStrDescriptor
 .text.USBD_FS_InterfaceStrDescriptor
                0x08011404       0x3c ./USB_DEVICE/App/usbd_desc.o
                0x08011404                USBD_FS_InterfaceStrDescriptor
 .text.Get_SerialNum
                0x08011440       0x58 ./USB_DEVICE/App/usbd_desc.o
 .text.IntToUnicode
                0x08011498       0x7e ./USB_DEVICE/App/usbd_desc.o
 *fill*         0x08011516        0x2 
 .text.HAL_PCD_MspInit
                0x08011518       0xc4 ./USB_DEVICE/Target/usbd_conf.o
                0x08011518                HAL_PCD_MspInit
 .text.HAL_PCD_SetupStageCallback
                0x080115dc       0x24 ./USB_DEVICE/Target/usbd_conf.o
                0x080115dc                HAL_PCD_SetupStageCallback
 .text.HAL_PCD_DataOutStageCallback
                0x08011600       0x36 ./USB_DEVICE/Target/usbd_conf.o
                0x08011600                HAL_PCD_DataOutStageCallback
 .text.HAL_PCD_DataInStageCallback
                0x08011636       0x34 ./USB_DEVICE/Target/usbd_conf.o
                0x08011636                HAL_PCD_DataInStageCallback
 .text.HAL_PCD_SOFCallback
                0x0801166a       0x1c ./USB_DEVICE/Target/usbd_conf.o
                0x0801166a                HAL_PCD_SOFCallback
 .text.HAL_PCD_ResetCallback
                0x08011686       0x50 ./USB_DEVICE/Target/usbd_conf.o
                0x08011686                HAL_PCD_ResetCallback
 *fill*         0x080116d6        0x2 
 .text.HAL_PCD_SuspendCallback
                0x080116d8       0x4c ./USB_DEVICE/Target/usbd_conf.o
                0x080116d8                HAL_PCD_SuspendCallback
 .text.HAL_PCD_ResumeCallback
                0x08011724       0x1c ./USB_DEVICE/Target/usbd_conf.o
                0x08011724                HAL_PCD_ResumeCallback
 .text.HAL_PCD_ISOOUTIncompleteCallback
                0x08011740       0x24 ./USB_DEVICE/Target/usbd_conf.o
                0x08011740                HAL_PCD_ISOOUTIncompleteCallback
 .text.HAL_PCD_ISOINIncompleteCallback
                0x08011764       0x24 ./USB_DEVICE/Target/usbd_conf.o
                0x08011764                HAL_PCD_ISOINIncompleteCallback
 .text.HAL_PCD_ConnectCallback
                0x08011788       0x1c ./USB_DEVICE/Target/usbd_conf.o
                0x08011788                HAL_PCD_ConnectCallback
 .text.HAL_PCD_DisconnectCallback
                0x080117a4       0x1c ./USB_DEVICE/Target/usbd_conf.o
                0x080117a4                HAL_PCD_DisconnectCallback
 .text.USBD_LL_Init
                0x080117c0       0x98 ./USB_DEVICE/Target/usbd_conf.o
                0x080117c0                USBD_LL_Init
 .text.USBD_LL_Start
                0x08011858       0x36 ./USB_DEVICE/Target/usbd_conf.o
                0x08011858                USBD_LL_Start
 .text.USBD_LL_OpenEP
                0x0801188e       0x4c ./USB_DEVICE/Target/usbd_conf.o
                0x0801188e                USBD_LL_OpenEP
 .text.USBD_LL_CloseEP
                0x080118da       0x3e ./USB_DEVICE/Target/usbd_conf.o
                0x080118da                USBD_LL_CloseEP
 .text.USBD_LL_StallEP
                0x08011918       0x3e ./USB_DEVICE/Target/usbd_conf.o
                0x08011918                USBD_LL_StallEP
 .text.USBD_LL_ClearStallEP
                0x08011956       0x3e ./USB_DEVICE/Target/usbd_conf.o
                0x08011956                USBD_LL_ClearStallEP
 .text.USBD_LL_IsStallEP
                0x08011994       0x58 ./USB_DEVICE/Target/usbd_conf.o
                0x08011994                USBD_LL_IsStallEP
 .text.USBD_LL_SetUSBAddress
                0x080119ec       0x3e ./USB_DEVICE/Target/usbd_conf.o
                0x080119ec                USBD_LL_SetUSBAddress
 .text.USBD_LL_Transmit
                0x08011a2a       0x42 ./USB_DEVICE/Target/usbd_conf.o
                0x08011a2a                USBD_LL_Transmit
 .text.USBD_LL_PrepareReceive
                0x08011a6c       0x42 ./USB_DEVICE/Target/usbd_conf.o
                0x08011a6c                USBD_LL_PrepareReceive
 .text.USBD_LL_GetRxDataSize
                0x08011aae       0x26 ./USB_DEVICE/Target/usbd_conf.o
                0x08011aae                USBD_LL_GetRxDataSize
 .text.USBD_static_malloc
                0x08011ad4       0x1c ./USB_DEVICE/Target/usbd_conf.o
                0x08011ad4                USBD_static_malloc
 .text.USBD_static_free
                0x08011af0       0x14 ./USB_DEVICE/Target/usbd_conf.o
                0x08011af0                USBD_static_free
 .text.USBD_Get_USB_Status
                0x08011b04       0x58 ./USB_DEVICE/Target/usbd_conf.o
                0x08011b04                USBD_Get_USB_Status
 .text.snprintf
                0x08011b5c       0x6c C:/ST/STM32CubeIDE_1.19.0/STM32CubeIDE/plugins/com.st.stm32cube.ide.mcu.externaltools.gnu-tools-for-stm32.13.3.rel1.win32_1.0.0.202411081344/tools/bin/../lib/gcc/arm-none-eabi/13.3.1/../../../../arm-none-eabi/lib/thumb/v7e-m+fp/hard\libc_nano.a(libc_a-snprintf.o)
                0x08011b5c                sniprintf
                0x08011b5c                snprintf
 .text.sscanf   0x08011bc8       0x58 C:/ST/STM32CubeIDE_1.19.0/STM32CubeIDE/plugins/com.st.stm32cube.ide.mcu.externaltools.gnu-tools-for-stm32.13.3.rel1.win32_1.0.0.202411081344/tools/bin/../lib/gcc/arm-none-eabi/13.3.1/../../../../arm-none-eabi/lib/thumb/v7e-m+fp/hard\libc_nano.a(libc_a-sscanf.o)
                0x08011bc8                siscanf
                0x08011bc8                sscanf
 .text.__seofread
                0x08011c20        0x4 C:/ST/STM32CubeIDE_1.19.0/STM32CubeIDE/plugins/com.st.stm32cube.ide.mcu.externaltools.gnu-tools-for-stm32.13.3.rel1.win32_1.0.0.202411081344/tools/bin/../lib/gcc/arm-none-eabi/13.3.1/../../../../arm-none-eabi/lib/thumb/v7e-m+fp/hard\libc_nano.a(libc_a-stdio.o)
                0x08011c20                __seofread
 .text.memset   0x08011c24       0x10 C:/ST/STM32CubeIDE_1.19.0/STM32CubeIDE/plugins/com.st.stm32cube.ide.mcu.externaltools.gnu-tools-for-stm32.13.3.rel1.win32_1.0.0.202411081344/tools/bin/../lib/gcc/arm-none-eabi/13.3.1/../../../../arm-none-eabi/lib/thumb/v7e-m+fp/hard\libc_nano.a(libc_a-memset.o)
                0x08011c24                memset
 .text.strncmp  0x08011c34       0x24 C:/ST/STM32CubeIDE_1.19.0/STM32CubeIDE/plugins/com.st.stm32cube.ide.mcu.externaltools.gnu-tools-for-stm32.13.3.rel1.win32_1.0.0.202411081344/tools/bin/../lib/gcc/arm-none-eabi/13.3.1/../../../../arm-none-eabi/lib/thumb/v7e-m+fp/hard\libc_nano.a(libc_a-strncmp.o)
                0x08011c34                strncmp
 .text.strncpy  0x08011c58       0x26 C:/ST/STM32CubeIDE_1.19.0/STM32CubeIDE/plugins/com.st.stm32cube.ide.mcu.externaltools.gnu-tools-for-stm32.13.3.rel1.win32_1.0.0.202411081344/tools/bin/../lib/gcc/arm-none-eabi/13.3.1/../../../../arm-none-eabi/lib/thumb/v7e-m+fp/hard\libc_nano.a(libc_a-strncpy.o)
                0x08011c58                strncpy
 *fill*         0x08011c7e        0x2 
 .text._reclaim_reent
                0x08011c80       0xbc C:/ST/STM32CubeIDE_1.19.0/STM32CubeIDE/plugins/com.st.stm32cube.ide.mcu.externaltools.gnu-tools-for-stm32.13.3.rel1.win32_1.0.0.202411081344/tools/bin/../lib/gcc/arm-none-eabi/13.3.1/../../../../arm-none-eabi/lib/thumb/v7e-m+fp/hard\libc_nano.a(libc_a-reent.o)
                0x08011c80                _reclaim_reent
 .text.__errno  0x08011d3c        0xc C:/ST/STM32CubeIDE_1.19.0/STM32CubeIDE/plugins/com.st.stm32cube.ide.mcu.externaltools.gnu-tools-for-stm32.13.3.rel1.win32_1.0.0.202411081344/tools/bin/../lib/gcc/arm-none-eabi/13.3.1/../../../../arm-none-eabi/lib/thumb/v7e-m+fp/hard\libc_nano.a(libc_a-errno.o)
                0x08011d3c                __errno
 .text.__libc_init_array
                0x08011d48       0x48 C:/ST/STM32CubeIDE_1.19.0/STM32CubeIDE/plugins/com.st.stm32cube.ide.mcu.externaltools.gnu-tools-for-stm32.13.3.rel1.win32_1.0.0.202411081344/tools/bin/../lib/gcc/arm-none-eabi/13.3.1/../../../../arm-none-eabi/lib/thumb/v7e-m+fp/hard\libc_nano.a(libc_a-init.o)
                0x08011d48                __libc_init_array
 .text.__retarget_lock_acquire_recursive
                0x08011d90        0x2 C:/ST/STM32CubeIDE_1.19.0/STM32CubeIDE/plugins/com.st.stm32cube.ide.mcu.externaltools.gnu-tools-for-stm32.13.3.rel1.win32_1.0.0.202411081344/tools/bin/../lib/gcc/arm-none-eabi/13.3.1/../../../../arm-none-eabi/lib/thumb/v7e-m+fp/hard\libc_nano.a(libc_a-lock.o)
                0x08011d90                __retarget_lock_acquire_recursive
 .text.__retarget_lock_release_recursive
                0x08011d92        0x2 C:/ST/STM32CubeIDE_1.19.0/STM32CubeIDE/plugins/com.st.stm32cube.ide.mcu.externaltools.gnu-tools-for-stm32.13.3.rel1.win32_1.0.0.202411081344/tools/bin/../lib/gcc/arm-none-eabi/13.3.1/../../../../arm-none-eabi/lib/thumb/v7e-m+fp/hard\libc_nano.a(libc_a-lock.o)
                0x08011d92                __retarget_lock_release_recursive