../App/Src/vehicle_control.c:133:16:clamp100	16	static
../App/Src/vehicle_control.c:140:13:VehicleControl_ResetAutoState	4	static
../App/Src/vehicle_control.c:157:13:MotorCommand_Clear	16	static
../App/Src/vehicle_control.c:175:24:VehicleControl_ModeToState	16	static
../App/Src/vehicle_control.c:194:13:VehicleControl_UpdateAutoEnable	16	static
../App/Src/vehicle_control.c:243:13:BuildIdleMotorCommand	16	static
../App/Src/vehicle_control.c:254:13:BuildManualMotorCommand	16	static
../App/Src/vehicle_control.c:300:13:BuildLineFollowMotorCommand	16	static
../App/Src/vehicle_control.c:350:13:BuildObstacleAvoidMotorCommand	16	static
../App/Src/vehicle_control.c:408:13:BuildDiagnosticMotorCommand	16	static
../App/Src/vehicle_control.c:417:13:BuildFailsafeMotorCommand	16	static
../App/Src/vehicle_control.c:427:6:VehicleControl_Init	8	static
../App/Src/vehicle_control.c:452:16:VehicleControl_ComputeChecksum	24	static
../App/Src/vehicle_control.c:495:6:VehicleControl_ParseFrame	96	static
../App/Src/vehicle_control.c:566:6:VehicleControl_ProcessCommand	24	static
../App/Src/vehicle_control.c:583:6:VehicleControl_OnTimeout	8	static
../App/Src/vehicle_control.c:590:6:VehicleControl_GetMotorCommand	16	static
../App/Src/vehicle_control.c:630:17:VehicleControl_GetState	4	static
../App/Src/vehicle_control.c:635:6:VehicleControl_GetLastCommand	24	static
../App/Src/vehicle_control.c:643:6:VehicleControl_SetProximityData	16	static
../App/Src/vehicle_control.c:652:6:VehicleControl_SetLineState	16	static
../App/Src/vehicle_control.c:661:6:VehicleControl_SetLineError	16	static
../App/Src/vehicle_control.c:670:6:VehicleControl_IsLineFollowEnabled	4	static
../App/Src/vehicle_control.c:675:6:VehicleControl_IsObstacleAvoidEnabled	4	static
