../App/Src/vehicle_control.c:133:16:clamp100	16	static
../App/Src/vehicle_control.c:140:13:VehicleControl_ResetAutoState	4	static
../App/Src/vehicle_control.c:157:13:MotorCommand_Clear	16	static
../App/Src/vehicle_control.c:175:24:VehicleControl_ModeToState	16	static
../App/Src/vehicle_control.c:194:13:VehicleControl_UpdateAutoEnable	16	static
../App/Src/vehicle_control.c:243:13:BuildIdleMotorCommand	16	static
../App/Src/vehicle_control.c:254:13:BuildManualMotorCommand	16	static
../App/Src/vehicle_control.c:286:13:BuildLineFollowMotorCommand	16	static
../App/Src/vehicle_control.c:336:13:BuildObstacleAvoidMotorCommand	16	static
../App/Src/vehicle_control.c:394:13:BuildDiagnosticMotorCommand	16	static
../App/Src/vehicle_control.c:403:13:BuildFailsafeMotorCommand	16	static
../App/Src/vehicle_control.c:413:6:VehicleControl_Init	8	static
../App/Src/vehicle_control.c:438:16:VehicleControl_ComputeChecksum	24	static
../App/Src/vehicle_control.c:481:6:VehicleControl_ParseFrame	96	static
../App/Src/vehicle_control.c:552:6:VehicleControl_ProcessCommand	24	static
../App/Src/vehicle_control.c:569:6:VehicleControl_OnTimeout	8	static
../App/Src/vehicle_control.c:576:6:VehicleControl_GetMotorCommand	16	static
../App/Src/vehicle_control.c:616:17:VehicleControl_GetState	4	static
../App/Src/vehicle_control.c:621:6:VehicleControl_GetLastCommand	24	static
../App/Src/vehicle_control.c:629:6:VehicleControl_SetProximityData	16	static
../App/Src/vehicle_control.c:638:6:VehicleControl_SetLineState	16	static
../App/Src/vehicle_control.c:647:6:VehicleControl_SetLineError	16	static
../App/Src/vehicle_control.c:656:6:VehicleControl_IsLineFollowEnabled	4	static
../App/Src/vehicle_control.c:661:6:VehicleControl_IsObstacleAvoidEnabled	4	static
