../App/Src/vehicle_control.c:133:16:clamp100	16	static
../App/Src/vehicle_control.c:140:13:VehicleControl_ResetAutoState	4	static
../App/Src/vehicle_control.c:157:13:MotorCommand_Clear	16	static
../App/Src/vehicle_control.c:175:24:VehicleControl_ModeToState	16	static
../App/Src/vehicle_control.c:194:13:VehicleControl_UpdateAutoEnable	16	static
../App/Src/vehicle_control.c:243:13:BuildIdleMotorCommand	16	static
../App/Src/vehicle_control.c:254:13:BuildManualMotorCommand	24	static
../App/Src/vehicle_control.c:308:13:BuildLineFollowMotorCommand	16	static
../App/Src/vehicle_control.c:358:13:BuildObstacleAvoidMotorCommand	16	static
../App/Src/vehicle_control.c:416:13:BuildDiagnosticMotorCommand	16	static
../App/Src/vehicle_control.c:425:13:BuildFailsafeMotorCommand	16	static
../App/Src/vehicle_control.c:435:6:VehicleControl_Init	8	static
../App/Src/vehicle_control.c:460:16:VehicleControl_ComputeChecksum	24	static
../App/Src/vehicle_control.c:503:6:VehicleControl_ParseFrame	96	static
../App/Src/vehicle_control.c:574:6:VehicleControl_ProcessCommand	24	static
../App/Src/vehicle_control.c:591:6:VehicleControl_OnTimeout	8	static
../App/Src/vehicle_control.c:598:6:VehicleControl_GetMotorCommand	16	static
../App/Src/vehicle_control.c:638:17:VehicleControl_GetState	4	static
../App/Src/vehicle_control.c:643:6:VehicleControl_GetLastCommand	24	static
../App/Src/vehicle_control.c:651:6:VehicleControl_SetProximityData	16	static
../App/Src/vehicle_control.c:660:6:VehicleControl_SetLineState	16	static
../App/Src/vehicle_control.c:669:6:VehicleControl_SetLineError	16	static
../App/Src/vehicle_control.c:678:6:VehicleControl_IsLineFollowEnabled	4	static
../App/Src/vehicle_control.c:683:6:VehicleControl_IsObstacleAvoidEnabled	4	static
