../App/Src/vehicle_tasks.c:129:21:DecodeLineState	24	static
../App/Src/vehicle_tasks.c:169:17:SharpRawToMilliVolts	16	static
../App/Src/vehicle_tasks.c:185:13:ReadBothSharpRaw	16	static
../App/Src/vehicle_tasks.c:224:13:PublishMotorCommand	16	static
../App/Src/vehicle_tasks.c:238:13:ApplyDiagnosticMotorCommand	64	static
../App/Src/vehicle_tasks.c:275:13:UpdateDiagnosticLeds	64	static
../App/Src/vehicle_tasks.c:293:13:IsAutoControlState	16	static
../App/Src/vehicle_tasks.c:308:13:HandleBluetoothFrameEvent	32	static
../App/Src/vehicle_tasks.c:336:13:HandleBluetoothTimeout	32	static
../App/Src/vehicle_tasks.c:363:13:Task_BluetoothRx	248	static
../App/Src/vehicle_tasks.c:392:13:Task_MainController	88	static
../App/Src/vehicle_tasks.c:451:13:Task_MotorControl	32	static
../App/Src/vehicle_tasks.c:479:13:Task_Display	160	static
../App/Src/vehicle_tasks.c:580:13:Task_LineSensor	24	static
../App/Src/vehicle_tasks.c:625:13:Task_ProximitySensors	64	static
../App/Src/vehicle_tasks.c:702:6:VehicleTasks_Create	56	static,ignoring_inline_asm
