..\App\Src\vehicle_diagnostic.c:62:13:RisingEdge	16	static
..\App\Src\vehicle_diagnostic.c:67:16:GetMenuItemCount	16	static
..\App\Src\vehicle_diagnostic.c:80:13:ReturnToRoot	4	static
..\App\Src\vehicle_diagnostic.c:87:13:ReturnToSensors	4	static
..\App\Src\vehicle_diagnostic.c:94:13:ReturnToMotorList	4	static
..\App\Src\vehicle_diagnostic.c:101:13:ReturnToLedList	4	static
..\App\Src\vehicle_diagnostic.c:109:13:HandleUpButton	4	static
..\App\Src\vehicle_diagnostic.c:132:13:HandleDownButton	16	static
..\App\Src\vehicle_diagnostic.c:159:13:HandleLeftButton	8	static
..\App\Src\vehicle_diagnostic.c:236:13:HandleEnterButton	16	static
..\App\Src\vehicle_diagnostic.c:364:13:HandleStopButton	8	static
..\App\Src\vehicle_diagnostic.c:396:6:VehicleDiagnostic_Init	8	static
..\App\Src\vehicle_diagnostic.c:406:6:VehicleDiagnostic_GetContext	24	static
..\App\Src\vehicle_diagnostic.c:415:6:VehicleDiagnostic_ProcessCommand	24	static
..\App\Src\vehicle_diagnostic.c:457:6:VehicleDiagnostic_GetSelectedMotor	16	static
