../App/Src/vehicle_status_led.c:20:13:Led_AllOff	8	static
../App/Src/vehicle_status_led.c:25:13:Led_GreenOn	8	static
../App/Src/vehicle_status_led.c:30:13:Led_GreenOff	8	static
../App/Src/vehicle_status_led.c:35:13:Led_RedOn	8	static
../App/Src/vehicle_status_led.c:40:13:Led_RedOff	8	static
../App/Src/vehicle_status_led.c:45:13:Led_BlueOn	8	static
../App/Src/vehicle_status_led.c:50:13:Led_BlueOff	8	static
../App/Src/vehicle_status_led.c:55:13:Led_OrangeOn	8	static
../App/Src/vehicle_status_led.c:60:13:Led_OrangeOff	8	static
../App/Src/vehicle_status_led.c:65:6:VehicleStatusLed_Init	4	static
../App/Src/vehicle_status_led.c:71:6:VehicleStatusLed_SetBtState	16	static
../App/Src/vehicle_status_led.c:76:6:VehicleStatusLed_SetVehicleState	16	static
../App/Src/vehicle_status_led.c:81:6:VehicleStatusLed_SetGreen	16	static
../App/Src/vehicle_status_led.c:86:6:VehicleStatusLed_SetBlue	16	static
../App/Src/vehicle_status_led.c:91:6:VehicleStatusLed_SetRed	16	static
../App/Src/vehicle_status_led.c:96:6:VehicleStatusLed_SetOrange	16	static
../App/Src/vehicle_status_led.c:102:6:Task_StatusLED	88	static
