..\Core\Src\main.c:98:5:main	8	static
..\Core\Src\main.c:199:6:SystemClock_Config	88	static
..\Core\Src\main.c:245:13:MX_ADC1_Init	24	static
..\Core\Src\main.c:306:13:MX_I2C1_Init	8	static
..\Core\Src\main.c:340:13:MX_I2C3_Init	8	static
..\Core\Src\main.c:374:13:MX_I2S3_Init	8	static
..\Core\Src\main.c:408:13:MX_TIM5_Init	32	static
..\Core\Src\main.c:453:13:MX_USART2_UART_Init	8	static
..\Core\Src\main.c:486:13:MX_GPIO_Init	56	static
..\Core\Src\main.c:616:6:HAL_UART_RxCpltCallback	16	static
..\Core\Src\main.c:624:6:HAL_UART_ErrorCallback	16	static
..\Core\Src\main.c:632:6:HAL_GPIO_EXTI_Callback	16	static
..\Core\Src\main.c:646:6:StartDefaultTask	16	static
..\Core\Src\main.c:667:6:HAL_TIM_PeriodElapsedCallback	16	static
..\Core\Src\main.c:685:6:Error_Handler	4	static,ignoring_inline_asm
